
Running 3 tests using 1 worker

(node:38804) Warning: The 'NO_COLOR' env is ignored due to the 'FORCE_COLOR' env being set.
(Use `node --trace-warnings ...` to show where the warning was created)
(node:38804) Warning: The 'NO_COLOR' env is ignored due to the 'FORCE_COLOR' env being set.
(Use `node --trace-warnings ...` to show where the warning was created)
  x  1 [chromium] › tests\e2e\class-colors.spec.ts:12:1 › class colors persist per file and repaint both workflows without changing labels (20.2s)
(node:12200) Warning: The 'NO_COLOR' env is ignored due to the 'FORCE_COLOR' env being set.
(Use `node --trace-warnings ...` to show where the warning was created)
(node:12200) Warning: The 'NO_COLOR' env is ignored due to the 'FORCE_COLOR' env being set.
(Use `node --trace-warnings ...` to show where the warning was created)
  ok 2 [chromium] › tests\e2e\class-file-profile.spec.ts:4:3 › Annotate: Class Info profile creates, edits and shares a class file across tabs (7.6s)
  ok 3 [chromium] › tests\e2e\class-file-profile.spec.ts:4:3 › Inference: Class Info profile creates, edits and shares a class file across tabs (8.5s)


  1) [chromium] › tests\e2e\class-colors.spec.ts:12:1 › class colors persist per file and repaint both workflows without changing labels

    Error: [2mexpect([22m[31mlocator[39m[2m).[22mtoHaveValue[2m([22m[32mexpected[39m[2m)[22m failed

    Locator:  locator('#classFileEditorBody tr').last().locator('.class-color-input')
    Expected: [32m"#[7m123456[27m"[39m
    Received: [31m"#[7m9a6324[27m"[39m
    Timeout:  10000ms

    Call log:
    [2m  - Expect "toHaveValue" with timeout 10000ms[22m
    [2m  - waiting for locator('#classFileEditorBody tr').last().locator('.class-color-input')[22m
    [2m    14 × locator resolved to <input type="color" data-class-id="12" data-ui="class-file-color" title="Change color for class 12" aria-label="Change color for class 12" class="form-control form-control-color class-color-input"/>[22m
    [2m       - unexpected value "#9a6324"[22m


      61 |   const rowIndex = await page.locator("#classFileEditorBody .class-id-input").evaluateAll((inputs, id) => inputs.findIndex((input) => (input as HTMLInputElement).value === id), classId);
      62 |   const editorColor = page.locator("#classFileEditorBody tr").nth(rowIndex).locator(".class-color-input");
    > 63 |   await expect(editorColor).toHaveValue("#123456");
         |                             ^
      64 |   await changeColor(editorColor, "#abcdef");
      65 |   await page.locator("#classFileViewerModal .modal-header .btn-close").click();
      66 |   await expect(detectionColor).toHaveValue("#123456");
        at C:\Git\easy_labeling\tests\e2e\class-colors.spec.ts:63:29

    Error Context: test-results\class-colors-class-colors--9209f-ows-without-changing-labels-chromium\error-context.md

  1 failed
    [chromium] › tests\e2e\class-colors.spec.ts:12:1 › class colors persist per file and repaint both workflows without changing labels
  2 passed (38.7s)
