
[1A[2K[WebServer] (node:18848) Warning: The 'NO_COLOR' env is ignored due to the 'FORCE_COLOR' env being set.
[WebServer] (Use `node --trace-warnings ...` to show where the warning was created)

Running 6 tests using 1 worker



[1A[2K(node:34380) Warning: The 'NO_COLOR' env is ignored due to the 'FORCE_COLOR' env being set.
(Use `node --trace-warnings ...` to show where the warning was created)


[1A[2K(node:34380) Warning: The 'NO_COLOR' env is ignored due to the 'FORCE_COLOR' env being set.
(Use `node --trace-warnings ...` to show where the warning was created)
[1A[2K[1/6] [chromium] › tests\e2e\alignment-history.spec.ts:61:1 › arrange/history: align-left, undo/redo, distribute, delete, undo-delete
[1A[2K  1) [chromium] › tests\e2e\alignment-history.spec.ts:61:1 › arrange/history: align-left, undo/redo, distribute, delete, undo-delete

    Error: [2mexpect([22m[31mlocator[39m[2m).[22mtoBeHidden[2m([22m[2m)[22m failed

    Locator:  locator('#loading-overlay')
    Expected: hidden
    Received: visible
    Timeout:  45000ms

    Call log:
    [2m  - Expect "toBeHidden" with timeout 45000ms[22m
    [2m  - waiting for locator('#loading-overlay')[22m
    [2m    48 × locator resolved to <div role="status" aria-live="polite" aria-hidden="false" id="loading-overlay" class="loading-overlay show">…</div>[22m
    [2m       - unexpected value "visible"[22m


      167 |   await page.goto("/index.html", { waitUntil: "domcontentloaded" });
      168 |   await expect.poll(() => page.evaluate(() => Boolean(Reflect.get(window, "__easyLabelingTestApi")))).toBe(true);
    > 169 |   await expect(page.locator("#loading-overlay")).toBeHidden({ timeout: 45_000 });
          |                                                  ^
      170 |   await page.locator("#emptyOpenDatasetBtn").click();
      171 |
      172 |   await expect.poll(async () => (await readSnapshot(page)).rectCount).toBe(3);
        at C:\Git\easy_labeling\tests\e2e\alignment-history.spec.ts:169:50

    Error Context: test-results\alignment-history-arrange--ffd1f-stribute-delete-undo-delete-chromium\error-context.md




[1A[2K(node:4044) Warning: The 'NO_COLOR' env is ignored due to the 'FORCE_COLOR' env being set.
(Use `node --trace-warnings ...` to show where the warning was created)


[1A[2K(node:4044) Warning: The 'NO_COLOR' env is ignored due to the 'FORCE_COLOR' env being set.
(Use `node --trace-warnings ...` to show where the warning was created)
[1A[2K[2/6] [chromium] › tests\e2e\alignment-history.spec.ts:295:1 › arrange/history: class-group selection restores exact geometry after align-left undo
[1A[2K[3/6] [chromium] › tests\e2e\detection-bulk-operation.spec.ts:3:1 › shows progress while pasting 5,000 detection boxes and keeps the result undoable
[1A[2K[4/6] [chromium] › tests\e2e\detection-clipboard.spec.ts:28:3 › pastes 1 detection boxes at the cursor and preserves the editable selection
[1A[2K  2) [chromium] › tests\e2e\detection-clipboard.spec.ts:28:3 › pastes 1 detection boxes at the cursor and preserves the editable selection

    Error: [2mexpect([22m[31mreceived[39m[2m).[22mnot[2m.[22mtoBeNull[2m()[22m

    Received: [31mnull[39m

      100 |       expectSameRects(redone.rects, after.rects);
      101 |       expect(redone.selectedIds.sort()).toEqual(after.selectedIds.sort());
    > 102 |       if (count > 1) expect(redone.selection).not.toBeNull();
          |                                    ^
      103 |       if (iteration === 0) {
      104 |         const selected = redone.rects.filter((rect) => redone.selectedIds.includes(rect.annotationId));
      105 |         const box = selected[0]!;
        at C:\Git\easy_labeling\tests\e2e\detection-clipboard.spec.ts:102:36

    Error Context: test-results\detection-clipboard-pastes-9dc3a-rves-the-editable-selection-chromium\error-context.md




[1A[2K(node:57684) Warning: The 'NO_COLOR' env is ignored due to the 'FORCE_COLOR' env being set.
(Use `node --trace-warnings ...` to show where the warning was created)

[1A[2K(node:57684) Warning: The 'NO_COLOR' env is ignored due to the 'FORCE_COLOR' env being set.
(Use `node --trace-warnings ...` to show where the warning was created)

[1A[2K[5/6] [chromium] › tests\e2e\detection-clipboard.spec.ts:28:3 › pastes 2 detection boxes at the cursor and preserves the editable selection
[1A[2K  3) [chromium] › tests\e2e\detection-clipboard.spec.ts:28:3 › pastes 2 detection boxes at the cursor and preserves the editable selection

    Error: [2mexpect([22m[31mreceived[39m[2m).[22mtoBeCloseTo[2m([22m[32mexpected[39m[2m, [22mprecision[2m)[22m

    Expected: [32m649.9052016004924[39m
    Received: [31m660.2830101569712[39m

    Expected precision:    4
    Expected difference: < [32m0.00005[39m
    Received difference:   [31m10.377808556478726[39m

      20 |     expect(restored).toBeDefined();
      21 |     for (const key of ["left", "top", "width", "height"] as const) {
    > 22 |       expect(restored[key]).toBeCloseTo(rect[key], 4);
         |                             ^
      23 |     }
      24 |   });
      25 | }
        at forEach (C:\Git\easy_labeling\tests\e2e\detection-clipboard.spec.ts:22:29)
        at expectSameRects (C:\Git\easy_labeling\tests\e2e\detection-clipboard.spec.ts:18:12)
        at C:\Git\easy_labeling\tests\e2e\detection-clipboard.spec.ts:114:9

    Error Context: test-results\detection-clipboard-pastes-4371d-rves-the-editable-selection-chromium\error-context.md




[1A[2K(node:56704) Warning: The 'NO_COLOR' env is ignored due to the 'FORCE_COLOR' env being set.
(Use `node --trace-warnings ...` to show where the warning was created)


[1A[2K(node:56704) Warning: The 'NO_COLOR' env is ignored due to the 'FORCE_COLOR' env being set.
(Use `node --trace-warnings ...` to show where the warning was created)
[1A[2K[6/6] [chromium] › tests\e2e\detection-clipboard.spec.ts:28:3 › pastes 601 detection boxes at the cursor and preserves the editable selection
[1A[2K  3 failed
    [chromium] › tests\e2e\alignment-history.spec.ts:61:1 › arrange/history: align-left, undo/redo, distribute, delete, undo-delete
    [chromium] › tests\e2e\detection-clipboard.spec.ts:28:3 › pastes 1 detection boxes at the cursor and preserves the editable selection
    [chromium] › tests\e2e\detection-clipboard.spec.ts:28:3 › pastes 2 detection boxes at the cursor and preserves the editable selection
  3 passed (3.7m)
