
[1A[2K[WebServer] (node:49664) Warning: The 'NO_COLOR' env is ignored due to the 'FORCE_COLOR' env being set.
[WebServer] (Use `node --trace-warnings ...` to show where the warning was created)

Running 3 tests using 1 worker



[1A[2K(node:58436) Warning: The 'NO_COLOR' env is ignored due to the 'FORCE_COLOR' env being set.
(Use `node --trace-warnings ...` to show where the warning was created)


[1A[2K(node:58436) Warning: The 'NO_COLOR' env is ignored due to the 'FORCE_COLOR' env being set.
(Use `node --trace-warnings ...` to show where the warning was created)
[1A[2K[1/3] [chromium] › tests\e2e\detection-clipboard.spec.ts:16:3 › pastes 1 detection boxes at the cursor and preserves the editable selection
[1A[2K  1) [chromium] › tests\e2e\detection-clipboard.spec.ts:16:3 › pastes 1 detection boxes at the cursor and preserves the editable selection

    Error: [2mexpect([22m[31mreceived[39m[2m).[22mtoEqual[2m([22m[32mexpected[39m[2m) // deep equality[22m

    [32m- Expected  - 4[39m
    [31m+ Received  + 4[39m

    [33m@@ -5408,13 +5408,13 @@[39m
    [2m      "top": 42,[22m
    [2m      "width": 7,[22m
    [2m    },[22m
    [2m    Object {[22m
    [2m      "annotationId": "0830ffa1-72e3-4093-967b-a05007da570a",[22m
    [32m-     "bottom": 437.1134195136966,[39m
    [31m+     "bottom": 3.5,[39m
    [2m      "height": 7,[22m
    [32m-     "left": 635.5386272699292,[39m
    [32m-     "right": 642.5386272699292,[39m
    [32m-     "top": 430.1134195136966,[39m
    [31m+     "left": -3.5,[39m
    [31m+     "right": 3.5,[39m
    [31m+     "top": -3.5,[39m
    [2m      "width": 7,[22m
    [2m    },[22m
    [2m  ][22m

      86 |       await expect.poll(async () => (await snapshot(page)).rects.length).toBe(after.rects.length);
      87 |       const redone = await snapshot(page);
    > 88 |       expect(redone.rects).toEqual(after.rects);
         |                            ^
      89 |       expect(redone.selectedIds.sort()).toEqual(after.selectedIds.sort());
      90 |       expect(redone.selection).not.toBeNull();
      91 |     }
        at C:\Git\easy_labeling\tests\e2e\detection-clipboard.spec.ts:88:28

    Error Context: test-results\detection-clipboard-pastes-9dc3a-rves-the-editable-selection-chromium\error-context.md



[1A[2K(node:56088) Warning: The 'NO_COLOR' env is ignored due to the 'FORCE_COLOR' env being set.
(Use `node --trace-warnings ...` to show where the warning was created)



[1A[2K(node:56088) Warning: The 'NO_COLOR' env is ignored due to the 'FORCE_COLOR' env being set.
(Use `node --trace-warnings ...` to show where the warning was created)
[1A[2K[2/3] [chromium] › tests\e2e\detection-clipboard.spec.ts:16:3 › pastes 2 detection boxes at the cursor and preserves the editable selection
[1A[2K  2) [chromium] › tests\e2e\detection-clipboard.spec.ts:16:3 › pastes 2 detection boxes at the cursor and preserves the editable selection

    Error: [2mexpect([22m[31mreceived[39m[2m).[22mtoBeLessThan[2m([22m[32mexpected[39m[2m)[22m

    Expected: < [32m1[39m
    Received:   [31m202.66577355229043[39m

      66 |       const bottom = Math.max(...pasted.map((rect) => rect.top + rect.height));
      67 |       // Native mouse events round screen coordinates to whole pixels.
    > 68 |       expect.soft(Math.abs((left + right) / 2 - target.x) * before.viewport[0]!).toBeLessThan(1);
         |                                                                                  ^
      69 |       expect.soft(Math.abs((top + bottom) / 2 - target.y) * before.viewport[3]!).toBeLessThan(1);
      70 |       expect(after.selectedIds.sort()).toEqual(pasted.map((rect) => rect.annotationId).sort());
      71 |       expect(after.selection).not.toBeNull();
        at C:\Git\easy_labeling\tests\e2e\detection-clipboard.spec.ts:68:82

    Error: [2mexpect([22m[31mreceived[39m[2m).[22mtoBeLessThan[2m([22m[32mexpected[39m[2m)[22m

    Expected: < [32m1[39m
    Received:   [31m6.097061365600641[39m

      67 |       // Native mouse events round screen coordinates to whole pixels.
      68 |       expect.soft(Math.abs((left + right) / 2 - target.x) * before.viewport[0]!).toBeLessThan(1);
    > 69 |       expect.soft(Math.abs((top + bottom) / 2 - target.y) * before.viewport[3]!).toBeLessThan(1);
         |                                                                                  ^
      70 |       expect(after.selectedIds.sort()).toEqual(pasted.map((rect) => rect.annotationId).sort());
      71 |       expect(after.selection).not.toBeNull();
      72 |       expect(after.rects.slice(0, before.rects.length)).toEqual(before.rects);
        at C:\Git\easy_labeling\tests\e2e\detection-clipboard.spec.ts:69:82

    Error: [2mexpect([22m[31mreceived[39m[2m).[22mtoEqual[2m([22m[32mexpected[39m[2m) // deep equality[22m

    [32m- Expected  - 10[39m
    [31m+ Received  + 10[39m

    [33m@@ -5407,23 +5407,23 @@[39m
    [2m      "right": 7,[22m
    [2m      "top": 42,[22m
    [2m      "width": 7,[22m
    [2m    },[22m
    [2m    Object {[22m
    [32m-     "annotationId": "ea8becca-edf6-41cf-ad2e-2d18f7add029",[39m
    [32m-     "bottom": 426.6134195136966,[39m
    [31m+     "annotationId": "6245c50a-102f-429c-935f-02e0bf66ef21",[39m
    [31m+     "bottom": 3.5,[39m
    [2m      "height": 7,[22m
    [32m-     "left": 268.0386272699292,[39m
    [32m-     "right": 275.0386272699292,[39m
    [32m-     "top": 419.6134195136966,[39m
    [31m+     "left": 3.5,[39m
    [31m+     "right": 10.5,[39m
    [31m+     "top": -3.5,[39m
    [2m      "width": 7,[22m
    [2m    },[22m
    [2m    Object {[22m
    [32m-     "annotationId": "6245c50a-102f-429c-935f-02e0bf66ef21",[39m
    [32m-     "bottom": 426.6134195136966,[39m
    [31m+     "annotationId": "ea8becca-edf6-41cf-ad2e-2d18f7add029",[39m
    [31m+     "bottom": 3.5,[39m
    [2m      "height": 7,[22m
    [32m-     "left": 282.0386272699292,[39m
    [32m-     "right": 289.0386272699292,[39m
    [32m-     "top": 419.6134195136966,[39m
    [31m+     "left": -10.5,[39m
    [31m+     "right": -3.5,[39m
    [31m+     "top": -3.5,[39m
    [2m      "width": 7,[22m
    [2m    },[22m
    [2m  ][22m

      86 |       await expect.poll(async () => (await snapshot(page)).rects.length).toBe(after.rects.length);
      87 |       const redone = await snapshot(page);
    > 88 |       expect(redone.rects).toEqual(after.rects);
         |                            ^
      89 |       expect(redone.selectedIds.sort()).toEqual(after.selectedIds.sort());
      90 |       expect(redone.selection).not.toBeNull();
      91 |     }
        at C:\Git\easy_labeling\tests\e2e\detection-clipboard.spec.ts:88:28

    Error Context: test-results\detection-clipboard-pastes-4371d-rves-the-editable-selection-chromium\error-context.md




[1A[2K(node:33588) Warning: The 'NO_COLOR' env is ignored due to the 'FORCE_COLOR' env being set.
(Use `node --trace-warnings ...` to show where the warning was created)


[1A[2K(node:33588) Warning: The 'NO_COLOR' env is ignored due to the 'FORCE_COLOR' env being set.
(Use `node --trace-warnings ...` to show where the warning was created)
[1A[2K[3/3] [chromium] › tests\e2e\detection-clipboard.spec.ts:16:3 › pastes 601 detection boxes at the cursor and preserves the editable selection
[1A[2K  3) [chromium] › tests\e2e\detection-clipboard.spec.ts:16:3 › pastes 601 detection boxes at the cursor and preserves the editable selection

    Error: [2mexpect([22m[31mreceived[39m[2m).[22mtoBeLessThan[2m([22m[32mexpected[39m[2m)[22m

    Expected: < [32m1[39m
    Received:   [31m196.76871218668973[39m

      66 |       const bottom = Math.max(...pasted.map((rect) => rect.top + rect.height));
      67 |       // Native mouse events round screen coordinates to whole pixels.
    > 68 |       expect.soft(Math.abs((left + right) / 2 - target.x) * before.viewport[0]!).toBeLessThan(1);
         |                                                                                  ^
      69 |       expect.soft(Math.abs((top + bottom) / 2 - target.y) * before.viewport[3]!).toBeLessThan(1);
      70 |       expect(after.selectedIds.sort()).toEqual(pasted.map((rect) => rect.annotationId).sort());
      71 |       expect(after.selection).not.toBeNull();
        at C:\Git\easy_labeling\tests\e2e\detection-clipboard.spec.ts:68:82

    Error: [2mexpect([22m[31mreceived[39m[2m).[22mtoBeLessThan[2m([22m[32mexpected[39m[2m)[22m

    Expected: < [32m1[39m
    Received:   [31m13.95980985306823[39m

      67 |       // Native mouse events round screen coordinates to whole pixels.
      68 |       expect.soft(Math.abs((left + right) / 2 - target.x) * before.viewport[0]!).toBeLessThan(1);
    > 69 |       expect.soft(Math.abs((top + bottom) / 2 - target.y) * before.viewport[3]!).toBeLessThan(1);
         |                                                                                  ^
      70 |       expect(after.selectedIds.sort()).toEqual(pasted.map((rect) => rect.annotationId).sort());
      71 |       expect(after.selection).not.toBeNull();
      72 |       expect(after.rects.slice(0, before.rects.length)).toEqual(before.rects);
        at C:\Git\easy_labeling\tests\e2e\detection-clipboard.spec.ts:69:82

    Error: [2mexpect([22m[31mreceived[39m[2m).[22mtoEqual[2m([22m[32mexpected[39m[2m) // deep equality[22m

    [32m- Expected  - 601[39m
    [31m+ Received  + 601[39m

    [2m  Array [[22m
    [32m-   "004a079b-43ae-4d35-a5dd-d7faaab2a846",[39m
    [32m-   "005aa94b-b110-46ed-a771-efc0f4efe5ee",[39m
    [32m-   "0065dc0e-5d97-45ce-9861-2bbfeaab80c1",[39m
    [32m-   "007f72e6-0056-4179-b622-e666074dc699",[39m
    [32m-   "00a54838-7458-4b02-a7a8-5ec0222bce74",[39m
    [32m-   "00de6d02-6ae1-4bb3-85ec-cc2e0efea0af",[39m
    [32m-   "01afaa4d-d73d-4654-82b3-598e953df96e",[39m
    [32m-   "03567f40-a4f9-48fc-9d03-b053cbca7b58",[39m
    [32m-   "03686dfa-d725-41d4-8664-cb53004af6a4",[39m
    [32m-   "03c3bc26-dea8-4e95-8934-11edec68980c",[39m
    [32m-   "03c94c2d-df76-4a6c-a43e-93a80119be89",[39m
    [32m-   "0459379c-fec9-4315-b12a-0e5bd6c01baf",[39m
    [32m-   "04870cde-a728-42ae-ae02-3d5faee8cb7a",[39m
    [32m-   "04f84908-3e92-4d93-9fd8-ce66d90f0935",[39m
    [32m-   "050f41ec-60c3-4695-af37-ddfece90cb2e",[39m
    [32m-   "052125fe-a866-4418-b309-f3d60b4c764f",[39m
    [32m-   "0554e63d-4c9a-4da2-b3ff-6605c3aa567e",[39m
    [32m-   "05684700-ed47-409f-beb2-ddbf5a8a81c8",[39m
    [32m-   "056a7447-a03f-4dff-a0c6-5235d8b94bb0",[39m
    [32m-   "056e33f3-30f0-43fc-ac4e-b01eb22bb6b0",[39m
    [32m-   "056edc84-e356-4386-bef4-e8a84cd26331",[39m
    [32m-   "057a3777-d086-41d7-96eb-a98c9356502b",[39m
    [32m-   "0583a03a-0681-43c8-8f40-7a10d69ecdf1",[39m
    [32m-   "0598aa97-2826-4044-8e6d-e2bec0c935af",[39m
    [32m-   "05a1ecf2-93e5-4e34-b003-d20df4353155",[39m
    [32m-   "05e5eda6-89ba-4fb3-acfa-f232b6e0a45b",[39m
    [32m-   "06c3cf8b-a2a2-4f51-bcda-2abb905cb17a",[39m
    [32m-   "07177c92-fa55-45e4-9ada-b843d42c0e2a",[39m
    [32m-   "0804fa7f-ba48-4970-b795-f22165a1179e",[39m
    [32m-   "0813a118-8ccc-4fbb-a645-b565313dbd73",[39m
    [32m-   "08e2f587-b788-4719-b317-8518fd0028a6",[39m
    [32m-   "08f74c01-e23f-46c5-a57b-55417ef9e8d4",[39m
    [32m-   "09c53d6f-6308-4bea-b8ab-d643edaf6f53",[39m
    [32m-   "0a0b4a10-1ec1-4550-ac58-d5ef4f9feba9",[39m
    [32m-   "0a5ed07b-5423-40b1-b61f-b964ac5948ae",[39m
    [32m-   "0a7f3590-e4c7-4005-aeb9-b03e2d630083",[39m
    [32m-   "0ae21ee2-448c-4185-aad8-72d5653af292",[39m
    [32m-   "0b49ed05-ce80-4587-87d9-c7c85413cd5f",[39m
    [32m-   "0b782a0f-8dfe-49a2-b803-07c5b3ec6e58",[39m
    [32m-   "0b9a4e4a-fcec-4cce-967a-6f071b7ef561",[39m
    [32m-   "0bb55511-bfd7-41af-841f-a8f75b8dd743",[39m
    [32m-   "0ca0f6af-8528-4c6c-b468-e88ce5c02bb9",[39m
    [32m-   "0cf80f9d-0313-4305-baed-27b51577f3fb",[39m
    [32m-   "0d6fd02d-f8fe-402b-99c2-fd71afe56223",[39m
    [32m-   "0deb560b-4c1b-4434-a3b9-777c0acc4d75",[39m
    [32m-   "0df5b1fa-a672-4e60-b5da-a1547257a175",[39m
    [32m-   "0e030eb3-51b8-4c23-afe4-973d79f486aa",[39m
    [32m-   "0f005a6e-59ef-45a5-b96b-4da2d889bf06",[39m
    [32m-   "0f574d89-dd55-45cd-a097-2cb3112eeda2",[39m
    [32m-   "0f5d0d10-29f1-481b-a926-6a6aadec9dcc",[39m
    [32m-   "0f604361-9d09-41a0-b009-f3eb0c184de4",[39m
    [32m-   "103ca965-ddbb-4e84-918c-b484fbeb52f0",[39m
    [32m-   "10460280-0b83-4fbd-b890-ddb3821261d5",[39m
    [32m-   "1062e5f8-c40a-4f9c-b363-8df20a8f38f3",[39m
    [32m-   "115e2d0f-f13b-495a-b035-abc938169de2",[39m
    [32m-   "11cd08e0-24e7-481e-b766-1ec96af98f37",[39m
    [32m-   "12c9712f-71ca-4f33-a719-8a7c79c6b57f",[39m
    [32m-   "12e64c78-20a6-4697-9f38-8b814e322a6d",[39m
    [32m-   "12ec41f2-c617-4ca4-ab93-b43b8351d20c",[39m
    [32m-   "1320d67b-11a4-4aca-a440-920931a669b9",[39m
    [32m-   "1431f0f9-d96a-4b11-a416-6a8d58726fdd",[39m
    [32m-   "14abada8-9d52-49a9-b17b-4ce0f39d1e23",[39m
    [32m-   "14b4df5c-de43-4155-84db-6349ec10b056",[39m
    [32m-   "1508f62e-3ec4-4823-a71a-143ffe04e712",[39m
    [32m-   "150c42d6-edf5-4d19-be70-820016fe9194",[39m
    [32m-   "15377abd-4390-4c2b-a2d8-6ae8a2dc4422",[39m
    [32m-   "1570cf0f-14dc-4786-916a-7e1c056f0b08",[39m
    [32m-   "157e7dc2-88c0-45d8-b487-4b9046ff66f5",[39m
    [32m-   "15844334-fa1e-4a89-b1b0-c504151df1a4",[39m
    [32m-   "160bfdca-b0f8-419f-80b3-d5ac5ab41cc5",[39m
    [32m-   "16381186-d440-4fc2-8712-30ae58778811",[39m
    [32m-   "16a9113f-eb93-488e-824e-c5197d2c0d7b",[39m
    [32m-   "16d58ca6-5b0b-450b-8f39-08e2594d397e",[39m
    [32m-   "17a8717f-7b44-40a0-966e-ab37da6db084",[39m
    [32m-   "17ec05ec-1ecd-4ba5-b795-7fd16816189a",[39m
    [32m-   "183d22ed-2e2c-4374-b9fb-4d47999bbc8c",[39m
    [32m-   "18612640-74db-498a-ab10-1cde39e19eb7",[39m
    [32m-   "1890c16e-8867-4899-a4b9-233d5ca7bacc",[39m
    [32m-   "191e27f3-0ffd-4798-bcb5-f26c1d741ecc",[39m
    [32m-   "197977f5-6e65-4dff-86fb-b656e6e6012f",[39m
    [32m-   "198ae8fc-6e80-45b8-ba06-13aa4ae1e6fe",[39m
    [32m-   "19967cd7-4171-42f8-8173-49eecb118c43",[39m
    [32m-   "1a773a86-ac5f-4aff-97a7-2cfff4d666b2",[39m
    [32m-   "1b17e226-ff1f-4d0d-a465-9305244e54ec",[39m
    [32m-   "1b63a429-cd49-4cfe-ba83-a0cff7ff7ea6",[39m
    [32m-   "1b9e287a-5c5d-49e3-aa5c-7ef690012cec",[39m
    [32m-   "1c277d19-bbfb-4d93-a0e5-2fa2a7a8d728",[39m
    [32m-   "1d4df43f-d0af-4215-8518-1e4d83cd6cd2",[39m
    [32m-   "1d58ae18-0fa5-41e7-9230-dbca389459a1",[39m
    [32m-   "1dddea54-42d5-4278-a58b-1059f8a6333c",[39m
    [32m-   "1f00dd80-8319-4797-ab97-439ca845ab17",[39m
    [32m-   "1f494978-6805-4e99-b9c6-3baed945154e",[39m
    [32m-   "1fb6d159-8f87-442d-993a-f1b61f4b29e8",[39m
    [32m-   "1fdb7e3f-86d0-4029-b83c-8bbc251cd845",[39m
    [32m-   "202dbfa0-e246-4046-84be-b55d13514d3e",[39m
    [32m-   "205094cd-cf19-45be-a2c3-4310aad2ac13",[39m
    [32m-   "2059bf41-7cbf-4dad-b9c3-e0354f0d7f09",[39m
    [32m-   "205cca5b-20a9-474d-982c-01dfcdb0bf8d",[39m
    [32m-   "21495b52-839c-4df2-a30f-497ab3db1ba8",[39m
    [32m-   "21ad8621-2868-481e-9b01-b94c833b3f3f",[39m
    [32m-   "2316af11-0077-4ebd-a581-2bf4a275712e",[39m
    [32m-   "2355944e-d378-43a4-a2e3-6c3f1461f57a",[39m
    [32m-   "2469aa85-7443-4d1a-b9b2-2e82d890c5eb",[39m
    [32m-   "25ae68a8-12b0-4392-bb5b-8cffc86cc546",[39m
    [32m-   "2603309a-7390-4100-9874-95b7625c423f",[39m
    [32m-   "267ed392-8cfb-403b-8544-982c260e3cec",[39m
    [32m-   "26cc2932-84ae-41ce-9de1-b8aa68a3d4b3",[39m
    [32m-   "2716c59c-0718-4f99-80e7-da791057b325",[39m
    [32m-   "27b84e32-e6cd-47e9-befd-209061674468",[39m
    [32m-   "280f9f67-df5f-434c-a7db-249be2666d94",[39m
    [32m-   "282a00f0-6bc1-4fb2-bf13-bf7f588f2336",[39m
    [32m-   "287afd42-a7f2-498c-a509-28cc00ff16ab",[39m
    [32m-   "294fb0db-d219-4e29-8242-3b75598fb80e",[39m
    [32m-   "299f578c-2d04-4625-9e92-eaa99e21d591",[39m
    [32m-   "2a12a89c-ec38-4067-8bbf-3c711bb9136f",[39m
    [32m-   "2ae15a4d-371d-4b6a-a55e-7226295c8f71",[39m
    [32m-   "2b0b61eb-72fb-46b3-bf6f-49c6ad478a16",[39m
    [32m-   "2b39ed94-89fb-41b9-bc84-ecdd8b91632a",[39m
    [32m-   "2b96d752-33d8-4217-a594-beee3c82552f",[39m
    [32m-   "2baec9d3-b0b4-4ab4-b77d-17d365afde95",[39m
    [32m-   "2be144a6-bebd-46b5-bd7c-56ce80b4e125",[39m
    [32m-   "2ca240fd-f13b-4e6c-9326-51f996015315",[39m
    [32m-   "2cfceff2-ef38-418b-b910-ef29ab070a99",[39m
    [32m-   "2d365931-c4d5-4dae-816b-bb7354cb42e2",[39m
    [32m-   "2d952c68-b062-4472-a013-8588b684662f",[39m
    [32m-   "2db4cbae-e6a7-4d5c-aa43-69d3c2ad80ed",[39m
    [32m-   "2de45672-50c5-4660-bc01-ce76e877ef76",[39m
    [32m-   "2e26ae26-2e2a-4dbe-bd5c-bdcd527cc5c0",[39m
    [32m-   "2f3c94c1-99e8-4cd2-82ea-102acbbf45c0",[39m
    [32m-   "2fc9fd4e-f031-491a-917c-4402f4e0fc8b",[39m
    [32m-   "30566d3a-2bb1-4805-964d-410bf4733a33",[39m
    [32m-   "30718ef4-c90b-4c83-bdca-fb0200b9b80f",[39m
    [32m-   "3147da17-4f4a-4d02-89b5-0548263d02d5",[39m
    [32m-   "3191b7cc-6a62-4bc8-b2e7-a5df8e9db9f1",[39m
    [32m-   "31dc52c4-9f65-4119-9797-e519172303cd",[39m
    [32m-   "32079b66-ecd2-4315-80c2-0007bf6cd673",[39m
    [32m-   "323b9417-c53b-4332-987a-7c10d133091c",[39m
    [32m-   "32444096-2ac6-4685-8294-0295d695634e",[39m
    [32m-   "32bd0f73-994a-44fe-a9f1-df64d9749850",[39m
    [32m-   "32ce7487-0def-447d-a09a-4f5fedb68fbf",[39m
    [32m-   "333b2174-90a5-4923-9285-739e9187db3b",[39m
    [32m-   "337ecc8b-e1c9-41af-9a51-6d3eb2f100f2",[39m
    [32m-   "3426e570-7f2f-41e1-8b87-202921d680ce",[39m
    [32m-   "34b564ee-cc8d-494a-927d-cf3e11c11be1",[39m
    [32m-   "35026cef-14f1-4df4-aaba-712b6ebf5380",[39m
    [32m-   "3512ca81-cc2f-48ad-9cb1-e259e765d5fa",[39m
    [32m-   "377b66c6-c0e6-4160-9ea1-f524aaad55cf",[39m
    [32m-   "37f0982f-ba6e-4f08-9d5d-de45bf41cfed",[39m
    [32m-   "3865ad38-7a29-4597-b3d3-c6d0ba04d647",[39m
    [32m-   "38a0c081-8738-4f07-a2da-850f46813eb6",[39m
    [32m-   "3904ebd0-bc51-4a90-968f-5405725275dc",[39m
    [32m-   "39652aa3-049f-4635-ac5c-b3175f05ce47",[39m
    [32m-   "39c13260-ec4a-4cb9-a47f-78e958a5d787",[39m
    [32m-   "3a57306d-a67d-4f5f-b22e-cba2b93f2c46",[39m
    [32m-   "3a7c8438-063e-44a0-ae54-6d51d5ce6c63",[39m
    [32m-   "3aa6e527-b13e-4ead-92c3-8639ffd32890",[39m
    [32m-   "3b58fe22-dd75-419e-bdfd-3856a462f97c",[39m
    [32m-   "3b638837-2201-4d79-9296-fff32de3653f",[39m
    [32m-   "3b63aa73-d6b2-489f-a41e-0de25e2842ef",[39m
    [32m-   "3c49a119-1d16-42eb-ae0d-bd05b33696ff",[39m
    [32m-   "3ccbae36-6729-44ad-8fef-2db743b80e37",[39m
    [32m-   "3cfb302c-81de-4702-9206-07e930628f96",[39m
    [32m-   "3d0eeeb2-0df1-46e4-bb9c-905b2096ada9",[39m
    [32m-   "3d49727c-a3de-44fe-aa10-1fe42c74176d",[39m
    [32m-   "3d7e1f46-78af-47c5-92f2-7625cbb5a4bf",[39m
    [32m-   "3e2e83ec-d1ae-491a-96c7-a080248d7cc7",[39m
    [32m-   "3e512834-ba97-4645-a801-c7df3e1f2f3c",[39m
    [32m-   "3f29c65e-c4d7-4d45-97bb-62d5a7c51f5e",[39m
    [32m-   "3f38bb8e-64d2-4a8d-afae-debf033965c2",[39m
    [32m-   "3fdc131c-abe5-4b46-b448-2742c98960ea",[39m
    [32m-   "3ff571a8-460f-4173-9a14-bcd22b6d74fc",[39m
    [32m-   "425489c5-deb5-4620-b54e-a5b7fcecb029",[39m
    [32m-   "4362e68a-e9f5-4f94-b170-c1ff5c26ff52",[39m
    [32m-   "43bdd5b0-5205-4552-aeb8-dbb0e188ada7",[39m
    [32m-   "44469f82-9cc1-4d6a-a239-dea659770f3f",[39m
    [32m-   "4449b223-ee63-4e6a-b397-c4be692779c5",[39m
    [32m-   "44ffae5f-7322-4853-94b8-d07deaba8000",[39m
    [32m-   "45710fec-b695-4151-a892-2b6a2753c6a8",[39m
    [32m-   "459c9f27-5137-428a-b577-8b8c0da9d445",[39m
    [32m-   "45c3be5e-70d0-4067-9833-059d61c4b756",[39m
    [32m-   "45e0e072-ec4b-4ce1-b1a8-3f001d5cfe0f",[39m
    [32m-   "46486b37-bc10-4b35-be75-e32fe330020c",[39m
    [32m-   "4742bae4-bc47-4953-bce5-a27efe7fe1e6",[39m
    [32m-   "47bf457e-fdf6-4774-9aab-f65f34ee4a9a",[39m
    [32m-   "47bf6e4c-6e36-4d6f-bbb6-e6d0a75df6db",[39m
    [32m-   "4812e0ec-5a1b-4514-893a-40c4233f6829",[39m
    [32m-   "4819a24a-8b8a-4be3-bb0a-6fa621996173",[39m
    [32m-   "48528c3c-0b93-44e9-b9af-f7a94cca5fdf",[39m
    [32m-   "48b420fb-5825-4711-bcc6-9cf0777bf3c1",[39m
    [32m-   "490dda95-27ed-4857-99d8-9bad0b92f415",[39m
    [32m-   "49e97a19-ae1b-4a9b-b021-fe7471718417",[39m
    [32m-   "4c74619e-7697-4793-90ab-a94281a4220b",[39m
    [32m-   "4c9f8909-6fc1-4ffc-b0f2-78881fc675a3",[39m
    [32m-   "4df24236-b42a-4ca1-a4f8-7bad7e4c39d1",[39m
    [32m-   "4e6dfcb3-869b-4965-917d-6bb62678de18",[39m
    [32m-   "4fe2a2e8-5d13-4e4c-8a54-a6e828689776",[39m
    [32m-   "504c6261-0eb0-4d4b-9a73-57d1fe4ac78d",[39m
    [32m-   "507189a7-4177-43fc-a964-3874f2cb887b",[39m
    [32m-   "50f0a5c7-2772-4ba9-b51d-e886aba66419",[39m
    [32m-   "512ab3b8-893f-4996-bb26-7a36c10b8a93",[39m
    [32m-   "51aa5a7b-fe81-4110-80ef-21bba5f39bbd",[39m
    [32m-   "52589da8-95e3-4a26-8526-211fa0f51ac5",[39m
    [32m-   "52784102-495b-49ba-88fb-376fad7bc934",[39m
    [32m-   "5320560a-b10d-441b-9314-2264a3402518",[39m
    [32m-   "53515de3-9670-4004-818b-7bb181fce2de",[39m
    [32m-   "53ccc09d-73bf-4160-b831-cc1373f0b64e",[39m
    [32m-   "53eeb412-42cc-4ad1-bb9a-bf0a0f6400e6",[39m
    [32m-   "54ab2190-d49d-418e-b069-f9728afe0605",[39m
    [32m-   "54abb2d8-9f5a-49e7-89df-2ec23212fd1c",[39m
    [32m-   "55003ff2-f20f-4ac1-98c0-b80e557a2ab6",[39m
    [32m-   "550c3284-900d-4714-aeab-3d0806e492de",[39m
    [32m-   "56b1ee97-6ea6-4666-8927-99a78d709890",[39m
    [32m-   "56d72fdb-9525-49e4-9a70-df019c6d69e0",[39m
    [32m-   "579bee14-b1ea-47eb-97d5-e554039f29cb",[39m
    [32m-   "585137bf-05af-4dd5-a738-e1861a05fa88",[39m
    [32m-   "586f60d6-173a-4f8f-99f3-216ba41f71d5",[39m
    [32m-   "58934c65-a498-44ba-aa95-a80d9c986373",[39m
    [32m-   "5894b544-2455-431b-a3f4-836eb3ce58e0",[39m
    [32m-   "58b96983-3a43-4f7e-bd74-80353bedb760",[39m
    [32m-   "5a0baf81-75ed-4be9-a765-8bf738aad9e6",[39m
    [32m-   "5a6321f0-8b23-4d5c-9268-38625953333f",[39m
    [32m-   "5aaaab1f-1ea4-4e23-9115-b226db1fd8bb",[39m
    [32m-   "5af2a8dc-00e1-4615-a590-1c5acc7135af",[39m
    [32m-   "5b07240e-bfb2-4fd7-8116-ffba14b90b7e",[39m
    [32m-   "5b284e72-3cdb-4cae-bdf8-d7f34f0f458a",[39m
    [32m-   "5cab2382-6095-415b-99d7-07d725c29679",[39m
    [32m-   "5d413342-d812-4000-ad71-1159fb480b47",[39m
    [32m-   "5f4146d1-2a95-436c-b627-19ec5df1d1ff",[39m
    [32m-   "606444bb-3c64-4e59-9f87-0f272437137e",[39m
    [32m-   "60d051af-925d-4d4b-a0fb-673a528dfdb5",[39m
    [32m-   "61f7d194-2c97-49fb-9e3f-aec5698c4e1a",[39m
    [32m-   "62223141-ac45-4126-bca3-cb979fe00481",[39m
    [32m-   "623676ff-5be1-4b2d-9778-544dca5b3eae",[39m
    [32m-   "627e9798-932c-4856-bc9d-4f13e16a2f87",[39m
    [32m-   "62a6b979-114d-42dc-9da5-652a36b8affe",[39m
    [32m-   "62c2316a-dfa7-4390-a9af-76405a6e2d04",[39m
    [32m-   "64241ec4-de3b-4506-b7f0-648cd68611f5",[39m
    [32m-   "6427ef8d-740d-49c8-888b-d7467da4f94b",[39m
    [32m-   "65f9ceef-ba08-461d-9cc0-076fdf310e52",[39m
    [32m-   "6623c82a-ff39-4be5-a670-c21bd014e869",[39m
    [32m-   "662c1ab5-9808-4e1f-ae39-6cb3ee1fde46",[39m
    [32m-   "66812421-cc75-4ad5-82f3-6d01ea517ddb",[39m
    [32m-   "66ad3363-80c3-41f3-9e56-95be6425d432",[39m
    [32m-   "67017000-4720-4916-890f-0cf0d61d1818",[39m
    [32m-   "671ebb72-cad8-4fdb-ae8a-c4c7ed143038",[39m
    [32m-   "67201c44-fb06-4652-8083-ce1086caaf9f",[39m
    [32m-   "6891ed4d-59a4-4b1b-9c8f-e3de00ce8447",[39m
    [32m-   "68d1f6be-d2c4-4402-aee6-f1a47bac365a",[39m
    [32m-   "69cf6d2e-fcab-42b0-8dbe-ea2774b508a6",[39m
    [32m-   "6a0bf160-4cae-4b07-a6ae-c2d92cfe30eb",[39m
    [32m-   "6a6b7675-b386-4b7f-a1c1-e2a5869033e0",[39m
    [32m-   "6ad3feb4-9c2d-432a-adbc-059bbd054048",[39m
    [32m-   "6add463e-2d6e-4e4f-b8da-d0ef034b275c",[39m
    [32m-   "6b6511c3-cf0c-48ba-9480-1e41afe07440",[39m
    [32m-   "6b822db3-18d4-4a6d-ae39-310deaeedbfc",[39m
    [32m-   "6c3116fe-77f5-499f-bf96-afce2c7a92c3",[39m
    [32m-   "6cd0a96e-4e9f-4e92-9ca8-fdb4d2284af3",[39m
    [32m-   "6d8f3648-b8e4-427e-9f72-7968ff40ccbf",[39m
    [32m-   "6df7c8e5-e293-42e3-89b7-15cf406c50fc",[39m
    [32m-   "6e00782c-6e1c-42e2-8d85-0aee7642a94b",[39m
    [32m-   "6eee72bd-cdd3-42ba-bfa5-339119d7c034",[39m
    [32m-   "6f7ad4ef-05be-43ca-ba13-4cb2dc7022f3",[39m
    [32m-   "6f925b51-f222-4f80-8c3a-0235b5213070",[39m
    [32m-   "6f9d5a83-37fe-4021-87af-f5530fa2975a",[39m
    [32m-   "6ff3c2e5-c201-4c79-892f-a20c20b90be6",[39m
    [32m-   "7056256b-82c9-4797-8dc3-33a90fb743ee",[39m
    [32m-   "7063c688-c1ca-40ac-b0bf-16b847f6cf6f",[39m
    [32m-   "711a7863-3dc8-4664-b269-271822697e71",[39m
    [32m-   "71a77cd8-d049-4e2e-a469-e4e0201a9672",[39m
    [32m-   "71f88a8d-a361-4550-84a2-3d02636b73b4",[39m
    [32m-   "72a4a3d6-5876-4f49-ae51-38f68aa52926",[39m
    [32m-   "73422a32-3679-4378-b8c2-25c521d4f5eb",[39m
    [32m-   "73736a16-fc19-4997-9418-c67be2d18271",[39m
    [32m-   "7410c160-4829-452f-ba7c-0b1bd86b25b0",[39m
    [32m-   "74a0a936-1b40-4777-bb3e-4a1842bfdf4d",[39m
    [32m-   "74e10f27-d56a-48ba-8e73-223d525bac26",[39m
    [32m-   "76003057-af20-420d-a553-b6d7ebddc0c9",[39m
    [32m-   "76028762-58a6-46a0-ae6d-fbb3748556f7",[39m
    [32m-   "76665977-b3ac-4966-a172-8556cd19ddfa",[39m
    [32m-   "76d01f24-bf3a-45f0-9049-15745e4ccc45",[39m
    [32m-   "76e866d6-0d88-4da7-bdfe-97216f338912",[39m
    [32m-   "76f8893d-d1a5-4e0c-bf77-abdf2403f0d0",[39m
    [32m-   "76f9c586-aff8-49a6-8de8-c77cfcb255e9",[39m
    [32m-   "7701012c-f47f-416c-897c-4049277f3ac1",[39m
    [32m-   "77156ca1-b119-4761-830b-acc368e533a6",[39m
    [32m-   "77414de6-8ed6-45ad-8154-a88e513603dc",[39m
    [32m-   "77e16aee-86cd-4647-8e16-98b25d97862a",[39m
    [32m-   "78117893-ee64-4797-836f-d174c7139d92",[39m
    [32m-   "7815233b-a7b6-4483-ac25-515a606a7d63",[39m
    [32m-   "794d8c3a-13b9-4624-b909-e001acc20615",[39m
    [32m-   "7a75ed73-80d3-4a17-9ae3-582502ceb607",[39m
    [32m-   "7adf7811-b8a0-41bf-8106-c35a6bd6299a",[39m
    [32m-   "7b57dc0e-0bae-4e01-9b7c-afcd56c9fecc",[39m
    [32m-   "7b6f664a-8043-4d12-bc78-923cca8c3783",[39m
    [32m-   "7bb5b580-9308-4adb-a34b-5cc7fb444722",[39m
    [32m-   "7cb04ceb-d784-42e9-a2a9-0d9cbda8433f",[39m
    [32m-   "7d8ef66c-9a4a-4f74-be82-d4d211fd99f1",[39m
    [32m-   "7dfc1bfd-f747-438e-b4a4-447a427fa799",[39m
    [32m-   "7e656f52-e1e2-4f8d-8959-95b2881d5b2c",[39m
    [32m-   "7e736638-e9ca-4171-9a5f-773808b774e9",[39m
    [32m-   "7ecf718d-e48a-451a-95e4-6b5b40b23cf8",[39m
    [32m-   "7f28f274-2a80-44a1-8b5f-35d7dcda408d",[39m
    [32m-   "7fe56666-8020-4a73-9a8b-5b2f8d8d71a2",[39m
    [32m-   "7fea11b0-1827-4909-a678-f040ad0de549",[39m
    [32m-   "801fb2df-3c6d-4a38-b311-70ecefdec282",[39m
    [32m-   "80612a29-fd60-4975-8a9f-b5d73759e421",[39m
    [32m-   "809a3d4e-4ba8-4ebb-929d-3efcccf39506",[39m
    [32m-   "813eb165-b9b4-4306-9d97-d4d8966c769d",[39m
    [32m-   "814d75ef-a488-4e34-b466-6286cc67bde3",[39m
    [32m-   "818df3a8-a6aa-45f2-a256-4bd1f65af252",[39m
    [32m-   "8194639f-22ae-421e-aa84-02c1c3c443d4",[39m
    [32m-   "81989759-5522-4c4d-aa30-4ce1212acefe",[39m
    [32m-   "81a4584b-1cf7-4f02-96f1-4e1f39b25122",[39m
    [32m-   "81e7d3a6-70b9-4aa8-8f6a-8b6ca9c44859",[39m
    [32m-   "826aaad8-ebf6-4061-9e87-2461f6a10cdf",[39m
    [32m-   "8281bbe5-ca72-4506-9c53-b2c77b3073aa",[39m
    [32m-   "82b3ab16-5880-4608-9aee-0e540d7acb16",[39m
    [32m-   "82d620f9-2a8c-4319-8d10-dfd2429b4126",[39m
    [32m-   "8456a417-4943-44df-94ed-29f280a3e08f",[39m
    [32m-   "8513d4eb-67a0-479c-8496-a0ffab869055",[39m
    [32m-   "866938aa-b4b5-4ab5-bd4b-4b5bbf35e6ca",[39m
    [32m-   "870a5d9a-3b05-4763-baec-f7b723cb4d49",[39m
    [32m-   "883f4a6a-31e1-419e-b634-c8b3d9da9cd9",[39m
    [32m-   "88ca1402-5008-490e-9951-a2d23be44802",[39m
    [32m-   "896e6134-5c07-4aba-9501-7cf3b73a1e80",[39m
    [32m-   "8b27ab83-6d29-43da-99f9-36fab44d722c",[39m
    [32m-   "8b65d7c4-14ef-405a-ad58-2872b04d29a4",[39m
    [32m-   "8b7f3dca-e344-435b-ad9b-a66aabf16181",[39m
    [32m-   "8c04b4e0-2b07-4502-a69c-c9888deb87e4",[39m
    [32m-   "8c2f17a3-6276-423a-9004-181bf77687fb",[39m
    [32m-   "8c90bd18-47a8-47d1-8ad9-30f0e0fe66c1",[39m
    [32m-   "8d08ce83-6a0a-4dfb-a781-fe6f6655b36d",[39m
    [32m-   "8d2349af-a64f-4e19-a449-3a0886a9d44c",[39m
    [32m-   "8d928759-b939-4013-a864-ea52d8aa1df5",[39m
    [32m-   "8d93753d-6894-4dd1-8a6a-76eb398236d7",[39m
    [32m-   "8df64b6b-1e6a-41ee-8978-214c236618d7",[39m
    [32m-   "8e139f5d-bd26-416e-9aca-4d76d8d6e947",[39m
    [32m-   "8e4578c6-254e-488f-b618-2436aab9e5d9",[39m
    [32m-   "8ead9334-a0b2-4aa8-ba24-0abaf37085ef",[39m
    [32m-   "8fac0724-cef7-4496-9f02-d49e15a2e9a2",[39m
    [32m-   "90107519-71a0-4584-8e9c-525bc3a91628",[39m
    [32m-   "9229e124-c3f8-4d1f-9613-de8bfc125812",[39m
    [32m-   "923529de-d138-4ba1-8ee8-6601a3fe358a",[39m
    [32m-   "925610bd-d652-4c03-a53c-5cb0edb48423",[39m
    [32m-   "930781b7-17b1-4ea6-bfde-7890809029c2",[39m
    [32m-   "93456944-f6a5-4526-8b06-e72f0cfd141c",[39m
    [32m-   "93e03d31-e373-4823-b2fb-9e4505166949",[39m
    [32m-   "94f2994f-f87b-417a-aeee-50f0c13c553e",[39m
    [32m-   "959809f1-bb7f-452b-8cad-4462d13d64af",[39m
    [32m-   "95a7c025-a93d-4a8d-ae66-e345537e23c5",[39m
    [32m-   "962ab2b7-89eb-4478-8382-b47f6fabfd78",[39m
    [32m-   "9643775a-1f5d-4914-bb94-bcaf15e5639e",[39m
    [32m-   "9684069b-6e9c-4138-bb85-f3abc4e96f94",[39m
    [32m-   "96857aec-0b57-4cf6-9f59-f748748bbc08",[39m
    [32m-   "96af16bc-60d0-4e03-a350-29a74a3ba5ca",[39m
    [32m-   "984f4757-3893-4fcf-a7f7-bcc4a9211fe1",[39m
    [32m-   "98aa98cb-89e0-4193-8a0e-598fbfeac4f0",[39m
    [32m-   "99813bca-057b-44cd-9d94-7f0522fd214b",[39m
    [32m-   "9aeb1e60-e49c-4b0f-8ebf-7446b9a2f374",[39m
    [32m-   "9b2bd796-b2f0-4563-a912-4d6755b9ce6e",[39m
    [32m-   "9b788631-e8df-47f4-95d4-72f54ae9747a",[39m
    [32m-   "9b9df6bb-0489-4534-8806-94f527c65231",[39m
    [32m-   "9c11e2a8-e3fd-421a-b25f-401170cbbbb1",[39m
    [32m-   "9c6dc5d8-2cb1-40d2-9076-96e5286b4e93",[39m
    [32m-   "9c77c866-d138-4a9d-b1e8-7c8c345296b6",[39m
    [32m-   "9d976168-9b31-4f52-bc80-eb108f0d9718",[39m
    [32m-   "9e3e561e-26d9-4748-b1ff-ce565042f953",[39m
    [32m-   "9e4f93bb-babb-4aa5-93c1-ec703c9062ab",[39m
    [32m-   "9f11e627-3c44-4341-809b-0b4b40319b19",[39m
    [32m-   "9f266a1a-83f1-4c1d-91ad-da67a9db0897",[39m
    [32m-   "9f3523c2-5bef-42e6-b6be-27637effcad1",[39m
    [32m-   "9f4fef50-e694-4f9f-86ba-704fe193c5a5",[39m
    [32m-   "9f77ce8e-8967-4199-a739-8014a53e4db1",[39m
    [32m-   "9f922db0-422d-47f0-b7c3-3160dfb517a6",[39m
    [32m-   "9faf7fb4-7046-4639-b159-10ad948bf712",[39m
    [32m-   "a04a7831-8539-4f64-a90c-84d732e385b5",[39m
    [32m-   "a0c54d23-59c3-43c3-a371-a4265fb3b558",[39m
    [32m-   "a13b8073-9e25-4122-be59-57d291d2c234",[39m
    [32m-   "a198044c-d68c-466b-94ad-4f254bc20b89",[39m
    [32m-   "a2af99cf-a44c-4ce3-bcbf-a4e9ce3a01c4",[39m
    [32m-   "a305b6ab-c71c-42e5-a31c-c8efc83360f6",[39m
    [32m-   "a43d04a8-b537-42c6-aaf2-74ea94502d84",[39m
    [32m-   "a4e637eb-7bca-4414-9f3c-01be39ec27dd",[39m
    [32m-   "a4eedd19-71b9-4d8a-84aa-be39d0e78c30",[39m
    [32m-   "a50594b0-39d2-412b-8265-9a3a0bc466d4",[39m
    [32m-   "a5c02ea8-4571-486b-9760-2a9eb08f6b76",[39m
    [32m-   "a5cc9783-073a-4a6b-bda9-9236f337bcb8",[39m
    [32m-   "a6270965-3793-4664-b1cc-d2417ac95c77",[39m
    [32m-   "a6575b60-8cd8-4048-9068-e7a983dd7fa8",[39m
    [32m-   "a6a4225f-c106-4759-ba21-e855eb0ddb34",[39m
    [32m-   "a75bb41c-4076-4b4a-9cc9-c58707e8bdba",[39m
    [32m-   "a768db70-e569-4f26-907e-192078820ef9",[39m
    [32m-   "a7b4a3e9-eaf0-4c13-95d2-4e76f61bfb1d",[39m
    [32m-   "a7c64007-6eac-424b-baf7-9d64e1e11545",[39m
    [32m-   "a8dd0d58-2c86-400a-8d9d-9a014e17a8e2",[39m
    [32m-   "a8f3eef2-eab1-43dd-9a5d-194084ccd87c",[39m
    [32m-   "a9737bc5-ae07-4dbd-a679-fcb7c5a578ca",[39m
    [32m-   "a9e7abd5-278c-4a83-b949-44166cb6c559",[39m
    [32m-   "aa319aa3-02ac-4ce0-8f6a-06fd6f0585af",[39m
    [32m-   "ab0ef246-9dc8-46c2-b3f4-b86c5dc1e184",[39m
    [32m-   "ab74e311-1df9-4ac6-b836-b81b91427bd9",[39m
    [32m-   "ab902379-c98f-4e91-9f95-49fdbe293bb0",[39m
    [32m-   "ac12bbc8-5783-42c9-80ce-76b913579807",[39m
    [32m-   "ac5aca1b-c9e3-465d-b3aa-eaa55ca06f89",[39m
    [32m-   "ac901ed5-fb8a-4cd0-9243-c3284379cc00",[39m
    [32m-   "aca48ba5-a85e-47d0-940f-8e7ad7a65539",[39m
    [32m-   "ace96122-56e2-46ea-86ae-241979848c97",[39m
    [32m-   "ad3c88e5-491b-4062-9b9d-3c797065b8fe",[39m
    [32m-   "ad686f85-9c73-4052-a63e-136ad747a046",[39m
    [32m-   "ad7ef2e1-7edf-4e8c-8c41-6f12ae2fbfcb",[39m
    [32m-   "adbb511d-86a3-4088-b871-e827aa5936e9",[39m
    [32m-   "adcf2815-f39d-4055-9bc2-40d73fffa54e",[39m
    [32m-   "adf87b27-5c22-4364-a80a-f347136b22dc",[39m
    [32m-   "ae64b224-2f7b-41c5-82d9-38d287ab0d94",[39m
    [32m-   "ae943976-2523-4da2-a9fa-8339761868f3",[39m
    [32m-   "af2754fe-13fb-4a8a-931a-3984494407fb",[39m
    [32m-   "af828699-d7b5-4017-bc1a-e5384305ab54",[39m
    [32m-   "b06542e6-2c0a-4a5c-af30-4e1823d8c5af",[39m
    [32m-   "b067832e-0b05-4891-a109-cedca0b12737",[39m
    [32m-   "b07c48c7-f591-4ea4-8018-ac12f555e26b",[39m
    [32m-   "b0b20f15-1edf-4b3a-8ede-d4bce4c297cd",[39m
    [32m-   "b15701de-e6c8-4570-b2c5-2382fd3e1e0a",[39m
    [32m-   "b17f754c-3b01-420a-bced-391a1066837b",[39m
    [32m-   "b20941af-6e2d-42fa-a095-90e4bba94d3b",[39m
    [32m-   "b2819b04-087b-43fe-9650-38ad340e2961",[39m
    [32m-   "b2b03765-22c0-4a5f-8d96-f2953fb5cf9c",[39m
    [32m-   "b33dd73f-98ba-4e0c-b7bd-72066f5dc5fc",[39m
    [32m-   "b348764c-b0c9-4da9-b23e-498f9ffc9536",[39m
    [32m-   "b4911433-32ec-4729-8da1-97a1a3753661",[39m
    [32m-   "b54d3038-2b0b-424f-95ee-e3483b9f979f",[39m
    [32m-   "b61ecaae-47c5-4ded-b4b0-1f8512f38f8e",[39m
    [32m-   "b7338de3-8478-42d8-bdfc-7e00d774f6ef",[39m
    [32m-   "b73cb283-fe2e-45f1-b33f-dae253d8e31f",[39m
    [32m-   "b81c5887-3932-4d4e-9e7e-d88c0f17cc88",[39m
    [32m-   "b8497e9d-0ed7-4ec3-927b-5cfed29c9623",[39m
    [32m-   "b86e8b58-d729-41f8-b675-e4c724d5b582",[39m
    [32m-   "b8986550-6495-4c3c-8ab3-029c92012350",[39m
    [32m-   "b9faa405-8a33-44ba-85b0-a505f3b460e2",[39m
    [32m-   "ba767e52-72d6-4da3-8c50-9343537dfa82",[39m
    [32m-   "bad0e38c-b958-40da-9435-feb8cdb16c44",[39m
    [32m-   "bbe7632d-ba06-420d-9b03-08026a1651e7",[39m
    [32m-   "bc0c3a73-9a07-411c-b765-1f371ad7a819",[39m
    [32m-   "bc1cee0e-d991-41c1-b7ea-0a56bf308f7b",[39m
    [32m-   "bc1e837b-fb54-4f3c-9773-3415565e30c1",[39m
    [32m-   "bc68ff0c-459a-4156-bfd7-573010287dc6",[39m
    [32m-   "bce2ae1c-1b8f-400a-8b03-63e97d0e86b7",[39m
    [32m-   "bda9488f-3e3e-473f-bd7f-5ac755dde25b",[39m
    [32m-   "beeef09f-293d-40bc-b2ba-13a543d61cf4",[39m
    [32m-   "befccd86-f2ea-462d-94bb-4c39296c26b6",[39m
    [32m-   "bf78cc54-d5de-4849-876f-4c92595ab884",[39m
    [32m-   "bf9e1031-b03c-4993-8944-11c420320e63",[39m
    [32m-   "c0020708-e0e8-4302-8428-a52afbbc883e",[39m
    [32m-   "c0dd1cc0-b5f8-43b1-93e7-d73dc1de735d",[39m
    [32m-   "c26906d7-e7d1-4656-add0-20db73110a11",[39m
    [32m-   "c30dcc31-0db8-4e67-b7db-920ff58e5146",[39m
    [32m-   "c3897e3c-234c-4ad4-a3d0-d6293dbe5973",[39m
    [32m-   "c50b1da1-9c60-40b1-8108-6998b6ef2fc1",[39m
    [32m-   "c55c676a-c32d-4e11-8059-63f6e8bc169f",[39m
    [32m-   "c5789d55-93ac-4958-a6de-f66919cd6241",[39m
    [32m-   "c581aac5-021e-43c0-be19-98e0b2da4dd2",[39m
    [32m-   "c5cc9209-2820-4ce4-9892-7efde2f4cbfd",[39m
    [32m-   "c61c3327-50b0-4837-874a-ddf6ee62f6ad",[39m
    [32m-   "c6710ea5-8849-40aa-8f12-1d2d6d7e13a4",[39m
    [32m-   "c68fc984-6e20-47a7-ba3e-b468edc77548",[39m
    [32m-   "c73a4358-751e-4473-a86c-bee73968a2ca",[39m
    [32m-   "c796d6be-fbd3-4859-87a6-78d31a6c20b9",[39m
    [32m-   "c8032e00-c4b1-41c5-97b1-ec5ab6db2d25",[39m
    [32m-   "c827f23f-de68-47eb-82e8-8b2ccbe0ead0",[39m
    [32m-   "c8322d07-9891-4683-93c4-29353bd89369",[39m
    [32m-   "c847d0de-d72f-492d-9488-eac9c9ecbb32",[39m
    [32m-   "c861073f-894d-47a6-91d0-4034179ef9bf",[39m
    [32m-   "c8cfa6f3-8c73-4bea-9c1f-55a5428bf3e8",[39m
    [32m-   "c8eca268-de71-4b17-9f51-0e94bf95f7a7",[39m
    [32m-   "cb62302e-a935-4357-9504-4b7f22b78512",[39m
    [32m-   "cbba3f9c-a85e-445e-8e68-9ac4ba2687db",[39m
    [32m-   "cc4ff636-68bf-4111-92fc-9ef420583888",[39m
    [32m-   "cccfc6f5-6a18-40cc-bd22-9d71067d97b8",[39m
    [32m-   "cceb2b04-5d53-4189-856d-4591318e0974",[39m
    [32m-   "cd0d3a81-e4cd-4967-8abf-bb72e9638513",[39m
    [32m-   "cde17c90-eca8-40b3-a131-1a20b19ea798",[39m
    [32m-   "ce18272c-c9b5-4308-a145-b5db9fa01ffc",[39m
    [32m-   "ce9349c8-7390-4a97-8540-9172ef3abe86",[39m
    [32m-   "ceb02eff-fd1d-4709-b1c0-e0cc3a82336d",[39m
    [32m-   "cf032adf-eb61-41a5-942e-df1995647d77",[39m
    [32m-   "cfa6241d-ee2e-45a0-9e8a-7c31d0c14e0b",[39m
    [32m-   "d000c1a1-3116-4b17-a6a2-9397941ef04b",[39m
    [32m-   "d0a3ea5e-4308-4cc7-a1cc-724db1f1bc53",[39m
    [32m-   "d0caafc7-3292-429d-971d-0beef995d840",[39m
    [32m-   "d224892a-cc95-466d-939e-7a88e3995d1f",[39m
    [32m-   "d3076910-7379-4f72-aafd-407735eda177",[39m
    [32m-   "d312ff41-68fa-4cf6-ba9b-001c96ef7b14",[39m
    [32m-   "d3b5679a-090c-4796-9bf7-abcab3663dd7",[39m
    [32m-   "d3b8e9b1-3a73-41df-8fad-9ed4c6cfde88",[39m
    [32m-   "d3c36d94-7924-406b-9e32-e9c3c9a7435c",[39m
    [32m-   "d40ada43-fb1e-41b4-93f3-2e4251bbb2b8",[39m
    [32m-   "d415104f-1876-43c3-b021-334ae8c2a7d3",[39m
    [32m-   "d43c0fcd-0f70-425e-8e1d-74a491438767",[39m
    [32m-   "d4a7e555-88c5-42ac-a57c-9a77c1883798",[39m
    [32m-   "d53e1631-4263-43b6-8781-3d95e1510113",[39m
    [32m-   "d56f65ff-fb2b-4214-92a3-310feabe4979",[39m
    [32m-   "d65b6809-aa42-49a3-8861-1d9be2da8758",[39m
    [32m-   "d6eee067-4798-4e3e-b4d4-202ddbf7cd7b",[39m
    [32m-   "d712595a-5116-4ea3-a8fb-a16610ea7605",[39m
    [32m-   "d7cbbd19-f246-44f4-82aa-e25046f4d70b",[39m
    [32m-   "d7e85526-b27b-4359-a92f-057a6599b3e7",[39m
    [32m-   "d8668640-7251-432d-a1df-48669d80f69e",[39m
    [32m-   "d8a1d2a9-bc2f-4aad-b64c-d79f8aa7ae8b",[39m
    [32m-   "d9b542e3-233d-4810-abe9-adc6c88afb04",[39m
    [32m-   "da3397e0-686c-40f4-8522-b9503c3d2011",[39m
    [32m-   "dab38b0e-12a1-4115-aec0-78bab0588ad6",[39m
    [32m-   "dac5d22f-338c-490a-894c-fdb77ab4cbf7",[39m
    [32m-   "dac6d9db-14cd-4c9f-941c-2210a9a23313",[39m
    [32m-   "db383747-6289-4b64-bf43-53b6cbb25e43",[39m
    [32m-   "dc17fcac-6bd7-4196-a643-66d9ac3f0b36",[39m
    [32m-   "dd4242b6-b824-4e75-9000-edbeee13679c",[39m
    [32m-   "dd8fdc25-7248-4e2e-b00a-a48a9c584c07",[39m
    [32m-   "dd90e2b8-12eb-42b1-8020-1ddc496e028f",[39m
    [32m-   "de12dd08-ff13-45d2-ba01-d02a063471ac",[39m
    [32m-   "df7b8dbf-b1c5-44e6-a25f-8a9708cc5bd6",[39m
    [32m-   "dfebf7bf-b616-441d-b386-8cd3c007a33a",[39m
    [32m-   "dff2b71a-7f80-4919-a5ea-7527ecd10116",[39m
    [32m-   "dff659e6-2fee-42df-be0c-333218db5de4",[39m
    [32m-   "e053d6b3-239c-4a52-b756-8e48b899af2e",[39m
    [32m-   "e1b9e78b-7e3c-45c4-8cf0-7863f7583ea0",[39m
    [32m-   "e293fee7-81f4-49b9-a682-c5c40555707c",[39m
    [32m-   "e2c220e8-4830-484c-a657-ec170e433f93",[39m
    [32m-   "e3026616-3f50-449a-8b63-6770cf5d1cd7",[39m
    [32m-   "e30d57ee-b485-4cc2-9bab-997900865512",[39m
    [32m-   "e482da7e-2c8a-4d60-bf8d-d8a3120cc683",[39m
    [32m-   "e4d551cf-0801-4fe6-9546-d0d27b327694",[39m
    [32m-   "e4ebd474-d730-4b80-97a8-0c1a38d23d43",[39m
    [32m-   "e5076c59-d948-47cb-8609-9733d5e060eb",[39m
    [32m-   "e584d1c2-3ea3-4094-8944-42f51241642c",[39m
    [32m-   "e647ebb1-7e52-4baf-a440-ea9111448fed",[39m
    [32m-   "e671f936-50e2-404d-a4bd-61aab9ba0093",[39m
    [32m-   "e682d536-3def-4ba0-8391-78f5f7f41e3e",[39m
    [32m-   "e6d1ac86-2802-4630-831c-847065716ee8",[39m
    [32m-   "e79389f4-ac50-436e-9872-e1158f216977",[39m
    [32m-   "e7a356b5-9e51-4027-a46b-6ef612e7d5e7",[39m
    [32m-   "e7bc8712-05a4-4db3-bd92-c50d82d4b4af",[39m
    [32m-   "e7d585f2-61d8-43cf-b206-ba1aa28f39a9",[39m
    [32m-   "e7f176a2-5013-4a70-b954-80b7c1bd5ad1",[39m
    [32m-   "e84a6642-82ca-48b2-b744-9684f7bcae72",[39m
    [32m-   "e8619d09-0de9-479e-b64a-cbea05c4032c",[39m
    [32m-   "ea773446-4b89-4bdf-8d6d-7ac7cd3e33fc",[39m
    [32m-   "ea7d7e40-8ba5-4cca-89b8-265fff34631c",[39m
    [32m-   "ea7e695f-b627-4c95-86c4-70cc3a6c7bea",[39m
    [32m-   "eb3d5002-3f8a-4eb8-8fbc-6de99b6e3ffb",[39m
    [32m-   "eb833bf1-af8f-4448-a41e-f5833fb61443",[39m
    [32m-   "ebb0ce48-fa58-4034-a6c5-525a28a82f64",[39m
    [32m-   "ebfcb635-f2d7-45ab-8112-114f756f48a2",[39m
    [32m-   "ec5b236a-13bc-45c1-83ce-2193d8844505",[39m
    [32m-   "eccc1c53-9b88-451f-8f19-4c9ffcb4c211",[39m
    [32m-   "ed2e5dc7-0285-4782-a66c-5d40e2b436b8",[39m
    [32m-   "ed7540b9-f322-439e-98f2-41a65b3c26c0",[39m
    [32m-   "ede401ce-7b99-4da8-a357-5bfa4b17e62c",[39m
    [32m-   "eea3bbe9-6f6a-4f4a-a0d1-63c78dea33ee",[39m
    [32m-   "ef13e4a4-046f-44c7-89a6-7089168b82db",[39m
    [32m-   "ef5ff60d-e89d-459c-8e9d-a82731dae62f",[39m
    [32m-   "ef9a2b16-cfed-49c8-9f3e-b73d13646790",[39m
    [32m-   "efa0a74c-6daa-4be2-b1aa-05e947cd8934",[39m
    [32m-   "efc0279c-5694-49a6-add0-f80e638e6654",[39m
    [32m-   "efc70036-fe4a-40bc-b706-ca0be7a5493f",[39m
    [32m-   "efd6e624-d1ef-4b65-9ff2-8f789c7889e5",[39m
    [32m-   "eff11aa3-d9c6-44de-a84a-5620e97d694a",[39m
    [32m-   "f043f635-3b06-499a-ab7e-11034eb5902f",[39m
    [32m-   "f0cde70d-fbf6-41d7-9670-4d6541a37b98",[39m
    [32m-   "f20e043d-9c39-410b-aefc-89da928c6d68",[39m
    [32m-   "f22572ac-0ab2-461b-a4a3-92e3f09d8e2c",[39m
    [32m-   "f2af1abe-6325-4b17-924d-44da7e1b2691",[39m
    [32m-   "f39eed2d-95c2-4d33-a30b-7eb5314b9b86",[39m
    [32m-   "f4b0c66c-8ff5-42b9-921c-e254d51c0921",[39m
    [32m-   "f5d543d4-9237-405f-a0d4-808fe9351440",[39m
    [32m-   "f67c22c3-bb47-4eed-8f10-0c6fc0b8a062",[39m
    [32m-   "f6e90b12-458c-4c64-8b89-16e8c03a8ed4",[39m
    [32m-   "f7894e8b-bd0a-4818-a20d-526979a63bd3",[39m
    [32m-   "f79c2c31-d8b5-4fa0-afee-b400ebbd73c4",[39m
    [32m-   "f7a2240a-e9ec-4434-9a33-39a066a4f7ed",[39m
    [32m-   "f7a8bb8a-859f-40ef-b5b1-884b57a3b19f",[39m
    [32m-   "f888b362-62af-4291-af4f-c6df5a1f0f44",[39m
    [32m-   "f9e022c1-3528-49ed-9e23-dd4753c53688",[39m
    [32m-   "f9e2ea67-b81d-4289-97cf-be591f66c9aa",[39m
    [32m-   "f9ede9a8-2399-4f6e-a32c-607c7b21c075",[39m
    [32m-   "f9f9e1d9-91aa-4789-8d52-9c6bc5c653e5",[39m
    [32m-   "fa2e6f1c-5fe4-4121-82cb-4df7b1db587d",[39m
    [32m-   "fac13045-d816-4af5-98e2-74b89d8d3a4f",[39m
    [32m-   "fac1f683-90fe-4590-a573-8ec45c5266fb",[39m
    [32m-   "fae1f71c-b0a9-462e-b602-5801e8c86b7e",[39m
    [32m-   "fc41646f-1cef-4951-9edc-7ab405d6c22c",[39m
    [32m-   "fc6fb598-fc99-4d8f-97b8-57263e154b1e",[39m
    [32m-   "fce920de-8a2c-4889-94ba-991edab410c3",[39m
    [32m-   "fd77bd6e-e8bf-449d-a7ba-8f4fe05ee6ac",[39m
    [32m-   "fe017e48-b26d-4116-95b1-3a89ed6f609a",[39m
    [32m-   "fe0fd042-47dc-4bd7-9eb0-737cdf4e6d2e",[39m
    [32m-   "fe2e1364-1f36-40c2-8c58-cdb3bf5bf13e",[39m
    [32m-   "fe401e95-e1ef-4d68-8e4b-80f3c757b37b",[39m
    [32m-   "fe50a13d-7fab-4fe3-a27c-a80f9359f26a",[39m
    [32m-   "fea6ece9-7b77-4544-8c9f-b8feac988789",[39m
    [32m-   "fee0db28-9ad8-41c6-92b8-e142b121cb38",[39m
    [32m-   "ff0aacff-0206-4bc1-a064-41b41d7c44aa",[39m
    [32m-   "ff7a1365-7b59-471d-84be-20d5ee3b59b2",[39m
    [31m+   "0012373b-b815-4a99-b379-d4b5a1dcd75c",[39m
    [31m+   "00227434-f529-4d72-a50d-fb49e85032df",[39m
    [31m+   "00810a30-f447-4f71-98b7-6ff253f6b5e3",[39m
    [31m+   "01f7521e-1e38-4952-9aef-2369166a21c4",[39m
    [31m+   "01f87159-e3d9-42af-b3c9-a76fa6d771af",[39m
    [31m+   "02864de7-600b-403c-8ed2-7f05d4cbed71",[39m
    [31m+   "02c6491b-4977-4c31-8938-4d75a9bfe7e1",[39m
    [31m+   "048fd071-3db1-4856-8ec7-36b9243eff46",[39m
    [31m+   "051d3153-d57f-4cb2-90f6-c5059fcfef52",[39m
    [31m+   "0528d009-359e-488f-babe-238a7139d717",[39m
    [31m+   "05bbba47-b0b3-4fcb-8a93-181b8a816f20",[39m
    [31m+   "0611a0a2-ad1b-422e-a5b8-861f2e5bc114",[39m
    [31m+   "06c58479-4282-4658-92f6-f4e447c692da",[39m
    [31m+   "06e1ecfc-2502-4647-99be-187262f6edc4",[39m
    [31m+   "06efb79e-02b4-4352-be16-e29b5110c001",[39m
    [31m+   "0853df73-a9af-4047-87dc-98dbbef02349",[39m
    [31m+   "08581e6e-6bdd-4f21-a6b7-290c53594c95",[39m
    [31m+   "0926ed8d-0a3e-4acf-812d-8b2fe2ef2bf6",[39m
    [31m+   "095b0904-2795-4a81-94ab-9eabead88cd6",[39m
    [31m+   "098c3f13-02fb-412d-889f-cf2e6b0a0f9a",[39m
    [31m+   "09b2346c-034b-486f-85f8-69f0bb9a91b6",[39m
    [31m+   "0a4a1489-6e64-4e4a-ae6c-162a935c4fbd",[39m
    [31m+   "0a76f6ec-b957-402e-8b96-e5e2be7f9f4e",[39m
    [31m+   "0aaddd74-29ef-4908-9c4a-aaf4e9f432fb",[39m
    [31m+   "0b623184-e3f4-4767-a261-817aec3fd337",[39m
    [31m+   "0b6cf00c-1d25-4435-97b7-9735808556d1",[39m
    [31m+   "0b79bba4-b5b3-49e8-a8b9-df1542c36e2f",[39m
    [31m+   "0bdbd5f5-d2e7-4c90-b0ef-3d1f8e79c4f6",[39m
    [31m+   "0c2cf81b-7c43-452e-9f47-7a1612573352",[39m
    [31m+   "0c768494-5b5f-41e7-96d4-03e98f7bf25d",[39m
    [31m+   "0c8c659e-f7d1-42da-87ba-07172296d43f",[39m
    [31m+   "0d0bae32-1c51-46a6-bee7-011a62b8ad0c",[39m
    [31m+   "0d759a4b-72d6-45c4-baf9-2f521bd1a5a7",[39m
    [31m+   "0e154ab7-523e-4dbd-ab06-ba89826d3100",[39m
    [31m+   "0ea6fe91-9064-4619-8a02-21cd8c51f64a",[39m
    [31m+   "0eb10553-763a-422e-a2ae-42cc81217db8",[39m
    [31m+   "0ecfca0b-5054-4722-aec6-bb55d16ab539",[39m
    [31m+   "0f62fe48-9b48-4f13-b7d0-117c4df4e55a",[39m
    [31m+   "101ea2c0-3153-4b5e-bb5e-41a5b2ab2bb2",[39m
    [31m+   "10bf6ff6-5697-492c-9a93-62fd857d103a",[39m
    [31m+   "11918063-17b9-4f27-af21-25b5bc749d5d",[39m
    [31m+   "1293a93c-023d-48bb-9c9e-dc72ebd98b60",[39m
    [31m+   "12e25f81-02f7-48c1-b316-af4e17d1a9e6",[39m
    [31m+   "12e98eef-e891-4f42-9f48-a3d5b93bc4a9",[39m
    [31m+   "132cefce-9cf6-46e0-bae4-467521ec6a60",[39m
    [31m+   "134ae8d5-1608-4152-9d1d-47c90e9e6535",[39m
    [31m+   "13adcf28-ff9a-4e34-a9f9-c55a55b81441",[39m
    [31m+   "13d04e93-1a35-45a8-8d1f-d7be583b08c4",[39m
    [31m+   "13d8abf9-f270-4af4-9a3a-9d9178b36e80",[39m
    [31m+   "14737910-e100-4c35-aef7-c9437c800e46",[39m
    [31m+   "14906bba-a714-48e0-9929-9c1cec8b2553",[39m
    [31m+   "14d13b42-c6a6-4f38-b28e-dbb3890d83ff",[39m
    [31m+   "159c51e6-d2c0-4efe-8c59-a70e63836a33",[39m
    [31m+   "15e37ba4-8e8e-49c5-b474-6e5008b17793",[39m
    [31m+   "15ee865a-8287-46b4-83ee-a563eb7d77a4",[39m
    [31m+   "1668e534-e296-4125-b46e-6d96714e74dd",[39m
    [31m+   "16f9f9b7-4b51-4cc2-b036-373522bc06bf",[39m
    [31m+   "178f12e4-55ce-4e15-baa4-cd209302c3e3",[39m
    [31m+   "1876f999-89de-4f53-a248-9c407a2fd15e",[39m
    [31m+   "19d9f1d6-8ef7-46e0-ac78-62b41658d033",[39m
    [31m+   "1b26f204-29db-4fa3-a40a-a2a2a94b6d08",[39m
    [31m+   "1c1f3343-a541-4ab5-9757-269b6549a90a",[39m
    [31m+   "1c696b8c-6505-4a3b-a2a9-d61b33355930",[39m
    [31m+   "1c720ce3-f465-4118-b410-81c58121d10a",[39m
    [31m+   "1ca1cb23-f5c3-4390-ba4f-b10e69aa2a88",[39m
    [31m+   "1cb1ede2-d4a5-4d44-9616-b5d901083020",[39m
    [31m+   "1cd501ee-cb2e-4c18-b591-a401c583727b",[39m
    [31m+   "1da5e6b8-1cae-4d35-aa4e-fbf5e5f86a8e",[39m
    [31m+   "1e35f137-eb02-4c7e-9ce0-4760f83c3903",[39m
    [31m+   "1e88c67c-4765-440f-ab91-9bdcaeaa54a4",[39m
    [31m+   "1eafd056-ff2d-4264-bad6-6b08c113ca33",[39m
    [31m+   "1f6f9b28-d6a3-4cfd-97b5-0d2c648bac50",[39m
    [31m+   "1fe28d41-01b3-4e80-a020-0a5c6ee88aca",[39m
    [31m+   "2064a6c3-104f-4d26-b2e9-ec835ec058a9",[39m
    [31m+   "20787fbc-dabe-4045-885b-3f36caef6d56",[39m
    [31m+   "20af3fc0-74a1-4ad4-9bdc-d040aeeadbfe",[39m
    [31m+   "2134abe4-d6b7-4a14-adaf-619513b3ad0d",[39m
    [31m+   "2201976d-014a-4f49-9024-3ea831779cee",[39m
    [31m+   "226e2b4a-319f-4f72-a092-a7f0dce6924b",[39m
    [31m+   "22a9d057-8012-4734-8766-9aaa8136c561",[39m
    [31m+   "22d0fa89-4dc3-4a36-955e-5d86ebd191e5",[39m
    [31m+   "22dbe0ac-00e5-4039-b86b-84cb13c9f11d",[39m
    [31m+   "2340c977-b3ba-43d6-a505-cedba400c12b",[39m
    [31m+   "23720f92-1c94-4209-82e3-e40dc3738ced",[39m
    [31m+   "23749819-d2f9-4b9e-9537-be4a13e62ee8",[39m
    [31m+   "2470011a-16ab-4553-83d9-f02f0448a73e",[39m
    [31m+   "24c18e1d-e02d-4a86-bf7a-266ee6697c2b",[39m
    [31m+   "2502bfc7-a01a-4aa9-829e-6fd635eca717",[39m
    [31m+   "2523a2ec-b9f7-493e-9e7a-479ce5f4336f",[39m
    [31m+   "253356b3-3663-4ae3-abb3-4a04603ad074",[39m
    [31m+   "254cb055-e96a-45ca-877e-f471cb78dbfd",[39m
    [31m+   "25b27ee5-367a-4ba8-9cb1-5bafcd8f8c61",[39m
    [31m+   "263e70b8-ff4b-4c22-a851-d45b247e2301",[39m
    [31m+   "266bc844-6718-49c3-9c39-b44e31afdd92",[39m
    [31m+   "26d93830-5ce5-40e7-afe0-54eb147eda59",[39m
    [31m+   "26ee1884-8d83-45f0-8a01-3dffcf8816ee",[39m
    [31m+   "27413ec1-59ec-43de-9529-dcb1c6220b05",[39m
    [31m+   "282fd37f-57b2-483b-84a6-12a8b2d6b650",[39m
    [31m+   "28478000-b1c4-4a9c-b424-8d97b8dd16ca",[39m
    [31m+   "28f200b9-0d01-4cd8-81e5-5b6bb5a6ad41",[39m
    [31m+   "291384fc-aadf-4e9a-baf1-bc26f184186d",[39m
    [31m+   "29b6e266-39a1-48d7-b338-14a36625ab1a",[39m
    [31m+   "29cc385a-e7e8-422a-a86a-ed8f4897c3e9",[39m
    [31m+   "29e960f7-d660-4051-a87f-7990f6d15f75",[39m
    [31m+   "29f8a33a-8318-49e8-9536-36158a27a081",[39m
    [31m+   "2a060a9e-2b10-4e2e-838e-dac6e49db23d",[39m
    [31m+   "2b173262-dbce-4867-941d-92144a92851d",[39m
    [31m+   "2b8d5c85-05be-43a8-9492-18f97b5faa01",[39m
    [31m+   "2bc342b6-bfdd-484b-94c1-42150d189970",[39m
    [31m+   "2c1dfe38-48da-48f9-a218-9d8d23b46c19",[39m
    [31m+   "2c3e7336-610a-4d2d-9f4c-3236ca4a4e70",[39m
    [31m+   "2cc062c4-8648-4b96-b11f-7ef58fc7241e",[39m
    [31m+   "2e363d2d-357d-49c1-8057-7a8f4fdf173e",[39m
    [31m+   "2e38d1cf-a278-4614-957e-ce5431e3e900",[39m
    [31m+   "2e812b03-dcdb-4776-9c85-52b5b3585c72",[39m
    [31m+   "2eb5163a-93e3-4df6-b4c4-25191efeea0e",[39m
    [31m+   "2eb56407-1440-4090-9952-04bb978af947",[39m
    [31m+   "2f0aef31-794c-419d-84d7-c118234687ec",[39m
    [31m+   "2f84e868-a6dd-495d-a3b3-242e949e223e",[39m
    [31m+   "314de641-a82a-4fd0-b661-8288b4f181c7",[39m
    [31m+   "316824eb-bea2-490b-9084-22a5e2bbe23a",[39m
    [31m+   "3337bcd4-037a-4ae0-acd6-d0a0fb4f1413",[39m
    [31m+   "333d2cae-61a6-42f7-a216-be578811ce05",[39m
    [31m+   "34349527-4dc0-4b29-9c68-846af6435bb0",[39m
    [31m+   "3466ce9a-03fb-41b4-8d2b-9e59ee68b228",[39m
    [31m+   "34ae3154-2c87-44e7-b7b0-3e25f2d5a291",[39m
    [31m+   "34f4deef-c49b-439b-830e-14f64c7e9c4e",[39m
    [31m+   "352f54ce-98a2-49a8-93d1-cde745d1c26e",[39m
    [31m+   "3539efd8-19c0-4856-9048-7115239e27e5",[39m
    [31m+   "35aa1770-893f-47d1-b185-f3d8a9259d50",[39m
    [31m+   "365e5988-0edf-4b38-857f-e5c9ab520774",[39m
    [31m+   "369288df-fb29-4d7f-a4a3-451b1217550e",[39m
    [31m+   "377dfa65-68af-49dd-ae1b-989fd5c78fb5",[39m
    [31m+   "37c91102-73b0-4416-9e96-4fb15a1f1251",[39m
    [31m+   "37f52895-5a9f-4367-80d0-96d06e4b8300",[39m
    [31m+   "3836c3ee-8529-4a9a-a24f-df85bcd7af88",[39m
    [31m+   "383c69b8-2e6c-4650-83b9-40c1a199fad7",[39m
    [31m+   "388e9ffa-88e8-4f15-8760-9b357316be25",[39m
    [31m+   "38b75525-4d85-4448-b1ae-aaf8ebeb24b7",[39m
    [31m+   "390d541b-3fbc-4612-a60b-c50fb1d6a07f",[39m
    [31m+   "3915c6d1-0be3-41b0-840f-82180710bc84",[39m
    [31m+   "3a357357-48f9-4747-a62e-bfa9c6382bd4",[39m
    [31m+   "3a59ad42-15f8-481c-aa3b-2d9e5c0efdda",[39m
    [31m+   "3abdbecf-1577-4b8d-8eb8-0f62d37bf5e3",[39m
    [31m+   "3b041d8f-33ff-44af-822e-833195b192a3",[39m
    [31m+   "3b164461-8e29-43ab-8fd7-f2f08c691ff0",[39m
    [31m+   "3be63f79-f9bf-40c3-af17-28a4c432ca3c",[39m
    [31m+   "3dca7da3-62b4-4dda-9123-dc8d95c31315",[39m
    [31m+   "3dce4055-5ca4-4bd5-a0b6-d4af3e6e5b21",[39m
    [31m+   "3e7d98b5-be06-4525-92d9-1dae210a5ea0",[39m
    [31m+   "3f2f500d-3919-42ba-860e-e0384f52164a",[39m
    [31m+   "3fc32c47-211d-422c-a4ee-44a4330d87d6",[39m
    [31m+   "4084e85e-83a5-4b3e-8b61-3ba6bead0d17",[39m
    [31m+   "4184cb0f-3247-486a-b8bd-a5aadc3e76e8",[39m
    [31m+   "41b666f9-5413-456e-aff3-eca4734365bd",[39m
    [31m+   "42038094-70fc-449a-903a-2fa2521f3447",[39m
    [31m+   "42357835-d759-4952-8869-d7ce77d64df7",[39m
    [31m+   "42cac5b9-72d1-4a92-aa39-47800307a961",[39m
    [31m+   "42cd678c-0606-414c-ae4f-ee06a9386488",[39m
    [31m+   "431ffc92-a027-4518-8702-be7045a11b44",[39m
    [31m+   "437b45d5-1ce5-44d2-a171-40c33cffa62b",[39m
    [31m+   "43d76061-63f2-4df8-b607-dad56e6a75a5",[39m
    [31m+   "43da6dc6-06d6-4408-8068-97f9c9fa670a",[39m
    [31m+   "448d29ac-2798-4dcb-99db-56d444bc7f4b",[39m
    [31m+   "44b42db5-e12e-45f3-8e33-c3229ad7d3fe",[39m
    [31m+   "44cd807f-62d3-42bb-8e7f-64519b2f9034",[39m
    [31m+   "45167937-6332-4aa4-b33f-61d1ba7316f4",[39m
    [31m+   "45929762-c248-4534-b5ab-f5b8bd7833bb",[39m
    [31m+   "46463f3b-bdc0-488d-ab43-6892ea3fcb26",[39m
    [31m+   "467c02e6-c777-49fc-a555-86a90d5dc4d5",[39m
    [31m+   "46adaa03-9f99-44f6-bbec-348336c3f83f",[39m
    [31m+   "4840954d-7129-4410-86a6-56d55b45eaa5",[39m
    [31m+   "4864421d-1a5f-4c8f-9a03-1e85c1c3870b",[39m
    [31m+   "49a7302d-6c9a-493f-84db-8d6bb154a5c7",[39m
    [31m+   "4a9ecd0a-7ae0-44e7-9fcf-d8b33e25245f",[39m
    [31m+   "4b41c82e-3c33-43f4-89e3-4634b9182f25",[39m
    [31m+   "4bcd279a-d006-4033-adc6-d94b01713cc9",[39m
    [31m+   "4bed191c-d13b-4c48-8fbd-7fedeaf8e91e",[39m
    [31m+   "4c4b4ee2-77ad-4c1e-b438-568e65a04b98",[39m
    [31m+   "4d3c85e7-4b5d-4b7c-bd39-0bda8e193e6c",[39m
    [31m+   "4d4a53dd-342f-4c14-86b9-f8bf27c82068",[39m
    [31m+   "4d65dab6-41cd-4752-a2bb-960b5960c9b3",[39m
    [31m+   "4df2c11a-7284-4f9d-bab8-aa7b09084183",[39m
    [31m+   "4e0d2e4b-ccd0-4b7f-a5db-32921bddc121",[39m
    [31m+   "4e226b32-3e3b-4d5e-bcdd-6d2f6581261b",[39m
    [31m+   "4ed8382e-0751-4d7c-bd00-dfd7e140eeca",[39m
    [31m+   "4ee06649-59a8-4f2d-af68-7864a3bbbafc",[39m
    [31m+   "4ef78bbb-09b8-4a36-9add-e3cac982a62e",[39m
    [31m+   "4f3f84dd-130e-4183-8f8d-1ad2ffc4845d",[39m
    [31m+   "4f813d52-8055-4b4f-b460-a179cb1d4151",[39m
    [31m+   "505e18b5-be12-4ea9-bf89-e409b3fb0a59",[39m
    [31m+   "50d54413-1ab5-4743-b454-034def939967",[39m
    [31m+   "50f73d1b-b633-48ba-a044-f4b8d88365b4",[39m
    [31m+   "5101bf19-f780-4f00-a3db-784ae7a1c7ab",[39m
    [31m+   "518afaf9-efe9-4c28-aa76-d1c92d75e2f8",[39m
    [31m+   "51f4c7f9-d59a-457c-81e3-99d99154e0ae",[39m
    [31m+   "5216c6a0-3bd8-44c8-a60e-4dfbbbc986c5",[39m
    [31m+   "524c227b-7b33-4193-9e61-d5a92c8467ed",[39m
    [31m+   "5369d2e9-ee41-4969-8826-d65dd3328492",[39m
    [31m+   "53ca0598-b9b9-4b12-b94e-ec37cac66db2",[39m
    [31m+   "544ad619-b9b3-45c3-9d85-6b42b61115fa",[39m
    [31m+   "54e05d35-8840-405b-895f-91ffd1355edd",[39m
    [31m+   "554f05c6-8b99-4a38-bdf9-5a17cd3f934a",[39m
    [31m+   "558d1028-cb98-4030-810b-e3d83ff20b2f",[39m
    [31m+   "5593ebb3-cede-4eab-9ea9-7299a7c4ef24",[39m
    [31m+   "55988f52-0329-4f83-9d8e-3bd1a42c3376",[39m
    [31m+   "55e6d6ba-455d-4b8c-ad0a-8c78dd5e7029",[39m
    [31m+   "5603e5fe-95c0-4b6d-a89b-68b09b469505",[39m
    [31m+   "561be7dd-8bc2-4cee-83e5-2714f4f8cbd7",[39m
    [31m+   "56983da2-46f5-438b-978f-2e5a9c396b96",[39m
    [31m+   "56de8d64-63b5-487a-bb2f-b0573d579db3",[39m
    [31m+   "57019335-a964-4a28-9047-63f6c668b5c5",[39m
    [31m+   "575ea13a-fae7-4326-bde7-6fa069f080f1",[39m
    [31m+   "57eb88b6-46de-4052-b009-aeedba8790cc",[39m
    [31m+   "58066b47-b5fa-4dd2-9331-618a97c8631d",[39m
    [31m+   "5807ab9a-7caf-45e5-991c-27ab76aaaf29",[39m
    [31m+   "5816e301-26d0-4fc7-847d-f59769956a8f",[39m
    [31m+   "5822b3b5-2802-4de7-a26b-26a6e926b266",[39m
    [31m+   "58947478-786c-403d-81ee-7558b38ca15a",[39m
    [31m+   "58964b1a-95bc-41ff-be04-04c26126b029",[39m
    [31m+   "58a51bfb-d5e0-4f5c-86e4-64fabccb6d52",[39m
    [31m+   "58b26bb7-a593-418e-870b-90ba98644057",[39m
    [31m+   "592bd964-bdc1-4716-bc4e-d7bee62f5394",[39m
    [31m+   "59490dbd-a5bb-4bc8-bed5-7e35ea3de8d3",[39m
    [31m+   "596e86e0-05cb-4a07-acf4-ac86b2d279c2",[39m
    [31m+   "5ac272fc-f052-4c51-8552-89f9adb41d29",[39m
    [31m+   "5add3e5e-6bad-4a99-ad64-ea276072411b",[39m
    [31m+   "5b26c9d6-c141-4054-a601-a414190c5579",[39m
    [31m+   "5b85af0e-cb74-4090-8481-5b9c06fce69b",[39m
    [31m+   "5b8e2609-50ab-4fb4-bda2-8e39981aa991",[39m
    [31m+   "5bb30ce5-23f3-4f4b-9701-59f5f5201d39",[39m
    [31m+   "5bcb6394-181f-4eac-a5ce-7768a7109d8a",[39m
    [31m+   "5c5dad3c-cea9-4d08-8068-8899f24f8b3f",[39m
    [31m+   "5c9701cf-5151-4106-81e2-c62e269b2cf2",[39m
    [31m+   "5dea1872-a61a-476d-b56a-1f09e74858c2",[39m
    [31m+   "5e6e2321-7163-4c9a-8fbc-23cf340ad62f",[39m
    [31m+   "5f16a899-dc42-48fc-91a9-b3fb9f5a8a44",[39m
    [31m+   "5f719a86-1950-4fb5-950d-785f69d10337",[39m
    [31m+   "5fd2b5e3-9a67-4c25-a6eb-523f15a059af",[39m
    [31m+   "60754373-16d3-4447-bc74-e5745d9f4f4e",[39m
    [31m+   "60cf7cd8-daef-45f3-845c-957e09cc71a7",[39m
    [31m+   "60e7380a-2480-433c-9836-d30b7c5ee02d",[39m
    [31m+   "617254de-f649-4a31-9014-3024552675a3",[39m
    [31m+   "618f025e-338e-4b22-a6c2-5c84287c080d",[39m
    [31m+   "6214fad8-7566-4c2e-8316-09cdf6040566",[39m
    [31m+   "6249c2d1-ab0e-48f8-827b-34b8e9c732d2",[39m
    [31m+   "626859c1-ce86-4ed3-87bf-153f13fd91c2",[39m
    [31m+   "62e6b0fc-b6af-46f0-a433-8e0bd7c07409",[39m
    [31m+   "63d6576e-9c04-4707-b191-f47de34ef718",[39m
    [31m+   "641ec513-82ae-4284-9527-3c878fd96ba8",[39m
    [31m+   "645603b1-5311-4ffe-bdcf-89d4bb8dc703",[39m
    [31m+   "649a20af-008d-4343-8c5c-4b19c12db472",[39m
    [31m+   "6519bcbe-365b-406d-b1d2-0535eab3e1af",[39m
    [31m+   "68249988-46a6-42b2-bbbd-ff85a09af0b2",[39m
    [31m+   "684bfb48-b6d7-42a0-a081-ec42aa8e743f",[39m
    [31m+   "692db00b-fb69-42e5-8444-7d0f0a9562b3",[39m
    [31m+   "698a7176-0a62-42aa-87d8-79d12e003a86",[39m
    [31m+   "6a0df8dd-3cb0-486a-bc65-295246a08146",[39m
    [31m+   "6c8d9994-d1d2-4182-b9d3-f6fcc853a968",[39m
    [31m+   "6c9f2774-9fef-4d20-b726-b2e45349d9da",[39m
    [31m+   "6e00de75-c452-401e-ad19-8446d4e18989",[39m
    [31m+   "6f289b03-1722-4bb2-9884-71d3f7cae4ec",[39m
    [31m+   "6f6aaecd-570f-4c0e-a565-3e5aee05a0ec",[39m
    [31m+   "70957524-e5a7-4cca-aae8-783c757bdd9b",[39m
    [31m+   "70fc4989-7f8b-48b8-8c86-d69512a21144",[39m
    [31m+   "70fdb9f7-3677-4e37-81e1-f1da1fe68632",[39m
    [31m+   "712f01ad-e500-459c-a3b6-cf538ec6c3ca",[39m
    [31m+   "71920aa8-7ca9-42b3-94e7-10015987830a",[39m
    [31m+   "721e63cf-3cdf-4821-9b32-425f9570bbf8",[39m
    [31m+   "724ecec2-a768-45ac-aa1d-b515dc531f48",[39m
    [31m+   "7293c3cd-cc32-47e2-8c40-f4cdd7731f00",[39m
    [31m+   "72976081-3f93-434e-af50-53687987ff27",[39m
    [31m+   "73e0093a-dcf5-47df-8668-31754d37d851",[39m
    [31m+   "74312fcb-eaa4-4b3e-a0a9-c801a723d215",[39m
    [31m+   "74b49d4a-d86e-4498-87e0-2c05bae5c8a0",[39m
    [31m+   "74c308c4-0bdc-440f-adab-eb383fac334e",[39m
    [31m+   "74c75973-bce2-4a3f-bb8f-5cea7fdcb9d4",[39m
    [31m+   "74cda460-a3fb-4c27-9220-7db1691470a3",[39m
    [31m+   "74f33d04-2ce3-40c0-b807-2839f1cce90e",[39m
    [31m+   "751d5648-26d3-40cc-933a-53b2d3faf55e",[39m
    [31m+   "76330b8a-aeb0-49bb-b96e-f3b6bb55129f",[39m
    [31m+   "766941cf-3e83-4c37-9d6c-73bca53493b7",[39m
    [31m+   "768afaf8-6a16-4c73-86bf-0303a8868dc1",[39m
    [31m+   "771f90dc-c329-4852-9783-9f374d95b6c5",[39m
    [31m+   "774d0eee-fe6c-4c86-bd4e-bc5114c335a8",[39m
    [31m+   "77a9a7fe-4579-4dac-ade3-98cba456f9b4",[39m
    [31m+   "785bce48-fc47-42d8-85a0-8399db043296",[39m
    [31m+   "79e091c4-4c87-4831-84c0-b02b06f4791f",[39m
    [31m+   "7b50346d-bfc4-47d8-b237-4f5c23b2f44c",[39m
    [31m+   "7c6b5e35-cc41-4a42-87ba-666dcc728339",[39m
    [31m+   "7d3086f2-3127-42bc-830c-375692aee2d0",[39m
    [31m+   "7d3ceb6a-58d5-48c9-b8d5-f8e4b4afe91c",[39m
    [31m+   "7d65c881-17d4-49e0-8fd6-c8d58e1d943e",[39m
    [31m+   "7dbb83f2-7f99-4c54-baaf-6fea6d4cd72f",[39m
    [31m+   "7e9836d6-b598-4eaf-b292-e1db09eea45f",[39m
    [31m+   "7f1292a2-d34e-4199-9648-519adef0fbaa",[39m
    [31m+   "8097a54f-650e-43b2-97cd-054ea0292276",[39m
    [31m+   "80c35d2b-4163-41c2-bc4e-273a452bba64",[39m
    [31m+   "80d16ca5-e37d-460b-a97e-7f146b1ba7fe",[39m
    [31m+   "8123b8f3-2d41-4d83-ba17-4d755de98ebd",[39m
    [31m+   "81280464-8e8a-4d19-bfe8-b1ac82ee5ae0",[39m
    [31m+   "81377688-53ed-4e12-93d2-2b33a1d74fc1",[39m
    [31m+   "813a8fd6-b313-4c19-86a2-d2147b55f1ca",[39m
    [31m+   "8209e564-763c-4ee6-90f3-947fb9ecf6ca",[39m
    [31m+   "8229affb-2191-48d4-be38-a5df60b5224d",[39m
    [31m+   "833e9a55-26d9-4b1b-9244-5306f007272a",[39m
    [31m+   "8397891e-78a5-4faf-b523-eb0e11fb73ae",[39m
    [31m+   "849874d2-abff-4343-9501-664c8d17a1d9",[39m
    [31m+   "849ecf0b-ef76-40c2-b761-1deb7a204f10",[39m
    [31m+   "84bf7bc7-c76f-4274-a998-992ef29e2e81",[39m
    [31m+   "84f32576-8c2d-4313-88ba-8552cae4b800",[39m
    [31m+   "854cb95a-9c19-48d6-bdcc-f902a5530b7e",[39m
    [31m+   "85bd8414-f292-4690-a515-b44d7797e801",[39m
    [31m+   "86584e9f-5627-4b65-9424-5e6370ae72d1",[39m
    [31m+   "8774fb72-2a7c-4a8f-b2be-6e6e94e90809",[39m
    [31m+   "88224cac-fc69-4556-a91c-72aae1e744e4",[39m
    [31m+   "88c9a7a9-c28c-42da-b9d7-c4cd25c0d712",[39m
    [31m+   "8a338c3e-f848-4deb-8fd4-8e5ff361f358",[39m
    [31m+   "8ba87766-f69a-4b50-a14a-c9ca0a0c1769",[39m
    [31m+   "8bc2c694-7906-43e9-8b2e-1d6c3d8c57b6",[39m
    [31m+   "8bd3fd8d-ad7d-4675-8d80-edd925a9fa6a",[39m
    [31m+   "8c7c5946-bf74-4898-ba36-d7f78207819f",[39m
    [31m+   "8cb3220c-58af-403c-9693-6768a6fb6bfc",[39m
    [31m+   "8d4a590c-10e3-4274-acd0-878e6e3b7228",[39m
    [31m+   "8d52ceaf-5b05-45ff-8f3f-52372866ce03",[39m
    [31m+   "8e24bb30-9fd3-4a34-be99-462af4a27883",[39m
    [31m+   "8e89cbee-dba9-4fb7-8335-cd65688adf45",[39m
    [31m+   "8f7c6aac-42d8-4e31-a25b-e87fbb03597c",[39m
    [31m+   "90a0f590-32ae-4cf0-aba9-d9d12e2ef029",[39m
    [31m+   "90af8e5f-968c-4632-bb9c-a32c34499c6c",[39m
    [31m+   "91005104-da70-4464-88ac-caf5dfbf74ca",[39m
    [31m+   "9142f855-1633-4913-b6f5-875e02661c0d",[39m
    [31m+   "9154e7e1-1d65-403e-a114-255b0a62e141",[39m
    [31m+   "91f1286d-4c46-41f2-9237-92a4469f47c5",[39m
    [31m+   "92cca942-ab44-4e4c-9ea8-36dd4f00bd0f",[39m
    [31m+   "92f9fd2d-9e72-4c62-867d-6511bcb65c42",[39m
    [31m+   "931bbc69-65e7-4087-bdd7-5964a096251f",[39m
    [31m+   "93c24801-fcc8-4646-b728-e30d923be496",[39m
    [31m+   "93fec1f0-461d-4994-a75d-706b9b6af01b",[39m
    [31m+   "940c255b-e608-4f92-b0ff-917bbf7408af",[39m
    [31m+   "942367b8-8a44-4c72-a1b1-a642831eb174",[39m
    [31m+   "94857b34-e5d8-42d6-a347-1dd8070f85ba",[39m
    [31m+   "9496071f-5ecc-4bd7-b47a-bd56cbd0f299",[39m
    [31m+   "95893a89-3716-41d7-a3c9-2a5ef9757818",[39m
    [31m+   "959c7eb2-a65d-4668-8bb1-9030f5b172d2",[39m
    [31m+   "95bf0dcd-af29-4eb1-b330-06ba0c54c93a",[39m
    [31m+   "95c0bd2b-520b-400f-940f-0448941ab884",[39m
    [31m+   "95dbf59f-7154-4961-b2a2-22d898452348",[39m
    [31m+   "9613ebe7-8bdf-4cb2-9ce4-f5e8392e7479",[39m
    [31m+   "9636c098-5efd-47cb-964b-2f846bc5c37e",[39m
    [31m+   "967d082b-dd39-485b-b1c2-dffdb72c6616",[39m
    [31m+   "968c03eb-7468-41c5-a472-0fd21de1419b",[39m
    [31m+   "96d578da-4dc6-4e73-82be-5d8eb22f00ac",[39m
    [31m+   "97238999-cb42-4f7c-9023-bf79525e6b2d",[39m
    [31m+   "972ae5b5-278a-4cb4-b584-dd2b9bd7178e",[39m
    [31m+   "97996d14-64d7-4e32-b8dc-0c6a05fece16",[39m
    [31m+   "97fef4b9-0a2f-4414-8669-772a4614bc6c",[39m
    [31m+   "97ff9f86-5b5e-4f7f-b30a-531f188adb19",[39m
    [31m+   "98ffc739-ac35-41f2-a34f-d3758cf4f180",[39m
    [31m+   "997f0bee-67a4-4097-8fdf-6d3d7993fa48",[39m
    [31m+   "9995dbdb-1d13-416f-9e7d-a8c85ae1ed17",[39m
    [31m+   "99c83fb2-6a9e-463e-8ce4-681625c1a035",[39m
    [31m+   "9a5f4051-c0de-4f77-9e41-c146332692cf",[39m
    [31m+   "9ad92f8c-92b4-4cab-956f-3a375d8cc3fd",[39m
    [31m+   "9adf4fe5-d2c1-4431-a17a-ec02ed7a94ae",[39m
    [31m+   "9bca4f65-5601-43e4-9e84-cb7af435afe5",[39m
    [31m+   "9c052680-669d-43ef-b5fa-8452b373e074",[39m
    [31m+   "9ccc7be7-3fb3-48b5-a1cd-83004dafaf5f",[39m
    [31m+   "9d64a4d1-1383-4d27-8857-e8fb792cbd6a",[39m
    [31m+   "9ddceead-a246-489c-8c72-d128aae7af38",[39m
    [31m+   "9e253a5f-1bf0-4918-8c7e-12b0919c9299",[39m
    [31m+   "9eb2866a-4409-4f3d-8eed-a862ba0d9d43",[39m
    [31m+   "9f9c44b9-3ed7-4c3f-bf82-c742c008877d",[39m
    [31m+   "9fd4b428-d6da-446c-826d-9b1e9f5237ef",[39m
    [31m+   "a01c51f2-4325-40e6-a465-26edfe2ea0ac",[39m
    [31m+   "a01f6a4b-a7db-4aa1-ae97-c1acaf8a90bc",[39m
    [31m+   "a03ead27-86ef-4ad3-9e0a-3b6337c39cf3",[39m
    [31m+   "a070275b-037f-49b6-9f2c-b1b885fb59fb",[39m
    [31m+   "a0982fef-2f9c-4034-86c8-0342f09ad505",[39m
    [31m+   "a0fe8057-a9b6-46e1-8a55-177ec23cc8a0",[39m
    [31m+   "a207f6fb-54e9-4edf-9e88-272c23e07307",[39m
    [31m+   "a255f6c2-92a6-4779-a303-f43e755b6ffe",[39m
    [31m+   "a2a0d1c7-a3de-4fa1-8705-0e648a3002ef",[39m
    [31m+   "a2c525e2-3e9d-44d8-ba37-5cf8d8350782",[39m
    [31m+   "a329ac7a-7df6-4f43-afd2-45f6215a9289",[39m
    [31m+   "a3591f75-21e3-4174-bed3-229f9aa053da",[39m
    [31m+   "a361d307-c3ea-47ba-b9b7-6d0b07479eef",[39m
    [31m+   "a4df8360-b113-49f7-9494-5a2969d281c8",[39m
    [31m+   "a5090f28-848e-4ee6-a235-25ed5a89230f",[39m
    [31m+   "a5465a14-438a-4628-8fdf-69cca30e1241",[39m
    [31m+   "a587d372-a6ce-4f05-8d9a-314edc2187df",[39m
    [31m+   "a59ea384-cffb-4d6a-bb6f-72f76f372f91",[39m
    [31m+   "a679ad10-77ad-48f2-8d84-1ea619e60099",[39m
    [31m+   "a68aaddf-0491-444b-8140-5039b2870175",[39m
    [31m+   "a68ed02b-7ec3-40bf-bb20-65fd33070a29",[39m
    [31m+   "a6a9f069-8021-4622-a6a8-71ad3463aa4f",[39m
    [31m+   "a6bf6680-8364-4a95-9263-f321495a216d",[39m
    [31m+   "a751deb6-348c-454f-97bb-620dd1ef2117",[39m
    [31m+   "a7715c29-7107-4f51-b85b-68fccf0fc431",[39m
    [31m+   "a79e426b-4872-4aa9-935a-11a3793fd006",[39m
    [31m+   "a7a818b6-a6f9-4003-b568-52077c56d0b9",[39m
    [31m+   "a8cb9959-e576-49d3-84e9-62c454ae480a",[39m
    [31m+   "a8f13d52-800e-4b1e-b3bf-5e1e6466ca96",[39m
    [31m+   "a8fe5fc4-2134-4036-9827-82bba60e1717",[39m
    [31m+   "a9092ede-0707-409e-b215-3b4425ac6066",[39m
    [31m+   "a9097887-e589-4635-84cc-3db99c890563",[39m
    [31m+   "a9528408-dd18-4b0c-b037-a1022d786cf5",[39m
    [31m+   "a97a6ccc-d6f0-4e9e-9430-80c6ecdb89a7",[39m
    [31m+   "a9f2dfcb-4754-4a06-8756-d62918cde01a",[39m
    [31m+   "aa0b7feb-c7a8-465b-a1f5-0700478b17e0",[39m
    [31m+   "aa3c282b-d42f-409e-a823-1edc7be91f33",[39m
    [31m+   "aaac89a6-e977-4677-be70-f4f4f5f9ef1f",[39m
    [31m+   "aac73946-baac-49d3-9485-9af05d853a79",[39m
    [31m+   "aae1df09-1e1c-4ebd-9478-16b9525f6044",[39m
    [31m+   "abb3d4be-f00a-4410-9ed4-62ca48b9748b",[39m
    [31m+   "abfcf30e-5a1f-4082-925c-ab7317040531",[39m
    [31m+   "ac0056fe-4a74-4278-9892-d14b059e86e5",[39m
    [31m+   "ac4c83dd-2e3f-445c-a559-ebf83331ba60",[39m
    [31m+   "ac99cbc2-cf97-4f92-8573-c0eef8779947",[39m
    [31m+   "ace3ec25-d37c-4ba0-90d7-b99f9a7a15ea",[39m
    [31m+   "adb530bd-6d0f-459d-82d8-b42ea6c52060",[39m
    [31m+   "add3245f-9ab1-4d61-9754-63a14a784d1b",[39m
    [31m+   "b0d24395-8260-4876-881b-6bfb0d3fe9ee",[39m
    [31m+   "b170220f-0ae7-46bd-b394-9a79aa9d32ef",[39m
    [31m+   "b1ca5742-b68d-4db3-b828-dd36d079f877",[39m
    [31m+   "b2008109-f96b-45cf-a227-04b560fdd727",[39m
    [31m+   "b25f2598-267d-411d-a605-5fc874c8fea1",[39m
    [31m+   "b2edd038-597f-42c7-b01d-b31a7a68391a",[39m
    [31m+   "b36ef68c-9234-4385-997f-433d78208ec7",[39m
    [31m+   "b3f6b3fe-56da-4472-8cd8-0a2999e6ef86",[39m
    [31m+   "b40d91ce-bee7-4a03-8874-2441a27763a2",[39m
    [31m+   "b434ad6f-f684-4a40-92b7-a5bb78830dc7",[39m
    [31m+   "b470a832-3b64-42b4-98c9-3e248c80a87c",[39m
    [31m+   "b52115b4-6675-45ab-a242-779bcb056775",[39m
    [31m+   "b565d30f-eca5-4699-a750-1bf69be5d88e",[39m
    [31m+   "b6277485-99ce-4685-b896-0de01815b86a",[39m
    [31m+   "b64b0d0d-5a82-4223-be52-e78ea4cbf7ed",[39m
    [31m+   "b665a0e3-5f06-4449-a3f9-d3a3accad658",[39m
    [31m+   "b7461904-763e-4208-b4c1-6789123c1580",[39m
    [31m+   "b7484333-fc16-4bfe-a846-78562fe5886c",[39m
    [31m+   "b7b11cf4-5eb3-4ed2-981e-23dc48e86806",[39m
    [31m+   "b7b2258e-4038-4a30-928c-0c93d7aa8c92",[39m
    [31m+   "b7fd2f35-4861-4e6f-8c6d-1954f3624eb2",[39m
    [31m+   "b857352e-6756-430a-afd7-8fabf4052eed",[39m
    [31m+   "b87331a9-f420-4866-beb9-7055d9ee136b",[39m
    [31m+   "b8e2e317-1b2b-48e2-984a-06f13db3791b",[39m
    [31m+   "b8eb3c01-51a7-4435-890f-cd87fdee9384",[39m
    [31m+   "b977c3dc-fb15-4cb7-b961-626f382d0c15",[39m
    [31m+   "b9b6b6e4-0e95-46a8-ad9f-7d860cf738c2",[39m
    [31m+   "b9ff0cfc-e6b1-4274-9f09-d7f98a3d7a71",[39m
    [31m+   "bb6d3153-80a8-4777-bdfd-0d9b9543c2b7",[39m
    [31m+   "bc4fba9b-1226-45f2-897b-e3a3ce10b653",[39m
    [31m+   "bc834343-ec0c-4381-a13d-8f883878bf98",[39m
    [31m+   "bd9e8cbf-6ab2-4831-ac31-d75b971a81ff",[39m
    [31m+   "bda5df04-b711-48e6-9b0c-696b15edfdd5",[39m
    [31m+   "bf1f4afa-e472-4426-926c-000eb5732555",[39m
    [31m+   "bfcf1f17-aafa-4381-a583-5a2312c772e7",[39m
    [31m+   "bff35fe9-1f95-4956-85c1-552d14f2c580",[39m
    [31m+   "c0515821-abb5-45b5-99bd-71102432eeba",[39m
    [31m+   "c10dd44e-5c85-4130-9f71-e68d289beeee",[39m
    [31m+   "c130f70d-a8a3-4add-8c5c-c24e3c90c271",[39m
    [31m+   "c172057e-348c-4cbd-bbf1-ce3206387acc",[39m
    [31m+   "c175a731-0b30-4fcf-b634-7612fc661179",[39m
    [31m+   "c1b179b1-0320-4b77-92cc-3687610d52b0",[39m
    [31m+   "c2128942-496e-48cc-8e62-3de799f957b3",[39m
    [31m+   "c2d4794b-17a9-49d2-ad2e-5a2a6a498122",[39m
    [31m+   "c2fe5e87-7c03-4ad2-9c66-ceb594f4933d",[39m
    [31m+   "c312f8ed-1076-4ae5-a6a0-ccb8b3f71f0a",[39m
    [31m+   "c3227689-1eba-4e36-b126-4a586cadf81e",[39m
    [31m+   "c39dddd8-9fd9-4c0b-9c3f-397406750823",[39m
    [31m+   "c3e97d5e-88d7-483d-8a48-7e883a632695",[39m
    [31m+   "c409a7b6-dd36-496e-829f-6ee3bc6e3784",[39m
    [31m+   "c4361f70-e7cf-445c-b900-4251aa44de78",[39m
    [31m+   "c46fc85e-1224-4b7f-9947-df1d065e9ba5",[39m
    [31m+   "c4c749e4-9e9e-4a47-8375-79fe2e616af5",[39m
    [31m+   "c51e44f8-2346-4207-ab01-3e27aca672a7",[39m
    [31m+   "c54ad057-99f4-4148-8dd2-cb026a29d002",[39m
    [31m+   "c588c192-3614-4a20-b14d-2139caba67c2",[39m
    [31m+   "c6024ac0-1020-4392-a452-850d8c94b53f",[39m
    [31m+   "c62a5a49-8230-43e6-9952-550bda721be2",[39m
    [31m+   "c658cb4e-fe09-4874-9da7-9648f68a6c53",[39m
    [31m+   "c7e7d19e-f30e-423c-b4b3-2880f0165b17",[39m
    [31m+   "c8ee80d7-d341-4a0d-9afa-026e5c9c5306",[39m
    [31m+   "c9a44d70-8d5b-49a2-acee-79beb30e6158",[39m
    [31m+   "c9c1d587-b0f3-4d77-a243-6426ff6c29fb",[39m
    [31m+   "ca0b3b07-10e8-4344-87f8-9bacd5185a94",[39m
    [31m+   "cafc35a8-ff7a-40c6-a766-6e5c6da6fc26",[39m
    [31m+   "cbedecae-66a5-4910-bf0d-c6ffc1e8ba84",[39m
    [31m+   "cc537c85-b758-4d88-823f-d6b3a49f9c15",[39m
    [31m+   "cd12ef7e-6bbf-4dbe-93f6-dfa840bfc14c",[39m
    [31m+   "cd8bea44-322c-42c6-9546-32473e76cc5b",[39m
    [31m+   "cdaa2cec-ac1b-401e-906b-a956b10b72e7",[39m
    [31m+   "cdc23e2e-c729-4a97-889e-b468f22f36b7",[39m
    [31m+   "ce1ce9b3-d0ed-4261-9f87-d93f332026b6",[39m
    [31m+   "ce1ea51f-7a0a-4c1f-9ec9-5532818bfc0a",[39m
    [31m+   "ce2cf193-05f7-41af-858c-db9edb405dae",[39m
    [31m+   "ce47df27-b995-4cf9-9eb6-e34593ed006c",[39m
    [31m+   "cf936db2-8b83-4a5f-ada2-de8928d37ead",[39m
    [31m+   "d068a730-345a-41da-a50a-b880325f6e78",[39m
    [31m+   "d06ff27e-0d32-4875-8a44-e5d6e6ebac9e",[39m
    [31m+   "d1265d6f-bfe6-4e2c-a688-a7cde2d8df88",[39m
    [31m+   "d196ba6b-b2ba-4baf-bf8c-f725e3ca4381",[39m
    [31m+   "d1b2f1b1-28a0-4e93-b68e-9b9ad6f1f9cf",[39m
    [31m+   "d479b844-1202-4589-8628-778b63dd3af6",[39m
    [31m+   "d4e5d7f0-da19-4d29-9ec0-401a8ed261d5",[39m
    [31m+   "d584897c-4cfa-498f-817e-d5b4eaa6b9aa",[39m
    [31m+   "d5eed8c3-099e-40a1-bb00-4e3616094d8b",[39m
    [31m+   "d66cf33f-8f01-404c-9676-c92689689101",[39m
    [31m+   "d6829483-a471-412c-a0d3-2529a6ee746b",[39m
    [31m+   "d68bda46-bc94-492d-aad3-8750ea34bd0b",[39m
    [31m+   "d7caac79-45c0-4eb8-9fb2-a96d636aa9ca",[39m
    [31m+   "d8390719-d3a5-4387-ac03-0da0381f29a2",[39m
    [31m+   "d89f9ff0-5b0a-4ba2-bc83-7dacf4d45649",[39m
    [31m+   "d8d56e11-9d60-47eb-9c8a-727f59db7ae3",[39m
    [31m+   "d93c47cf-e9f8-4520-a0fa-5ddaab913cf9",[39m
    [31m+   "d96beaaa-2049-40a5-8c0e-d6b08b1644c6",[39m
    [31m+   "d99fe5ac-7cdc-4b3b-bf66-8940b62b7c46",[39m
    [31m+   "da1cec1d-02e6-4075-9af7-f757540e648d",[39m
    [31m+   "da4b6272-3a9e-4035-a26c-fb63af58e0a8",[39m
    [31m+   "dae07a2c-050f-4b31-80e2-2b76aa89d679",[39m
    [31m+   "daf759b8-f15e-4ecd-ada4-b79f67c291af",[39m
    [31m+   "db362f09-51a1-4ad2-82d6-0de65561e80b",[39m
    [31m+   "dbdb66f7-4594-45da-8271-312a27f552d9",[39m
    [31m+   "dc242350-a305-4f71-a76f-b36b09d4079f",[39m
    [31m+   "dc788028-ff54-4d13-9cb4-2695d39344c0",[39m
    [31m+   "dd190583-bda5-4484-a074-6979341838e0",[39m
    [31m+   "dd777ae8-4e30-4b72-b2b0-902098453b62",[39m
    [31m+   "decad2ef-5fd3-4d98-bb3a-dfa459c98872",[39m
    [31m+   "deed2e58-a5cf-48f1-9c6e-4c6c413dc479",[39m
    [31m+   "df042f66-86c5-49d6-a87a-ffa8a13536dc",[39m
    [31m+   "df7a49df-4720-4f9a-ac7a-7b6717277ee5",[39m
    [31m+   "e0eeaaa2-be9c-4bab-a249-4ad321cd7f20",[39m
    [31m+   "e105f220-869a-4873-81ff-b6d4b5841e93",[39m
    [31m+   "e20cfc60-6792-4ee5-8dcb-0f597c084b88",[39m
    [31m+   "e20d062f-f781-4b28-953f-d85cc88705f1",[39m
    [31m+   "e26e8996-1dde-46d0-a75b-6f5fe9bb4565",[39m
    [31m+   "e2a27302-33fa-4e49-958e-b01fa4a6e98d",[39m
    [31m+   "e311346c-d1ca-4bd0-bf97-2ac71bbd5208",[39m
    [31m+   "e314be3e-08e9-4caa-ab89-aa7e4af5c1f1",[39m
    [31m+   "e31e4337-0f76-475b-8314-4513d066f8c7",[39m
    [31m+   "e4131e3c-81ca-49cb-8c41-9bd76d21921f",[39m
    [31m+   "e45ab3bb-9294-469b-a20f-e6c338b6514b",[39m
    [31m+   "e48d62a5-c685-41fc-a640-a40b1188027c",[39m
    [31m+   "e4e4fb12-d4e8-4add-bbc8-0b354b89f139",[39m
    [31m+   "e524c104-dac0-4fde-b4f9-9e6315b37bca",[39m
    [31m+   "e5d66fc7-f87a-41c6-85e8-b666c6c1b8b4",[39m
    [31m+   "e5da85af-ca37-46e0-8bba-bd31b2717221",[39m
    [31m+   "e5e98d22-c585-411c-9ef3-fe2933a46842",[39m
    [31m+   "e5f965f0-59b9-4eab-a128-2626c2c6f28f",[39m
    [31m+   "e765b207-5e40-4352-a80b-59eea8e79206",[39m
    [31m+   "e77d95b0-97d2-4636-9d43-ce31aadad741",[39m
    [31m+   "e84e2907-74a2-4323-85b6-5ac52503737d",[39m
    [31m+   "eb364f29-dbb9-4f73-afe9-ad9ff4f6da83",[39m
    [31m+   "ec26ee23-20f4-472e-ab75-cdfc9d1f1d47",[39m
    [31m+   "ec37a557-48e8-4430-80a3-b89f1829ec0f",[39m
    [31m+   "eca9a23c-aa0c-4734-95c1-c2198c0381b4",[39m
    [31m+   "ecce553b-5cd0-465b-b56e-af5b7b16f559",[39m
    [31m+   "ed7f0163-6231-4465-8134-0ffa5e3b760a",[39m
    [31m+   "edc94124-afa0-4049-899b-6ec3665e7445",[39m
    [31m+   "eead1600-b3ef-4da0-bcba-90af1bfd3ba1",[39m
    [31m+   "eeb36680-77c4-4eaa-94d5-d5849abdd22e",[39m
    [31m+   "eedadce4-705f-4f85-bc48-6d8354563fe7",[39m
    [31m+   "ef1cc06b-42a9-415a-8271-5d9b9d326729",[39m
    [31m+   "efbeed96-2b7a-468a-af21-c7401025cf83",[39m
    [31m+   "f04fec58-0202-47df-bc93-0f6b4e19dbf3",[39m
    [31m+   "f12167e3-8b5a-4bfc-a0f5-9184ec14e79b",[39m
    [31m+   "f1687a6a-56c0-4c51-92a9-e1ab9caece03",[39m
    [31m+   "f16d25be-f203-482b-af1d-0a2a8b6072b6",[39m
    [31m+   "f172d2e8-061f-4321-b472-af5c688c4863",[39m
    [31m+   "f1832351-f00e-4dbc-9b94-71720112852c",[39m
    [31m+   "f1e55021-7f6a-494b-8433-6a417840884f",[39m
    [31m+   "f2fac4e0-3c02-47cd-a938-e86abce81c7e",[39m
    [31m+   "f3368890-a748-4dba-904d-3e1137118381",[39m
    [31m+   "f3884eb6-3611-41bd-a060-15bea49040c4",[39m
    [31m+   "f3fce4b8-ba25-49f4-a367-f6fece43ff21",[39m
    [31m+   "f43bea01-15d2-4066-b63c-706f6ca6e5de",[39m
    [31m+   "f455ade6-c6d9-405f-99ae-e6c958e3457d",[39m
    [31m+   "f48d1e5f-0335-481b-9a4d-d2e601ded124",[39m
    [31m+   "f4ac1400-e547-419f-8ce6-75194ef8970f",[39m
    [31m+   "f54aa309-b811-4e01-aa52-d0a21fd23327",[39m
    [31m+   "f6655b4f-ae7f-4a78-8f0a-59d0d312c338",[39m
    [31m+   "f71521e3-941a-4e31-aa53-8707f86c35bb",[39m
    [31m+   "f72b799b-3019-4226-9b50-65037c39ab87",[39m
    [31m+   "f7396c3b-3904-4c32-9739-1dd21fdf1bd7",[39m
    [31m+   "f7c3e132-742f-45c9-89b6-ca5924453b1d",[39m
    [31m+   "f7dd0a71-47d1-45e7-91c5-a873b91b9ecb",[39m
    [31m+   "f7e421bf-1365-48cb-a5e6-4f29195db7d0",[39m
    [31m+   "f888db35-91c1-4d86-93d1-f65350f6bf41",[39m
    [31m+   "f948526b-10f7-49bf-9906-fd038dde4a24",[39m
    [31m+   "f99bd619-5af7-42ea-8397-18912474a7c3",[39m
    [31m+   "f9db8147-b9b1-474a-ba98-0a7da5c146e3",[39m
    [31m+   "fa5ac42a-91b5-4c04-aae5-ededa7a45961",[39m
    [31m+   "fa5e609a-cbca-4ee9-b06a-91778dcfa665",[39m
    [31m+   "fa95b8b8-66bc-4a9d-9543-5eef39bc7311",[39m
    [31m+   "fb2b55ed-0939-4131-b558-85518235aeba",[39m
    [31m+   "fbdbc8de-9e8d-436f-8a7c-ee940197246b",[39m
    [31m+   "fc25786b-be73-4c50-81d9-a702ca1b3dc7",[39m
    [31m+   "fc5e9eb6-5fb6-45e6-98d1-2c738cdbe329",[39m
    [31m+   "fc9a46ec-a94a-42c0-9e71-d59fc382eae6",[39m
    [31m+   "fec95f5a-e602-46f0-8b38-b54286591748",[39m
    [31m+   "ff42e6c4-4ee9-4904-bf6f-42b0825bae6c",[39m
    [2m  ][22m

      68 |       expect.soft(Math.abs((left + right) / 2 - target.x) * before.viewport[0]!).toBeLessThan(1);
      69 |       expect.soft(Math.abs((top + bottom) / 2 - target.y) * before.viewport[3]!).toBeLessThan(1);
    > 70 |       expect(after.selectedIds.sort()).toEqual(pasted.map((rect) => rect.annotationId).sort());
         |                                        ^
      71 |       expect(after.selection).not.toBeNull();
      72 |       expect(after.rects.slice(0, before.rects.length)).toEqual(before.rects);
      73 |       pasted.forEach((rect, index) => {
        at C:\Git\easy_labeling\tests\e2e\detection-clipboard.spec.ts:70:40

    Error Context: test-results\detection-clipboard-pastes-9ef6c-rves-the-editable-selection-chromium\error-context.md


[1A[2K  3 failed
    [chromium] › tests\e2e\detection-clipboard.spec.ts:16:3 › pastes 1 detection boxes at the cursor and preserves the editable selection
    [chromium] › tests\e2e\detection-clipboard.spec.ts:16:3 › pastes 2 detection boxes at the cursor and preserves the editable selection
    [chromium] › tests\e2e\detection-clipboard.spec.ts:16:3 › pastes 601 detection boxes at the cursor and preserves the editable selection
