
Running 33 tests using 1 worker

(node:43516) Warning: The 'NO_COLOR' env is ignored due to the 'FORCE_COLOR' env being set.
(Use `node --trace-warnings ...` to show where the warning was created)
(node:43516) Warning: The 'NO_COLOR' env is ignored due to the 'FORCE_COLOR' env being set.
(Use `node --trace-warnings ...` to show where the warning was created)
  x   1 [chromium] › tests\e2e\automation-workflow.spec.ts:3:1 › layout and automation: modal management, both matching modes, and offscreen batch labeling (35.0s)
(node:20024) Warning: The 'NO_COLOR' env is ignored due to the 'FORCE_COLOR' env being set.
(Use `node --trace-warnings ...` to show where the warning was created)
(node:20024) Warning: The 'NO_COLOR' env is ignored due to the 'FORCE_COLOR' env being set.
(Use `node --trace-warnings ...` to show where the warning was created)
  x   2 [chromium] › tests\e2e\class-file-profile.spec.ts:4:3 › Annotate: Class Info profile creates, edits and shares a class file across tabs (10.6s)
(node:25960) Warning: The 'NO_COLOR' env is ignored due to the 'FORCE_COLOR' env being set.
(Use `node --trace-warnings ...` to show where the warning was created)
(node:25960) Warning: The 'NO_COLOR' env is ignored due to the 'FORCE_COLOR' env being set.
(Use `node --trace-warnings ...` to show where the warning was created)
  x   3 [chromium] › tests\e2e\class-file-profile.spec.ts:4:3 › Inference: Class Info profile creates, edits and shares a class file across tabs (10.6s)
(node:49096) Warning: The 'NO_COLOR' env is ignored due to the 'FORCE_COLOR' env being set.
(Use `node --trace-warnings ...` to show where the warning was created)
(node:49096) Warning: The 'NO_COLOR' env is ignored due to the 'FORCE_COLOR' env being set.
(Use `node --trace-warnings ...` to show where the warning was created)
  ok  4 [chromium] › tests\e2e\inference.spec.ts:6:3 › YOLO unavailable GPU falls back to real CPU inference and updates the device display (7.8s)
  ok  5 [chromium] › tests\e2e\inference.spec.ts:6:3 › YOLO execution GPU falls back to real CPU inference and updates the device display (7.3s)
  ok  6 [chromium] › tests\e2e\inference.spec.ts:42:1 › selected ONNX filename survives loading and picker cancellation, with same-file reload (7.0s)
  ok  7 [chromium] › tests\e2e\inference.spec.ts:81:1 › YOLO automatic GPU/CPU inference: 1ch/3ch NCHW/NHWC, batch results, safe source switching and themes (24.7s)
  ok  8 [chromium] › tests\e2e\inference.spec.ts:178:1 › batch inference rejects duplicate label filenames and model loading recovers after an invalid file (8.1s)
  ok  9 [chromium] › tests\e2e\ui-consistency.spec.ts:3:1 › merged editing workspaces retain dataset controls and compact status filters (10.0s)
  ok 10 [chromium] › tests\e2e\ui-consistency.spec.ts:46:1 › workbench controls keep a consistent rhythm across themes and compact viewports (8.3s)
  ok 11 [chromium] › tests\e2e\ux-stage2.spec.ts:13:3 › detection: existing label thumbnails, class filter and focus preserve original labels (9.2s)
  ok 12 [chromium] › tests\e2e\ux-stage2.spec.ts:13:3 › segmentation: existing label thumbnails, class filter and focus preserve original labels (8.4s)
  x  13 [chromium] › tests\e2e\ux-stage2.spec.ts:56:1 › empty startup, compact dataset management and panel/tool navigation remain clear (10.5s)
(node:54268) Warning: The 'NO_COLOR' env is ignored due to the 'FORCE_COLOR' env being set.
(Use `node --trace-warnings ...` to show where the warning was created)
(node:54268) Warning: The 'NO_COLOR' env is ignored due to the 'FORCE_COLOR' env being set.
(Use `node --trace-warnings ...` to show where the warning was created)
  ok 14 [chromium] › tests\e2e\ux-stage2.spec.ts:93:1 › Template results lead diagnostics and real dry runs distinguish no targets from errors (15.8s)
  ok 15 [chromium] › tests\e2e\ux-stage2.spec.ts:141:3 › light: Review actions lead the panel and Mask classes have independent paint/visibility (9.2s)
  ok 16 [chromium] › tests\e2e\ux-stage2.spec.ts:141:3 › dark: Review actions lead the panel and Mask classes have independent paint/visibility (9.3s)
  ok 17 [chromium] › tests\e2e\yoloe.spec.ts:41:64 › multiple existing labels and persistent presets run all images with progress for detection (27.2s)
  ok 18 [chromium] › tests\e2e\yoloe.spec.ts:41:64 › multiple existing labels and persistent presets run all images with progress for segmentation (24.3s)
  ok 19 [chromium] › tests\e2e\yoloe.spec.ts:120:64 › brush and eraser samples preserve holes, islands and zoomed coordinates for detection (16.4s)
  ok 20 [chromium] › tests\e2e\yoloe.spec.ts:120:64 › brush and eraser samples preserve holes, islands and zoomed coordinates for segmentation (16.4s)
  ok 21 [chromium] › tests\e2e\yoloe.spec.ts:252:98 › named mask samples find and save detection results at 1024 without changing source labels (13.2s)
  ok 22 [chromium] › tests\e2e\yoloe.spec.ts:252:98 › named mask samples find and save detection results at 2048 without changing source labels (13.0s)
  ok 23 [chromium] › tests\e2e\yoloe.spec.ts:252:98 › named mask samples find and save segmentation results at 1024 without changing source labels (13.0s)
  ok 24 [chromium] › tests\e2e\yoloe.spec.ts:252:98 › named mask samples find and save segmentation results at 2048 without changing source labels (12.9s)
  ok 25 [chromium] › tests\e2e\yoloe.spec.ts:341:1 › YOLOE setup fits a narrow viewport, follows the theme, and keeps settings after closing (7.3s)
  ok 26 [chromium] › tests\e2e\yoloe.spec.ts:366:64 › popup zoom and pan preserve sample coordinates and preview detection on its selected image (9.3s)
  ok 27 [chromium] › tests\e2e\yoloe.spec.ts:366:64 › popup zoom and pan preserve sample coordinates and preview segmentation on its selected image (9.4s)
  ok 28 [chromium] › tests\e2e\yoloe.spec.ts:465:1 › YOLOE reports unavailable service, missing models and stale API without repeated requests (6.3s)
  ok 29 [chromium] › tests\e2e\yoloe.spec.ts:489:64 › CPU defaults to n and model changes re-encode samples for detection (13.1s)
  ok 30 [chromium] › tests\e2e\yoloe.spec.ts:489:64 › CPU defaults to n and model changes re-encode samples for segmentation (14.6s)
  ok 31 [chromium] › tests\e2e\yoloe.spec.ts:531:1 › existing mask labels become pixel-accurate samples without modifying the source (10.8s)
  ok 32 [chromium] › tests\e2e\yoloe.spec.ts:598:1 › existing box prompts and settings remain available, with cancellation preserving labels (13.0s)
  ok 33 [chromium] › tests\e2e\yoloe.spec.ts:638:1 › existing Detection boxes can be imported inside the popup from different images without main selection (9.3s)


  1) [chromium] › tests\e2e\automation-workflow.spec.ts:3:1 › layout and automation: modal management, both matching modes, and offscreen batch labeling

    Error: [2mexpect([22m[31mlocator[39m[2m).[22mtoBeVisible[2m([22m[2m)[22m failed

    Locator:  locator('#inspectorAnnotationPane')
    Expected: visible
    Received: hidden
    Timeout:  10000ms

    Call log:
    [2m  - Expect "toBeVisible" with timeout 10000ms[22m
    [2m  - waiting for locator('#inspectorAnnotationPane')[22m
    [2m    14 × locator resolved to <section id="inspectorAnnotationPane" class="inspector-pane active" data-inspector-pane="annotation">…</section>[22m
    [2m       - unexpected value "hidden"[22m


      120 |
      121 |   await page.goto("/index.html");
    > 122 |   await expect(page.locator("#inspectorAnnotationPane")).toBeVisible();
          |                                                          ^
      123 |   await expect(page.locator("#right-panel #layoutNameInput")).toHaveCount(0);
      124 |   await page.locator("#taskAnnotateBtn").click();
      125 |   await expect(page.locator("#left-panel")).not.toHaveClass(/collapsed/);
        at C:\Git\easy_labeling\tests\e2e\automation-workflow.spec.ts:122:58

    Error Context: test-results\automation-workflow-layout-554e5-nd-offscreen-batch-labeling-chromium\error-context.md

  2) [chromium] › tests\e2e\class-file-profile.spec.ts:4:3 › Annotate: Class Info profile creates, edits and shares a class file across tabs

    Error: [2mexpect([22m[31mlocator[39m[2m).[22mtoBeVisible[2m([22m[2m)[22m failed

    Locator:  locator('.classes-panel-section')
    Expected: visible
    Received: hidden
    Timeout:  10000ms

    Call log:
    [2m  - Expect "toBeVisible" with timeout 10000ms[22m
    [2m  - waiting for locator('.classes-panel-section')[22m
    [2m    14 × locator resolved to <section class="panel-section classes-panel-section">…</section>[22m
    [2m       - unexpected value "hidden"[22m


      62 |     await page.goto("/index.html");
      63 |     await page.locator(`#task${task}Btn`).click();
    > 64 |     await expect(page.locator(".classes-panel-section")).toBeVisible();
         |                                                          ^
      65 |     if (!await page.locator("#loadClassInfoFolderBtn").isVisible()) await page.locator("#classManagement > summary").click();
      66 |     await expect(page.locator("#loadClassInfoFolderBtn")).toBeVisible();
      67 |     await expect(page.locator("#addClassShortcutBtn")).toBeVisible();
        at C:\Git\easy_labeling\tests\e2e\class-file-profile.spec.ts:64:58

    Error Context: test-results\class-file-profile-Annotat-60155-es-a-class-file-across-tabs-chromium\error-context.md

  3) [chromium] › tests\e2e\class-file-profile.spec.ts:4:3 › Inference: Class Info profile creates, edits and shares a class file across tabs

    Error: [2mexpect([22m[31mlocator[39m[2m).[22mtoBeVisible[2m([22m[2m)[22m failed

    Locator:  locator('.classes-panel-section')
    Expected: visible
    Received: hidden
    Timeout:  10000ms

    Call log:
    [2m  - Expect "toBeVisible" with timeout 10000ms[22m
    [2m  - waiting for locator('.classes-panel-section')[22m
    [2m    14 × locator resolved to <section class="panel-section classes-panel-section">…</section>[22m
    [2m       - unexpected value "hidden"[22m


      62 |     await page.goto("/index.html");
      63 |     await page.locator(`#task${task}Btn`).click();
    > 64 |     await expect(page.locator(".classes-panel-section")).toBeVisible();
         |                                                          ^
      65 |     if (!await page.locator("#loadClassInfoFolderBtn").isVisible()) await page.locator("#classManagement > summary").click();
      66 |     await expect(page.locator("#loadClassInfoFolderBtn")).toBeVisible();
      67 |     await expect(page.locator("#addClassShortcutBtn")).toBeVisible();
        at C:\Git\easy_labeling\tests\e2e\class-file-profile.spec.ts:64:58

    Error Context: test-results\class-file-profile-Inferen-e0ac8-es-a-class-file-across-tabs-chromium\error-context.md

  4) [chromium] › tests\e2e\ux-stage2.spec.ts:56:1 › empty startup, compact dataset management and panel/tool navigation remain clear

    Error: [2mexpect([22m[31mlocator[39m[2m).[22mtoBeHidden[2m([22m[2m)[22m failed

    Locator:  locator('.classes-panel-section')
    Expected: hidden
    Received: visible
    Timeout:  10000ms

    Call log:
    [2m  - Expect "toBeHidden" with timeout 10000ms[22m
    [2m  - waiting for locator('.classes-panel-section')[22m
    [2m    14 × locator resolved to <section class="panel-section classes-panel-section">…</section>[22m
    [2m       - unexpected value "visible"[22m


      59 |   await expect(page.locator("#emptyOpenDatasetBtn")).toBeVisible();
      60 |   await expect(page.locator(".image-library-section")).toBeHidden();
    > 61 |   await expect(page.locator("#classSearchInput")).toBeHidden();
         |                                                        ^
      62 |   await expect(page.locator("#label-filters")).toBeHidden();
      63 |   await expect(page.locator(".label-list-section")).toBeHidden();
      64 |   await page.screenshot({ path: "docs/ux-improvements/20261006-stage2/empty.png" });
        at C:\Git\easy_labeling\tests\e2e\ux-stage2.spec.ts:61:56

    Error Context: test-results\ux-stage2-empty-startup-co-52905-ool-navigation-remain-clear-chromium\error-context.md

  4 failed
    [chromium] › tests\e2e\automation-workflow.spec.ts:3:1 › layout and automation: modal management, both matching modes, and offscreen batch labeling
    [chromium] › tests\e2e\class-file-profile.spec.ts:4:3 › Annotate: Class Info profile creates, edits and shares a class file across tabs
    [chromium] › tests\e2e\class-file-profile.spec.ts:4:3 › Inference: Class Info profile creates, edits and shares a class file across tabs
    [chromium] › tests\e2e\ux-stage2.spec.ts:56:1 › empty startup, compact dataset management and panel/tool navigation remain clear
  29 passed (7.1m)
