
Running 24 tests using 1 worker

(node:31464) Warning: The 'NO_COLOR' env is ignored due to the 'FORCE_COLOR' env being set.
(Use `node --trace-warnings ...` to show where the warning was created)
(node:31464) Warning: The 'NO_COLOR' env is ignored due to the 'FORCE_COLOR' env being set.
(Use `node --trace-warnings ...` to show where the warning was created)
  ok  1 [chromium] › tests\e2e\detection-bulk-operation.spec.ts:3:1 › shows progress while pasting 5,000 detection boxes and keeps the result undoable (1.8m)
  ok  2 [chromium] › tests\e2e\segmentation-draw.spec.ts:5:1 › segmentation draw creates overlay state and enables undo (11.9s)
  ok  3 [chromium] › tests\e2e\segmentation-preprocessing-panel.spec.ts:3:1 › Image Preprocessing shows only settings for the selected Canvas View (10.4s)
  ok  4 [chromium] › tests\e2e\ux-stage1.spec.ts:13:3 › detection: numeric/button zoom and ROI selection preserve source labels (11.0s)
  ok  5 [chromium] › tests\e2e\ux-stage1.spec.ts:13:3 › segmentation: numeric/button zoom and ROI selection preserve source labels (12.1s)
  x   6 [chromium] › tests\e2e\ux-stage1.spec.ts:61:1 › YOLOE popup keeps actions visible and shows preset/operation state (1.5m)
(node:57288) Warning: The 'NO_COLOR' env is ignored due to the 'FORCE_COLOR' env being set.
(Use `node --trace-warnings ...` to show where the warning was created)
(node:57288) Warning: The 'NO_COLOR' env is ignored due to the 'FORCE_COLOR' env being set.
(Use `node --trace-warnings ...` to show where the warning was created)
  ok  7 [chromium] › tests\e2e\workflow-switching.spec.ts:5:1 › workflow switching keeps workflow-specific panels and state coherent (9.2s)
  x   8 [chromium] › tests\e2e\yoloe.spec.ts:41:64 › multiple existing labels and persistent presets run all images with progress for detection (19.1s)
(node:47036) Warning: The 'NO_COLOR' env is ignored due to the 'FORCE_COLOR' env being set.
(Use `node --trace-warnings ...` to show where the warning was created)
(node:47036) Warning: The 'NO_COLOR' env is ignored due to the 'FORCE_COLOR' env being set.
(Use `node --trace-warnings ...` to show where the warning was created)
  x   9 [chromium] › tests\e2e\yoloe.spec.ts:41:64 › multiple existing labels and persistent presets run all images with progress for segmentation (20.5s)
(node:58548) Warning: The 'NO_COLOR' env is ignored due to the 'FORCE_COLOR' env being set.
(Use `node --trace-warnings ...` to show where the warning was created)
(node:58548) Warning: The 'NO_COLOR' env is ignored due to the 'FORCE_COLOR' env being set.
(Use `node --trace-warnings ...` to show where the warning was created)
  x  10 [chromium] › tests\e2e\yoloe.spec.ts:120:64 › brush and eraser samples preserve holes, islands and zoomed coordinates for detection (17.6s)
(node:42548) Warning: The 'NO_COLOR' env is ignored due to the 'FORCE_COLOR' env being set.
(Use `node --trace-warnings ...` to show where the warning was created)
(node:42548) Warning: The 'NO_COLOR' env is ignored due to the 'FORCE_COLOR' env being set.
(Use `node --trace-warnings ...` to show where the warning was created)
  x  11 [chromium] › tests\e2e\yoloe.spec.ts:120:64 › brush and eraser samples preserve holes, islands and zoomed coordinates for segmentation (18.0s)
(node:38952) Warning: The 'NO_COLOR' env is ignored due to the 'FORCE_COLOR' env being set.
(Use `node --trace-warnings ...` to show where the warning was created)
(node:38952) Warning: The 'NO_COLOR' env is ignored due to the 'FORCE_COLOR' env being set.
(Use `node --trace-warnings ...` to show where the warning was created)
  x  12 [chromium] › tests\e2e\yoloe.spec.ts:252:98 › named mask samples find and save detection results at 1024 without changing source labels (9.6s)
(node:48520) Warning: The 'NO_COLOR' env is ignored due to the 'FORCE_COLOR' env being set.
(Use `node --trace-warnings ...` to show where the warning was created)
(node:48520) Warning: The 'NO_COLOR' env is ignored due to the 'FORCE_COLOR' env being set.
(Use `node --trace-warnings ...` to show where the warning was created)
  x  13 [chromium] › tests\e2e\yoloe.spec.ts:252:98 › named mask samples find and save detection results at 2048 without changing source labels (9.6s)
(node:62368) Warning: The 'NO_COLOR' env is ignored due to the 'FORCE_COLOR' env being set.
(Use `node --trace-warnings ...` to show where the warning was created)
(node:62368) Warning: The 'NO_COLOR' env is ignored due to the 'FORCE_COLOR' env being set.
(Use `node --trace-warnings ...` to show where the warning was created)
  x  14 [chromium] › tests\e2e\yoloe.spec.ts:252:98 › named mask samples find and save segmentation results at 1024 without changing source labels (9.9s)
(node:47460) Warning: The 'NO_COLOR' env is ignored due to the 'FORCE_COLOR' env being set.
(Use `node --trace-warnings ...` to show where the warning was created)
(node:47460) Warning: The 'NO_COLOR' env is ignored due to the 'FORCE_COLOR' env being set.
(Use `node --trace-warnings ...` to show where the warning was created)
  x  15 [chromium] › tests\e2e\yoloe.spec.ts:252:98 › named mask samples find and save segmentation results at 2048 without changing source labels (9.7s)
(node:48536) Warning: The 'NO_COLOR' env is ignored due to the 'FORCE_COLOR' env being set.
(Use `node --trace-warnings ...` to show where the warning was created)
(node:48536) Warning: The 'NO_COLOR' env is ignored due to the 'FORCE_COLOR' env being set.
(Use `node --trace-warnings ...` to show where the warning was created)
  x  16 [chromium] › tests\e2e\yoloe.spec.ts:341:1 › YOLOE setup fits a narrow viewport, follows the theme, and keeps settings after closing (6.9s)
(node:62596) Warning: The 'NO_COLOR' env is ignored due to the 'FORCE_COLOR' env being set.
(Use `node --trace-warnings ...` to show where the warning was created)
(node:62596) Warning: The 'NO_COLOR' env is ignored due to the 'FORCE_COLOR' env being set.
(Use `node --trace-warnings ...` to show where the warning was created)
  x  17 [chromium] › tests\e2e\yoloe.spec.ts:366:64 › popup zoom and pan preserve sample coordinates and preview detection on its selected image (10.4s)
(node:23548) Warning: The 'NO_COLOR' env is ignored due to the 'FORCE_COLOR' env being set.
(Use `node --trace-warnings ...` to show where the warning was created)
(node:23548) Warning: The 'NO_COLOR' env is ignored due to the 'FORCE_COLOR' env being set.
(Use `node --trace-warnings ...` to show where the warning was created)
  x  18 [chromium] › tests\e2e\yoloe.spec.ts:366:64 › popup zoom and pan preserve sample coordinates and preview segmentation on its selected image (10.7s)
(node:18316) Warning: The 'NO_COLOR' env is ignored due to the 'FORCE_COLOR' env being set.
(Use `node --trace-warnings ...` to show where the warning was created)
(node:18316) Warning: The 'NO_COLOR' env is ignored due to the 'FORCE_COLOR' env being set.
(Use `node --trace-warnings ...` to show where the warning was created)
  ok 19 [chromium] › tests\e2e\yoloe.spec.ts:465:1 › YOLOE reports unavailable service, missing models and stale API without repeated requests (7.3s)
  x  20 [chromium] › tests\e2e\yoloe.spec.ts:489:64 › CPU defaults to n and model changes re-encode samples for detection (9.8s)
(node:59408) Warning: The 'NO_COLOR' env is ignored due to the 'FORCE_COLOR' env being set.
(Use `node --trace-warnings ...` to show where the warning was created)
(node:59408) Warning: The 'NO_COLOR' env is ignored due to the 'FORCE_COLOR' env being set.
(Use `node --trace-warnings ...` to show where the warning was created)
  x  21 [chromium] › tests\e2e\yoloe.spec.ts:489:64 › CPU defaults to n and model changes re-encode samples for segmentation (9.9s)
(node:61312) Warning: The 'NO_COLOR' env is ignored due to the 'FORCE_COLOR' env being set.
(Use `node --trace-warnings ...` to show where the warning was created)
(node:61312) Warning: The 'NO_COLOR' env is ignored due to the 'FORCE_COLOR' env being set.
(Use `node --trace-warnings ...` to show where the warning was created)
  x  22 [chromium] › tests\e2e\yoloe.spec.ts:531:1 › existing mask labels become pixel-accurate samples without modifying the source (9.9s)
(node:17624) Warning: The 'NO_COLOR' env is ignored due to the 'FORCE_COLOR' env being set.
(Use `node --trace-warnings ...` to show where the warning was created)
(node:17624) Warning: The 'NO_COLOR' env is ignored due to the 'FORCE_COLOR' env being set.
(Use `node --trace-warnings ...` to show where the warning was created)
  x  23 [chromium] › tests\e2e\yoloe.spec.ts:598:1 › existing box prompts and settings remain available, with cancellation preserving labels (9.6s)
(node:8560) Warning: The 'NO_COLOR' env is ignored due to the 'FORCE_COLOR' env being set.
(Use `node --trace-warnings ...` to show where the warning was created)
(node:8560) Warning: The 'NO_COLOR' env is ignored due to the 'FORCE_COLOR' env being set.
(Use `node --trace-warnings ...` to show where the warning was created)
  x  24 [chromium] › tests\e2e\yoloe.spec.ts:638:1 › existing Detection boxes can be imported inside the popup from different images without main selection (9.4s)


  1) [chromium] › tests\e2e\ux-stage1.spec.ts:61:1 › YOLOE popup keeps actions visible and shows preset/operation state 

    [31mTest timeout of 90000ms exceeded.[39m

    Error: locator.click: Test timeout of 90000ms exceeded.
    Call log:
    [2m  - waiting for locator('#stopYoloePreviewBtn')[22m
    [2m    - locator resolved to <button type="button" id="stopYoloePreviewBtn" class="btn btn-outline-secondary btn-sm">Stop</button>[22m
    [2m  - attempting click action[22m
    [2m    2 × waiting for element to be visible, enabled and stable[22m
    [2m      - element is visible, enabled and stable[22m
    [2m      - scrolling into view if needed[22m
    [2m      - done scrolling[22m
    [2m      - <section role="status" aria-live="polite" aria-atomic="true" data-state="running" id="activeOperationPanel" class="active-operation-panel">…</section> from <div class="app-workspace" data-active-task="yoloe" data-active-inspector="annotation">…</div> subtree intercepts pointer events[22m
    [2m    - retrying click action[22m
    [2m    - waiting 20ms[22m
    [2m    2 × waiting for element to be visible, enabled and stable[22m
    [2m      - element is visible, enabled and stable[22m
    [2m      - scrolling into view if needed[22m
    [2m      - done scrolling[22m
    [2m      - <section role="status" aria-live="polite" aria-atomic="true" data-state="running" id="activeOperationPanel" class="active-operation-panel">…</section> from <div class="app-workspace" data-active-task="yoloe" data-active-inspector="annotation">…</div> subtree intercepts pointer events[22m
    [2m    - retrying click action[22m
    [2m      - waiting 100ms[22m
    [2m    4 × waiting for element to be visible, enabled and stable[22m
    [2m      - element is visible, enabled and stable[22m
    [2m      - scrolling into view if needed[22m
    [2m      - done scrolling[22m
    [2m      - <section role="status" aria-live="polite" aria-atomic="true" data-state="running" id="activeOperationPanel" class="active-operation-panel">…</section> from <div class="app-workspace" data-active-task="yoloe" data-active-inspector="annotation">…</div> subtree intercepts pointer events[22m
    [2m    - retrying click action[22m
    [2m      - waiting 500ms[22m
    [2m    150 × waiting for element to be visible, enabled and stable[22m
    [2m        - element is not visible[22m
    [2m      - retrying click action[22m
    [2m        - waiting 500ms[22m


      86 |   await expect(page.locator("#stopYoloePreviewBtn")).toBeVisible();
      87 |   expect(await inViewport("#stopYoloePreviewBtn")).toBe(true);
    > 88 |   await page.locator("#stopYoloePreviewBtn").click();
         |                                              ^
      89 |   await expect(page.locator("#yoloeSetupStatus")).toContainText("stopped");
      90 |   await expect(page.locator("#stopYoloePreviewBtn")).toBeHidden();
      91 |   await expect(page.locator("#previewYoloeSampleBtn")).toBeEnabled();
        at C:\Git\easy_labeling\tests\e2e\ux-stage1.spec.ts:88:46

    Error Context: test-results\ux-stage1-YOLOE-popup-keep-9e851-hows-preset-operation-state-chromium\error-context.md

  2) [chromium] › tests\e2e\yoloe.spec.ts:41:64 › multiple existing labels and persistent presets run all images with progress for detection 

    Error: locator.click: Error: strict mode violation: locator('#yoloeSetupModal').getByRole('button', { name: 'Close', exact: true }) resolved to 2 elements:
        1) <button type="button" class="btn-close" aria-label="Close" data-bs-dismiss="modal"></button> aka getByRole('dialog', { name: 'YOLOE-26 · Samples & settings' }).getByLabel('Close', { exact: true })
        2) <button type="button" id="closeYoloeSetupBtn" data-bs-dismiss="modal" class="btn btn-outline-secondary btn-sm">Close</button> aka getByLabel('YOLOE-26 · Samples & settings').getByText('Close', { exact: true })

    Call log:
    [2m  - waiting for locator('#yoloeSetupModal').getByRole('button', { name: 'Close', exact: true })[22m


       9 |
      10 | async function closeSetup(page: Page): Promise<void> {
    > 11 |   await page.locator("#yoloeSetupModal").getByRole("button", { name: "Close", exact: true }).click();
         |                                                                                              ^
      12 |   await expect(page.locator("#yoloeSetupModal")).toBeHidden();
      13 |   await expect(page.locator("#openYoloeSetupBtn")).toBeFocused();
      14 | }
        at closeSetup (C:\Git\easy_labeling\tests\e2e\yoloe.spec.ts:11:94)
        at C:\Git\easy_labeling\tests\e2e\yoloe.spec.ts:97:9

    Error Context: test-results\yoloe-multiple-existing-la-782ad-with-progress-for-detection-chromium\error-context.md

  3) [chromium] › tests\e2e\yoloe.spec.ts:41:64 › multiple existing labels and persistent presets run all images with progress for segmentation 

    Error: locator.click: Error: strict mode violation: locator('#yoloeSetupModal').getByRole('button', { name: 'Close', exact: true }) resolved to 2 elements:
        1) <button type="button" class="btn-close" aria-label="Close" data-bs-dismiss="modal"></button> aka getByRole('dialog', { name: 'YOLOE-26 · Samples & settings' }).getByLabel('Close', { exact: true })
        2) <button type="button" id="closeYoloeSetupBtn" data-bs-dismiss="modal" class="btn btn-outline-secondary btn-sm">Close</button> aka getByLabel('YOLOE-26 · Samples & settings').getByText('Close', { exact: true })

    Call log:
    [2m  - waiting for locator('#yoloeSetupModal').getByRole('button', { name: 'Close', exact: true })[22m


       9 |
      10 | async function closeSetup(page: Page): Promise<void> {
    > 11 |   await page.locator("#yoloeSetupModal").getByRole("button", { name: "Close", exact: true }).click();
         |                                                                                              ^
      12 |   await expect(page.locator("#yoloeSetupModal")).toBeHidden();
      13 |   await expect(page.locator("#openYoloeSetupBtn")).toBeFocused();
      14 | }
        at closeSetup (C:\Git\easy_labeling\tests\e2e\yoloe.spec.ts:11:94)
        at C:\Git\easy_labeling\tests\e2e\yoloe.spec.ts:97:9

    Error Context: test-results\yoloe-multiple-existing-la-16e68-h-progress-for-segmentation-chromium\error-context.md

  4) [chromium] › tests\e2e\yoloe.spec.ts:120:64 › brush and eraser samples preserve holes, islands and zoomed coordinates for detection 

    Error: locator.click: Error: strict mode violation: locator('#yoloeSetupModal').getByRole('button', { name: 'Close', exact: true }) resolved to 2 elements:
        1) <button type="button" class="btn-close" aria-label="Close" data-bs-dismiss="modal"></button> aka getByRole('dialog', { name: 'YOLOE-26 · Samples & settings' }).getByLabel('Close', { exact: true })
        2) <button type="button" id="closeYoloeSetupBtn" data-bs-dismiss="modal" class="btn btn-outline-secondary btn-sm">Close</button> aka getByLabel('YOLOE-26 · Samples & settings').getByText('Close', { exact: true })

    Call log:
    [2m  - waiting for locator('#yoloeSetupModal').getByRole('button', { name: 'Close', exact: true })[22m


       9 |
      10 | async function closeSetup(page: Page): Promise<void> {
    > 11 |   await page.locator("#yoloeSetupModal").getByRole("button", { name: "Close", exact: true }).click();
         |                                                                                              ^
      12 |   await expect(page.locator("#yoloeSetupModal")).toBeHidden();
      13 |   await expect(page.locator("#openYoloeSetupBtn")).toBeFocused();
      14 | }
        at closeSetup (C:\Git\easy_labeling\tests\e2e\yoloe.spec.ts:11:94)
        at C:\Git\easy_labeling\tests\e2e\yoloe.spec.ts:248:9

    Error Context: test-results\yoloe-brush-and-eraser-sam-bd0ad-d-coordinates-for-detection-chromium\error-context.md

  5) [chromium] › tests\e2e\yoloe.spec.ts:120:64 › brush and eraser samples preserve holes, islands and zoomed coordinates for segmentation 

    Error: locator.click: Error: strict mode violation: locator('#yoloeSetupModal').getByRole('button', { name: 'Close', exact: true }) resolved to 2 elements:
        1) <button type="button" class="btn-close" aria-label="Close" data-bs-dismiss="modal"></button> aka getByRole('dialog', { name: 'YOLOE-26 · Samples & settings' }).getByLabel('Close', { exact: true })
        2) <button type="button" id="closeYoloeSetupBtn" data-bs-dismiss="modal" class="btn btn-outline-secondary btn-sm">Close</button> aka getByLabel('YOLOE-26 · Samples & settings').getByText('Close', { exact: true })

    Call log:
    [2m  - waiting for locator('#yoloeSetupModal').getByRole('button', { name: 'Close', exact: true })[22m


       9 |
      10 | async function closeSetup(page: Page): Promise<void> {
    > 11 |   await page.locator("#yoloeSetupModal").getByRole("button", { name: "Close", exact: true }).click();
         |                                                                                              ^
      12 |   await expect(page.locator("#yoloeSetupModal")).toBeHidden();
      13 |   await expect(page.locator("#openYoloeSetupBtn")).toBeFocused();
      14 | }
        at closeSetup (C:\Git\easy_labeling\tests\e2e\yoloe.spec.ts:11:94)
        at C:\Git\easy_labeling\tests\e2e\yoloe.spec.ts:248:9

    Error Context: test-results\yoloe-brush-and-eraser-sam-5cb7f-oordinates-for-segmentation-chromium\error-context.md

  6) [chromium] › tests\e2e\yoloe.spec.ts:252:98 › named mask samples find and save detection results at 1024 without changing source labels 

    Error: locator.click: Error: strict mode violation: locator('#yoloeSetupModal').getByRole('button', { name: 'Close', exact: true }) resolved to 2 elements:
        1) <button type="button" class="btn-close" aria-label="Close" data-bs-dismiss="modal"></button> aka getByRole('dialog', { name: 'YOLOE-26 · Samples & settings' }).getByLabel('Close', { exact: true })
        2) <button type="button" id="closeYoloeSetupBtn" data-bs-dismiss="modal" class="btn btn-outline-secondary btn-sm">Close</button> aka getByLabel('YOLOE-26 · Samples & settings').getByText('Close', { exact: true })

    Call log:
    [2m  - waiting for locator('#yoloeSetupModal').getByRole('button', { name: 'Close', exact: true })[22m


       9 |
      10 | async function closeSetup(page: Page): Promise<void> {
    > 11 |   await page.locator("#yoloeSetupModal").getByRole("button", { name: "Close", exact: true }).click();
         |                                                                                              ^
      12 |   await expect(page.locator("#yoloeSetupModal")).toBeHidden();
      13 |   await expect(page.locator("#openYoloeSetupBtn")).toBeFocused();
      14 | }
        at closeSetup (C:\Git\easy_labeling\tests\e2e\yoloe.spec.ts:11:94)
        at C:\Git\easy_labeling\tests\e2e\yoloe.spec.ts:291:9

    Error Context: test-results\yoloe-named-mask-samples-f-45738-hout-changing-source-labels-chromium\error-context.md

  7) [chromium] › tests\e2e\yoloe.spec.ts:252:98 › named mask samples find and save detection results at 2048 without changing source labels 

    Error: locator.click: Error: strict mode violation: locator('#yoloeSetupModal').getByRole('button', { name: 'Close', exact: true }) resolved to 2 elements:
        1) <button type="button" class="btn-close" aria-label="Close" data-bs-dismiss="modal"></button> aka getByRole('dialog', { name: 'YOLOE-26 · Samples & settings' }).getByLabel('Close', { exact: true })
        2) <button type="button" id="closeYoloeSetupBtn" data-bs-dismiss="modal" class="btn btn-outline-secondary btn-sm">Close</button> aka getByLabel('YOLOE-26 · Samples & settings').getByText('Close', { exact: true })

    Call log:
    [2m  - waiting for locator('#yoloeSetupModal').getByRole('button', { name: 'Close', exact: true })[22m


       9 |
      10 | async function closeSetup(page: Page): Promise<void> {
    > 11 |   await page.locator("#yoloeSetupModal").getByRole("button", { name: "Close", exact: true }).click();
         |                                                                                              ^
      12 |   await expect(page.locator("#yoloeSetupModal")).toBeHidden();
      13 |   await expect(page.locator("#openYoloeSetupBtn")).toBeFocused();
      14 | }
        at closeSetup (C:\Git\easy_labeling\tests\e2e\yoloe.spec.ts:11:94)
        at C:\Git\easy_labeling\tests\e2e\yoloe.spec.ts:291:9

    Error Context: test-results\yoloe-named-mask-samples-f-ebc42-hout-changing-source-labels-chromium\error-context.md

  8) [chromium] › tests\e2e\yoloe.spec.ts:252:98 › named mask samples find and save segmentation results at 1024 without changing source labels 

    Error: locator.click: Error: strict mode violation: locator('#yoloeSetupModal').getByRole('button', { name: 'Close', exact: true }) resolved to 2 elements:
        1) <button type="button" class="btn-close" aria-label="Close" data-bs-dismiss="modal"></button> aka getByRole('dialog', { name: 'YOLOE-26 · Samples & settings' }).getByLabel('Close', { exact: true })
        2) <button type="button" id="closeYoloeSetupBtn" data-bs-dismiss="modal" class="btn btn-outline-secondary btn-sm">Close</button> aka getByLabel('YOLOE-26 · Samples & settings').getByText('Close', { exact: true })

    Call log:
    [2m  - waiting for locator('#yoloeSetupModal').getByRole('button', { name: 'Close', exact: true })[22m


       9 |
      10 | async function closeSetup(page: Page): Promise<void> {
    > 11 |   await page.locator("#yoloeSetupModal").getByRole("button", { name: "Close", exact: true }).click();
         |                                                                                              ^
      12 |   await expect(page.locator("#yoloeSetupModal")).toBeHidden();
      13 |   await expect(page.locator("#openYoloeSetupBtn")).toBeFocused();
      14 | }
        at closeSetup (C:\Git\easy_labeling\tests\e2e\yoloe.spec.ts:11:94)
        at C:\Git\easy_labeling\tests\e2e\yoloe.spec.ts:291:9

    Error Context: test-results\yoloe-named-mask-samples-f-4aa99-hout-changing-source-labels-chromium\error-context.md

  9) [chromium] › tests\e2e\yoloe.spec.ts:252:98 › named mask samples find and save segmentation results at 2048 without changing source labels 

    Error: locator.click: Error: strict mode violation: locator('#yoloeSetupModal').getByRole('button', { name: 'Close', exact: true }) resolved to 2 elements:
        1) <button type="button" class="btn-close" aria-label="Close" data-bs-dismiss="modal"></button> aka getByRole('dialog', { name: 'YOLOE-26 · Samples & settings' }).getByLabel('Close', { exact: true })
        2) <button type="button" id="closeYoloeSetupBtn" data-bs-dismiss="modal" class="btn btn-outline-secondary btn-sm">Close</button> aka getByLabel('YOLOE-26 · Samples & settings').getByText('Close', { exact: true })

    Call log:
    [2m  - waiting for locator('#yoloeSetupModal').getByRole('button', { name: 'Close', exact: true })[22m


       9 |
      10 | async function closeSetup(page: Page): Promise<void> {
    > 11 |   await page.locator("#yoloeSetupModal").getByRole("button", { name: "Close", exact: true }).click();
         |                                                                                              ^
      12 |   await expect(page.locator("#yoloeSetupModal")).toBeHidden();
      13 |   await expect(page.locator("#openYoloeSetupBtn")).toBeFocused();
      14 | }
        at closeSetup (C:\Git\easy_labeling\tests\e2e\yoloe.spec.ts:11:94)
        at C:\Git\easy_labeling\tests\e2e\yoloe.spec.ts:291:9

    Error Context: test-results\yoloe-named-mask-samples-f-97c65-hout-changing-source-labels-chromium\error-context.md

  10) [chromium] › tests\e2e\yoloe.spec.ts:341:1 › YOLOE setup fits a narrow viewport, follows the theme, and keeps settings after closing 

    Error: locator.click: Error: strict mode violation: locator('#yoloeSetupModal').getByRole('button', { name: 'Close', exact: true }) resolved to 2 elements:
        1) <button type="button" class="btn-close" aria-label="Close" data-bs-dismiss="modal"></button> aka getByRole('dialog', { name: 'YOLOE-26 · Samples & settings' }).getByLabel('Close', { exact: true })
        2) <button type="button" id="closeYoloeSetupBtn" data-bs-dismiss="modal" class="btn btn-outline-secondary btn-sm">Close</button> aka getByLabel('YOLOE-26 · Samples & settings').getByText('Close', { exact: true })

    Call log:
    [2m  - waiting for locator('#yoloeSetupModal').getByRole('button', { name: 'Close', exact: true })[22m


       9 |
      10 | async function closeSetup(page: Page): Promise<void> {
    > 11 |   await page.locator("#yoloeSetupModal").getByRole("button", { name: "Close", exact: true }).click();
         |                                                                                              ^
      12 |   await expect(page.locator("#yoloeSetupModal")).toBeHidden();
      13 |   await expect(page.locator("#openYoloeSetupBtn")).toBeFocused();
      14 | }
        at closeSetup (C:\Git\easy_labeling\tests\e2e\yoloe.spec.ts:11:94)
        at C:\Git\easy_labeling\tests\e2e\yoloe.spec.ts:350:9

    Error Context: test-results\yoloe-YOLOE-setup-fits-a-n-d0811-eeps-settings-after-closing-chromium\error-context.md

  11) [chromium] › tests\e2e\yoloe.spec.ts:366:64 › popup zoom and pan preserve sample coordinates and preview detection on its selected image 

    Error: locator.click: Error: strict mode violation: locator('#yoloeSetupModal').getByRole('button', { name: 'Close', exact: true }) resolved to 2 elements:
        1) <button type="button" class="btn-close" aria-label="Close" data-bs-dismiss="modal"></button> aka getByRole('dialog', { name: 'YOLOE-26 · Samples & settings' }).getByLabel('Close', { exact: true })
        2) <button type="button" id="closeYoloeSetupBtn" data-bs-dismiss="modal" class="btn btn-outline-secondary btn-sm">Close</button> aka getByLabel('YOLOE-26 · Samples & settings').getByText('Close', { exact: true })

    Call log:
    [2m  - waiting for locator('#yoloeSetupModal').getByRole('button', { name: 'Close', exact: true })[22m


       9 |
      10 | async function closeSetup(page: Page): Promise<void> {
    > 11 |   await page.locator("#yoloeSetupModal").getByRole("button", { name: "Close", exact: true }).click();
         |                                                                                              ^
      12 |   await expect(page.locator("#yoloeSetupModal")).toBeHidden();
      13 |   await expect(page.locator("#openYoloeSetupBtn")).toBeFocused();
      14 | }
        at closeSetup (C:\Git\easy_labeling\tests\e2e\yoloe.spec.ts:11:94)
        at C:\Git\easy_labeling\tests\e2e\yoloe.spec.ts:460:9

    Error Context: test-results\yoloe-popup-zoom-and-pan-p-cc079-ction-on-its-selected-image-chromium\error-context.md

  12) [chromium] › tests\e2e\yoloe.spec.ts:366:64 › popup zoom and pan preserve sample coordinates and preview segmentation on its selected image 

    Error: locator.click: Error: strict mode violation: locator('#yoloeSetupModal').getByRole('button', { name: 'Close', exact: true }) resolved to 2 elements:
        1) <button type="button" class="btn-close" aria-label="Close" data-bs-dismiss="modal"></button> aka getByRole('dialog', { name: 'YOLOE-26 · Samples & settings' }).getByLabel('Close', { exact: true })
        2) <button type="button" id="closeYoloeSetupBtn" data-bs-dismiss="modal" class="btn btn-outline-secondary btn-sm">Close</button> aka getByLabel('YOLOE-26 · Samples & settings').getByText('Close', { exact: true })

    Call log:
    [2m  - waiting for locator('#yoloeSetupModal').getByRole('button', { name: 'Close', exact: true })[22m


       9 |
      10 | async function closeSetup(page: Page): Promise<void> {
    > 11 |   await page.locator("#yoloeSetupModal").getByRole("button", { name: "Close", exact: true }).click();
         |                                                                                              ^
      12 |   await expect(page.locator("#yoloeSetupModal")).toBeHidden();
      13 |   await expect(page.locator("#openYoloeSetupBtn")).toBeFocused();
      14 | }
        at closeSetup (C:\Git\easy_labeling\tests\e2e\yoloe.spec.ts:11:94)
        at C:\Git\easy_labeling\tests\e2e\yoloe.spec.ts:460:9

    Error Context: test-results\yoloe-popup-zoom-and-pan-p-f4bdc-ation-on-its-selected-image-chromium\error-context.md

  13) [chromium] › tests\e2e\yoloe.spec.ts:489:64 › CPU defaults to n and model changes re-encode samples for detection 

    Error: locator.click: Error: strict mode violation: locator('#yoloeSetupModal').getByRole('button', { name: 'Close', exact: true }) resolved to 2 elements:
        1) <button type="button" class="btn-close" aria-label="Close" data-bs-dismiss="modal"></button> aka getByRole('dialog', { name: 'YOLOE-26 · Samples & settings' }).getByLabel('Close', { exact: true })
        2) <button type="button" id="closeYoloeSetupBtn" data-bs-dismiss="modal" class="btn btn-outline-secondary btn-sm">Close</button> aka getByLabel('YOLOE-26 · Samples & settings').getByText('Close', { exact: true })

    Call log:
    [2m  - waiting for locator('#yoloeSetupModal').getByRole('button', { name: 'Close', exact: true })[22m


       9 |
      10 | async function closeSetup(page: Page): Promise<void> {
    > 11 |   await page.locator("#yoloeSetupModal").getByRole("button", { name: "Close", exact: true }).click();
         |                                                                                              ^
      12 |   await expect(page.locator("#yoloeSetupModal")).toBeHidden();
      13 |   await expect(page.locator("#openYoloeSetupBtn")).toBeFocused();
      14 | }
        at closeSetup (C:\Git\easy_labeling\tests\e2e\yoloe.spec.ts:11:94)
        at C:\Git\easy_labeling\tests\e2e\yoloe.spec.ts:520:11

    Error Context: test-results\yoloe-CPU-defaults-to-n-an-72cee-ncode-samples-for-detection-chromium\error-context.md

  14) [chromium] › tests\e2e\yoloe.spec.ts:489:64 › CPU defaults to n and model changes re-encode samples for segmentation 

    Error: locator.click: Error: strict mode violation: locator('#yoloeSetupModal').getByRole('button', { name: 'Close', exact: true }) resolved to 2 elements:
        1) <button type="button" class="btn-close" aria-label="Close" data-bs-dismiss="modal"></button> aka getByRole('dialog', { name: 'YOLOE-26 · Samples & settings' }).getByLabel('Close', { exact: true })
        2) <button type="button" id="closeYoloeSetupBtn" data-bs-dismiss="modal" class="btn btn-outline-secondary btn-sm">Close</button> aka getByLabel('YOLOE-26 · Samples & settings').getByText('Close', { exact: true })

    Call log:
    [2m  - waiting for locator('#yoloeSetupModal').getByRole('button', { name: 'Close', exact: true })[22m


       9 |
      10 | async function closeSetup(page: Page): Promise<void> {
    > 11 |   await page.locator("#yoloeSetupModal").getByRole("button", { name: "Close", exact: true }).click();
         |                                                                                              ^
      12 |   await expect(page.locator("#yoloeSetupModal")).toBeHidden();
      13 |   await expect(page.locator("#openYoloeSetupBtn")).toBeFocused();
      14 | }
        at closeSetup (C:\Git\easy_labeling\tests\e2e\yoloe.spec.ts:11:94)
        at C:\Git\easy_labeling\tests\e2e\yoloe.spec.ts:520:11

    Error Context: test-results\yoloe-CPU-defaults-to-n-an-6a9f2-de-samples-for-segmentation-chromium\error-context.md

  15) [chromium] › tests\e2e\yoloe.spec.ts:531:1 › existing mask labels become pixel-accurate samples without modifying the source 

    Error: locator.click: Error: strict mode violation: locator('#yoloeSetupModal').getByRole('button', { name: 'Close', exact: true }) resolved to 2 elements:
        1) <button type="button" class="btn-close" aria-label="Close" data-bs-dismiss="modal"></button> aka getByRole('dialog', { name: 'YOLOE-26 · Samples & settings' }).getByLabel('Close', { exact: true })
        2) <button type="button" id="closeYoloeSetupBtn" data-bs-dismiss="modal" class="btn btn-outline-secondary btn-sm">Close</button> aka getByLabel('YOLOE-26 · Samples & settings').getByText('Close', { exact: true })

    Call log:
    [2m  - waiting for locator('#yoloeSetupModal').getByRole('button', { name: 'Close', exact: true })[22m


       9 |
      10 | async function closeSetup(page: Page): Promise<void> {
    > 11 |   await page.locator("#yoloeSetupModal").getByRole("button", { name: "Close", exact: true }).click();
         |                                                                                              ^
      12 |   await expect(page.locator("#yoloeSetupModal")).toBeHidden();
      13 |   await expect(page.locator("#openYoloeSetupBtn")).toBeFocused();
      14 | }
        at closeSetup (C:\Git\easy_labeling\tests\e2e\yoloe.spec.ts:11:94)
        at C:\Git\easy_labeling\tests\e2e\yoloe.spec.ts:560:9

    Error Context: test-results\yoloe-existing-mask-labels-3bd23-ithout-modifying-the-source-chromium\error-context.md

  16) [chromium] › tests\e2e\yoloe.spec.ts:598:1 › existing box prompts and settings remain available, with cancellation preserving labels 

    Error: locator.click: Error: strict mode violation: locator('#yoloeSetupModal').getByRole('button', { name: 'Close', exact: true }) resolved to 2 elements:
        1) <button type="button" class="btn-close" aria-label="Close" data-bs-dismiss="modal"></button> aka getByRole('dialog', { name: 'YOLOE-26 · Samples & settings' }).getByLabel('Close', { exact: true })
        2) <button type="button" id="closeYoloeSetupBtn" data-bs-dismiss="modal" class="btn btn-outline-secondary btn-sm">Close</button> aka getByLabel('YOLOE-26 · Samples & settings').getByText('Close', { exact: true })

    Call log:
    [2m  - waiting for locator('#yoloeSetupModal').getByRole('button', { name: 'Close', exact: true })[22m


       9 |
      10 | async function closeSetup(page: Page): Promise<void> {
    > 11 |   await page.locator("#yoloeSetupModal").getByRole("button", { name: "Close", exact: true }).click();
         |                                                                                              ^
      12 |   await expect(page.locator("#yoloeSetupModal")).toBeHidden();
      13 |   await expect(page.locator("#openYoloeSetupBtn")).toBeFocused();
      14 | }
        at closeSetup (C:\Git\easy_labeling\tests\e2e\yoloe.spec.ts:11:94)
        at C:\Git\easy_labeling\tests\e2e\yoloe.spec.ts:616:9

    Error Context: test-results\yoloe-existing-box-prompts-ccfa8-cellation-preserving-labels-chromium\error-context.md

  17) [chromium] › tests\e2e\yoloe.spec.ts:638:1 › existing Detection boxes can be imported inside the popup from different images without main selection 

    Error: locator.click: Error: strict mode violation: locator('#yoloeSetupModal').getByRole('button', { name: 'Close', exact: true }) resolved to 2 elements:
        1) <button type="button" class="btn-close" aria-label="Close" data-bs-dismiss="modal"></button> aka getByRole('dialog', { name: 'YOLOE-26 · Samples & settings' }).getByLabel('Close', { exact: true })
        2) <button type="button" id="closeYoloeSetupBtn" data-bs-dismiss="modal" class="btn btn-outline-secondary btn-sm">Close</button> aka getByLabel('YOLOE-26 · Samples & settings').getByText('Close', { exact: true })

    Call log:
    [2m  - waiting for locator('#yoloeSetupModal').getByRole('button', { name: 'Close', exact: true })[22m


       9 |
      10 | async function closeSetup(page: Page): Promise<void> {
    > 11 |   await page.locator("#yoloeSetupModal").getByRole("button", { name: "Close", exact: true }).click();
         |                                                                                              ^
      12 |   await expect(page.locator("#yoloeSetupModal")).toBeHidden();
      13 |   await expect(page.locator("#openYoloeSetupBtn")).toBeFocused();
      14 | }
        at closeSetup (C:\Git\easy_labeling\tests\e2e\yoloe.spec.ts:11:94)
        at C:\Git\easy_labeling\tests\e2e\yoloe.spec.ts:680:9

    Error Context: test-results\yoloe-existing-Detection-b-202a4-ages-without-main-selection-chromium\error-context.md

  17 failed
    [chromium] › tests\e2e\ux-stage1.spec.ts:61:1 › YOLOE popup keeps actions visible and shows preset/operation state 
    [chromium] › tests\e2e\yoloe.spec.ts:41:64 › multiple existing labels and persistent presets run all images with progress for detection 
    [chromium] › tests\e2e\yoloe.spec.ts:41:64 › multiple existing labels and persistent presets run all images with progress for segmentation 
    [chromium] › tests\e2e\yoloe.spec.ts:120:64 › brush and eraser samples preserve holes, islands and zoomed coordinates for detection 
    [chromium] › tests\e2e\yoloe.spec.ts:120:64 › brush and eraser samples preserve holes, islands and zoomed coordinates for segmentation 
    [chromium] › tests\e2e\yoloe.spec.ts:252:98 › named mask samples find and save detection results at 1024 without changing source labels 
    [chromium] › tests\e2e\yoloe.spec.ts:252:98 › named mask samples find and save detection results at 2048 without changing source labels 
    [chromium] › tests\e2e\yoloe.spec.ts:252:98 › named mask samples find and save segmentation results at 1024 without changing source labels 
    [chromium] › tests\e2e\yoloe.spec.ts:252:98 › named mask samples find and save segmentation results at 2048 without changing source labels 
    [chromium] › tests\e2e\yoloe.spec.ts:341:1 › YOLOE setup fits a narrow viewport, follows the theme, and keeps settings after closing 
    [chromium] › tests\e2e\yoloe.spec.ts:366:64 › popup zoom and pan preserve sample coordinates and preview detection on its selected image 
    [chromium] › tests\e2e\yoloe.spec.ts:366:64 › popup zoom and pan preserve sample coordinates and preview segmentation on its selected image 
    [chromium] › tests\e2e\yoloe.spec.ts:489:64 › CPU defaults to n and model changes re-encode samples for detection 
    [chromium] › tests\e2e\yoloe.spec.ts:489:64 › CPU defaults to n and model changes re-encode samples for segmentation 
    [chromium] › tests\e2e\yoloe.spec.ts:531:1 › existing mask labels become pixel-accurate samples without modifying the source 
    [chromium] › tests\e2e\yoloe.spec.ts:598:1 › existing box prompts and settings remain available, with cancellation preserving labels 
    [chromium] › tests\e2e\yoloe.spec.ts:638:1 › existing Detection boxes can be imported inside the popup from different images without main selection 
  7 passed (7.8m)
