
Running 11 tests using 1 worker

(node:48164) Warning: The 'NO_COLOR' env is ignored due to the 'FORCE_COLOR' env being set.
(Use `node --trace-warnings ...` to show where the warning was created)
(node:48164) Warning: The 'NO_COLOR' env is ignored due to the 'FORCE_COLOR' env being set.
(Use `node --trace-warnings ...` to show where the warning was created)
  x   1 [chromium] › tests\e2e\alignment-history.spec.ts:61:1 › arrange/history: align-left, undo/redo, distribute, delete, undo-delete (1.0m)
(node:35304) Warning: The 'NO_COLOR' env is ignored due to the 'FORCE_COLOR' env being set.
(Use `node --trace-warnings ...` to show where the warning was created)
(node:35304) Warning: The 'NO_COLOR' env is ignored due to the 'FORCE_COLOR' env being set.
(Use `node --trace-warnings ...` to show where the warning was created)
  ok  2 [chromium] › tests\e2e\alignment-history.spec.ts:294:1 › arrange/history: class-group selection restores exact geometry after align-left undo (6.3s)
  ok  3 [chromium] › tests\e2e\segmentation-draw.spec.ts:5:1 › segmentation draw creates overlay state and enables undo (10.0s)
  ok  4 [chromium] › tests\e2e\segmentation-preprocessing-panel.spec.ts:3:1 › Image Preprocessing shows only settings for the selected Canvas View (8.4s)
  ok  5 [chromium] › tests\e2e\ux-stage2.spec.ts:13:3 › detection: existing label thumbnails, class filter and focus preserve original labels (12.3s)
  ok  6 [chromium] › tests\e2e\ux-stage2.spec.ts:13:3 › segmentation: existing label thumbnails, class filter and focus preserve original labels (12.0s)
  x   7 [chromium] › tests\e2e\ux-stage2.spec.ts:58:1 › empty startup, compact dataset management and panel/tool navigation remain clear (10.7s)
(node:45268) Warning: The 'NO_COLOR' env is ignored due to the 'FORCE_COLOR' env being set.
(Use `node --trace-warnings ...` to show where the warning was created)
(node:45268) Warning: The 'NO_COLOR' env is ignored due to the 'FORCE_COLOR' env being set.
(Use `node --trace-warnings ...` to show where the warning was created)
  ok  8 [chromium] › tests\e2e\ux-stage2.spec.ts:101:1 › Template results lead diagnostics and real dry runs distinguish no targets from errors (18.6s)
  ok  9 [chromium] › tests\e2e\ux-stage2.spec.ts:153:3 › light: Review actions lead the panel and Mask classes have independent paint/visibility (9.3s)
  ok 10 [chromium] › tests\e2e\ux-stage2.spec.ts:153:3 › dark: Review actions lead the panel and Mask classes have independent paint/visibility (8.8s)
  ok 11 [chromium] › tests\e2e\workflow-switching.spec.ts:5:1 › workflow switching keeps workflow-specific panels and state coherent (10.5s)


  1) [chromium] › tests\e2e\alignment-history.spec.ts:61:1 › arrange/history: align-left, undo/redo, distribute, delete, undo-delete

    [31mTest timeout of 60000ms exceeded.[39m

    Error: locator.click: Test timeout of 60000ms exceeded.
    Call log:
    [2m  - waiting for locator('#selectImageFolderBtn')[22m
    [2m    - locator resolved to <button type="button" title="Open Dataset" class="btn btn-primary" id="selectImageFolderBtn" aria-label="Open Dataset" data-ui="load-image-folder">Open Dataset</button>[22m
    [2m  - attempting click action[22m
    [2m    2 × waiting for element to be visible, enabled and stable[22m
    [2m      - element is visible, enabled and stable[22m
    [2m      - scrolling into view if needed[22m
    [2m      - done scrolling[22m
    [2m      - <div class="main-container">…</div> intercepts pointer events[22m
    [2m    - retrying click action[22m
    [2m    - waiting 20ms[22m
    [2m    2 × waiting for element to be visible, enabled and stable[22m
    [2m      - element is visible, enabled and stable[22m
    [2m      - scrolling into view if needed[22m
    [2m      - done scrolling[22m
    [2m      - <div class="main-container">…</div> intercepts pointer events[22m
    [2m    - retrying click action[22m
    [2m      - waiting 100ms[22m
    [2m    3 × waiting for element to be visible, enabled and stable[22m
    [2m      - element is visible, enabled and stable[22m
    [2m      - scrolling into view if needed[22m
    [2m      - done scrolling[22m
    [2m      - <div class="main-container">…</div> intercepts pointer events[22m
    [2m    - retrying click action[22m
    [2m      - waiting 500ms[22m


      167 |   await page.goto("/index.html", { waitUntil: "domcontentloaded" });
      168 |   await expect.poll(() => page.evaluate(() => Boolean(Reflect.get(window, "__easyLabelingTestApi")))).toBe(true);
    > 169 |   await page.locator("#selectImageFolderBtn").click();
          |                                               ^
      170 |
      171 |   await expect.poll(async () => (await readSnapshot(page)).rectCount).toBe(3);
      172 |   await expect.poll(async () => (await readSnapshot(page)).labelRowCount).toBe(3);
        at C:\Git\easy_labeling\tests\e2e\alignment-history.spec.ts:169:47

    Error Context: test-results\alignment-history-arrange--ffd1f-stribute-delete-undo-delete-chromium\error-context.md

  2) [chromium] › tests\e2e\ux-stage2.spec.ts:58:1 › empty startup, compact dataset management and panel/tool navigation remain clear

    Error: [2mexpect([22m[31mreceived[39m[2m).[22mtoBeLessThanOrEqual[2m([22m[32mexpected[39m[2m)[22m

    Expected: <= [32m1[39m
    Received:    [31m4[39m

       96 |   }
       97 |   await page.locator("#taskSuperpixelBtn").click();
    >  98 |   expect(await page.locator("#segmentationSuperpixelWorkspace").evaluate((panel) => panel.scrollWidth - panel.clientWidth)).toBeLessThanOrEqual(1);
          |                                                                                                                             ^
       99 | });
      100 |
      101 | test("Template results lead diagnostics and real dry runs distinguish no targets from errors", async ({ page }) => {
        at C:\Git\easy_labeling\tests\e2e\ux-stage2.spec.ts:98:125

    Error Context: test-results\ux-stage2-empty-startup-co-52905-ool-navigation-remain-clear-chromium\error-context.md

  2 failed
    [chromium] › tests\e2e\alignment-history.spec.ts:61:1 › arrange/history: align-left, undo/redo, distribute, delete, undo-delete
    [chromium] › tests\e2e\ux-stage2.spec.ts:58:1 › empty startup, compact dataset management and panel/tool navigation remain clear
  9 passed (2.8m)
