
Running 11 tests using 1 worker

(node:61464) Warning: The 'NO_COLOR' env is ignored due to the 'FORCE_COLOR' env being set.
(Use `node --trace-warnings ...` to show where the warning was created)
(node:61464) Warning: The 'NO_COLOR' env is ignored due to the 'FORCE_COLOR' env being set.
(Use `node --trace-warnings ...` to show where the warning was created)
  x   1 [chromium] › tests\e2e\alignment-history.spec.ts:61:1 › arrange/history: align-left, undo/redo, distribute, delete, undo-delete (35.0s)
(node:28724) Warning: The 'NO_COLOR' env is ignored due to the 'FORCE_COLOR' env being set.
(Use `node --trace-warnings ...` to show where the warning was created)
(node:28724) Warning: The 'NO_COLOR' env is ignored due to the 'FORCE_COLOR' env being set.
(Use `node --trace-warnings ...` to show where the warning was created)
  x   2 [chromium] › tests\e2e\alignment-history.spec.ts:293:1 › arrange/history: class-group selection restores exact geometry after align-left undo (30.0s)
(node:43604) Warning: The 'NO_COLOR' env is ignored due to the 'FORCE_COLOR' env being set.
(Use `node --trace-warnings ...` to show where the warning was created)
(node:43604) Warning: The 'NO_COLOR' env is ignored due to the 'FORCE_COLOR' env being set.
(Use `node --trace-warnings ...` to show where the warning was created)
  ok  3 [chromium] › tests\e2e\segmentation-draw.spec.ts:5:1 › segmentation draw creates overlay state and enables undo (10.1s)
  ok  4 [chromium] › tests\e2e\segmentation-preprocessing-panel.spec.ts:3:1 › Image Preprocessing shows only settings for the selected Canvas View (8.3s)
  ok  5 [chromium] › tests\e2e\ux-stage2.spec.ts:13:3 › detection: existing label thumbnails, class filter and focus preserve original labels (11.4s)
  ok  6 [chromium] › tests\e2e\ux-stage2.spec.ts:13:3 › segmentation: existing label thumbnails, class filter and focus preserve original labels (11.4s)
  ok  7 [chromium] › tests\e2e\ux-stage2.spec.ts:58:1 › empty startup, compact dataset management and panel/tool navigation remain clear (10.8s)
  ok  8 [chromium] › tests\e2e\ux-stage2.spec.ts:101:1 › Template results lead diagnostics and real dry runs distinguish no targets from errors (18.5s)
  ok  9 [chromium] › tests\e2e\ux-stage2.spec.ts:153:3 › light: Review actions lead the panel and Mask classes have independent paint/visibility (9.3s)
  ok 10 [chromium] › tests\e2e\ux-stage2.spec.ts:153:3 › dark: Review actions lead the panel and Mask classes have independent paint/visibility (9.3s)
  ok 11 [chromium] › tests\e2e\workflow-switching.spec.ts:5:1 › workflow switching keeps workflow-specific panels and state coherent (8.3s)


  1) [chromium] › tests\e2e\alignment-history.spec.ts:61:1 › arrange/history: align-left, undo/redo, distribute, delete, undo-delete

    [31mTest timeout of 30000ms exceeded.[39m

    Error: page.goto: net::ERR_ABORTED; maybe frame was detached?
    Call log:
    [2m  - navigating to "http://127.0.0.1:4182/index.html", waiting until "domcontentloaded"[22m


      164 |   });
      165 |
    > 166 |   await page.goto("/index.html", { waitUntil: "domcontentloaded" });
          |              ^
      167 |   await expect.poll(() => page.evaluate(() => Boolean(Reflect.get(window, "__easyLabelingTestApi")))).toBe(true);
      168 |   await page.locator("#emptyOpenDatasetBtn").click();
      169 |
        at C:\Git\easy_labeling\tests\e2e\alignment-history.spec.ts:166:14

    Error Context: test-results\alignment-history-arrange--ffd1f-stribute-delete-undo-delete-chromium\error-context.md

  2) [chromium] › tests\e2e\alignment-history.spec.ts:293:1 › arrange/history: class-group selection restores exact geometry after align-left undo

    Error: Test timeout of 30000ms exceeded

      402 |   await expect.poll(async () => (await readSnapshot(page)).rectCount).toBe(3);
      403 |   await page.locator('[data-testid="select-group-0"]').click();
    > 404 |   await expect.poll(async () => (await readSnapshot(page)).selectedRectIds.length).toBe(3);
          |   ^
      405 |
      406 |   const before = await readSnapshot(page);
      407 |   const beforeById = new Map(before.geometries.map((geometry) => [geometry.annotationId, geometry]));
        at C:\Git\easy_labeling\tests\e2e\alignment-history.spec.ts:404:3

    Error Context: test-results\alignment-history-arrange--1e0b6-metry-after-align-left-undo-chromium\error-context.md

  2 failed
    [chromium] › tests\e2e\alignment-history.spec.ts:61:1 › arrange/history: align-left, undo/redo, distribute, delete, undo-delete
    [chromium] › tests\e2e\alignment-history.spec.ts:293:1 › arrange/history: class-group selection restores exact geometry after align-left undo
  9 passed (2.8m)
