
Running 59 tests using 1 worker

(node:43512) Warning: The 'NO_COLOR' env is ignored due to the 'FORCE_COLOR' env being set.
(Use `node --trace-warnings ...` to show where the warning was created)
(node:43512) Warning: The 'NO_COLOR' env is ignored due to the 'FORCE_COLOR' env being set.
(Use `node --trace-warnings ...` to show where the warning was created)
  ok  1 [chromium] › tests\e2e\alignment-history.spec.ts:61:1 › arrange/history: align-left, undo/redo, distribute, delete, undo-delete (6.9s)
  ok  2 [chromium] › tests\e2e\alignment-history.spec.ts:295:1 › arrange/history: class-group selection restores exact geometry after align-left undo (6.5s)
  ok  3 [chromium] › tests\e2e\automation-workflow.spec.ts:3:1 › layout and automation: modal management, both matching modes, and offscreen batch labeling (14.3s)
  ok  4 [chromium] › tests\e2e\bootstrap-smoke.spec.ts:3:1 › bootstrap-smoke: modular dist/main.js entry boots with parity defaults (4.8s)
  ok  5 [chromium] › tests\e2e\bootstrap-smoke.spec.ts:52:1 › bootstrap-smoke: 200 percent equivalent viewport keeps empty actions visible (4.4s)
  ok  6 [chromium] › tests\e2e\bootstrap-smoke.spec.ts:82:1 › bootstrap-smoke: matching startup failure stays actionable (474ms)
  ok  7 [chromium] › tests\e2e\class-file-profile.spec.ts:4:3 › Annotate: Class Info profile creates, edits and shares a class file across tabs (6.7s)
  ok  8 [chromium] › tests\e2e\class-file-profile.spec.ts:4:3 › Inference: Class Info profile creates, edits and shares a class file across tabs (6.7s)
  ok  9 [chromium] › tests\e2e\detection-bulk-operation.spec.ts:3:1 › shows progress while pasting 5,000 detection boxes and keeps the result undoable (22.0s)
  ok 10 [chromium] › tests\e2e\detection-render-performance.spec.ts:17:1 › keeps real Fabric render time bounded as detection box count grows (8.9s)
  ok 11 [chromium] › tests\e2e\filter-visibility.spec.ts:32:1 › filter visibility: class toggles, reset, persistence, and stability (6.0s)
  ok 12 [chromium] › tests\e2e\folder-switch-autosave.spec.ts:6:1 › folder-switch: autosave persists current labels before switching folders (6.1s)
  ok 13 [chromium] › tests\e2e\image-list-interactions.spec.ts:5:1 › image-list: search, box counts, and image navigation work together (6.1s)
  ok 14 [chromium] › tests\e2e\inference-electron.spec.ts:7:1 › Electron file:// ONNX runtime saves real result files and preserves the source labels (19.0s)
  ok 15 [chromium] › tests\e2e\inference.spec.ts:6:3 › YOLO unavailable GPU falls back to real CPU inference and updates the device display (7.2s)
  ok 16 [chromium] › tests\e2e\inference.spec.ts:6:3 › YOLO execution GPU falls back to real CPU inference and updates the device display (7.1s)
  ok 17 [chromium] › tests\e2e\inference.spec.ts:42:1 › selected ONNX filename survives loading and picker cancellation, with same-file reload (7.0s)
  x  18 [chromium] › tests\e2e\inference.spec.ts:79:1 › YOLO automatic GPU/CPU inference: 1ch/3ch NCHW/NHWC, batch results, safe source switching and themes (24.3s)
(node:62068) Warning: The 'NO_COLOR' env is ignored due to the 'FORCE_COLOR' env being set.
(Use `node --trace-warnings ...` to show where the warning was created)
(node:62068) Warning: The 'NO_COLOR' env is ignored due to the 'FORCE_COLOR' env being set.
(Use `node --trace-warnings ...` to show where the warning was created)
  ok 19 [chromium] › tests\e2e\inference.spec.ts:175:1 › batch inference rejects duplicate label filenames and model loading recovers after an invalid file (8.7s)
  ok 20 [chromium] › tests\e2e\label-folder-resolution.spec.ts:3:1 › parity: label-folder selection hook and autosave navigation bindings stay active (6.3s)
  ok 21 [chromium] › tests\e2e\layout-management.spec.ts:3:1 › layout setup creates from selected boxes and updates the saved layout (11.4s)
  ok 22 [chromium] › tests\e2e\missing-label-folder-focus.spec.ts:3:1 › keeps text and numeric inputs editable immediately after creating a missing label folder (7.5s)
  ok 23 [chromium] › tests\e2e\mobile-unsupported.spec.ts:3:1 › unsupported-env: mobile user agent triggers legacy mobile gate (402ms)
  ok 24 [chromium] › tests\e2e\review-queue.spec.ts:3:1 › review workspace filters quality findings, selects an affected box, navigates the queue, and restores review status (10.5s)
  ok 25 [chromium] › tests\e2e\sample-labels.spec.ts:4:1 › all bundled images load their own boxes and semantic masks in both workflows (29.1s)
  ok 26 [chromium] › tests\e2e\sample-test-data.spec.ts:3:1 › bundled sample test loads labeled cars and applies the prepared template layout (18.6s)
  ok 27 [chromium] › tests\e2e\segmentation-draw.spec.ts:5:1 › segmentation draw creates overlay state and enables undo (10.1s)
  ok 28 [chromium] › tests\e2e\segmentation-preprocessing-panel.spec.ts:3:1 › Image Preprocessing shows only settings for the selected Canvas View (7.7s)
  ok 29 [chromium] › tests\e2e\super-resolution-runtime.spec.ts:3:1 › all enhancement models prefer WebGPU when the adapter supports it (5.8s)
  ok 30 [chromium] › tests\e2e\ui-consistency.spec.ts:3:1 › merged editing workspaces retain dataset controls and compact status filters (9.4s)
  ok 31 [chromium] › tests\e2e\ui-consistency.spec.ts:46:1 › workbench controls keep a consistent rhythm across themes and compact viewports (8.2s)
  ok 32 [chromium] › tests\e2e\unsupported-env.spec.ts:3:1 › unsupported-env: missing File System Access API keeps the bundled sample available (6.0s)
  ok 33 [chromium] › tests\e2e\ux-stage1.spec.ts:13:3 › detection: numeric/button zoom and ROI selection preserve source labels (9.9s)
  ok 34 [chromium] › tests\e2e\ux-stage1.spec.ts:13:3 › segmentation: numeric/button zoom and ROI selection preserve source labels (8.3s)
  ok 35 [chromium] › tests\e2e\ux-stage1.spec.ts:64:1 › YOLOE popup keeps actions visible and shows preset/operation state (11.7s)
  ok 36 [chromium] › tests\e2e\ux-stage2.spec.ts:13:3 › detection: existing label thumbnails, class filter and focus preserve original labels (12.2s)
  ok 37 [chromium] › tests\e2e\ux-stage2.spec.ts:13:3 › segmentation: existing label thumbnails, class filter and focus preserve original labels (11.4s)
  ok 38 [chromium] › tests\e2e\ux-stage2.spec.ts:58:1 › empty startup, compact dataset management and panel/tool navigation remain clear (10.7s)
  ok 39 [chromium] › tests\e2e\ux-stage2.spec.ts:101:1 › Template results lead diagnostics and real dry runs distinguish no targets from errors (18.4s)
  ok 40 [chromium] › tests\e2e\ux-stage2.spec.ts:153:3 › light: Review actions lead the panel and Mask classes have independent paint/visibility (9.2s)
  ok 41 [chromium] › tests\e2e\ux-stage2.spec.ts:153:3 › dark: Review actions lead the panel and Mask classes have independent paint/visibility (8.8s)
  ok 42 [chromium] › tests\e2e\workflow-switching.spec.ts:5:1 › workflow switching keeps workflow-specific panels and state coherent (8.2s)
  ok 43 [chromium] › tests\e2e\yoloe.spec.ts:41:64 › multiple existing labels and persistent presets run all images with progress for detection (25.8s)
  ok 44 [chromium] › tests\e2e\yoloe.spec.ts:41:64 › multiple existing labels and persistent presets run all images with progress for segmentation (25.2s)
  ok 45 [chromium] › tests\e2e\yoloe.spec.ts:120:64 › brush and eraser samples preserve holes, islands and zoomed coordinates for detection (16.3s)
  ok 46 [chromium] › tests\e2e\yoloe.spec.ts:120:64 › brush and eraser samples preserve holes, islands and zoomed coordinates for segmentation (16.3s)
  ok 47 [chromium] › tests\e2e\yoloe.spec.ts:252:98 › named mask samples find and save detection results at 1024 without changing source labels (12.6s)
  ok 48 [chromium] › tests\e2e\yoloe.spec.ts:252:98 › named mask samples find and save detection results at 2048 without changing source labels (12.6s)
  ok 49 [chromium] › tests\e2e\yoloe.spec.ts:252:98 › named mask samples find and save segmentation results at 1024 without changing source labels (13.0s)
  ok 50 [chromium] › tests\e2e\yoloe.spec.ts:252:98 › named mask samples find and save segmentation results at 2048 without changing source labels (12.9s)
  ok 51 [chromium] › tests\e2e\yoloe.spec.ts:341:1 › YOLOE setup fits a narrow viewport, follows the theme, and keeps settings after closing (7.5s)
  ok 52 [chromium] › tests\e2e\yoloe.spec.ts:366:64 › popup zoom and pan preserve sample coordinates and preview detection on its selected image (9.3s)
  ok 53 [chromium] › tests\e2e\yoloe.spec.ts:366:64 › popup zoom and pan preserve sample coordinates and preview segmentation on its selected image (9.8s)
  ok 54 [chromium] › tests\e2e\yoloe.spec.ts:465:1 › YOLOE reports unavailable service, missing models and stale API without repeated requests (6.2s)
  ok 55 [chromium] › tests\e2e\yoloe.spec.ts:489:64 › CPU defaults to n and model changes re-encode samples for detection (12.9s)
  ok 56 [chromium] › tests\e2e\yoloe.spec.ts:489:64 › CPU defaults to n and model changes re-encode samples for segmentation (13.4s)
  ok 57 [chromium] › tests\e2e\yoloe.spec.ts:531:1 › existing mask labels become pixel-accurate samples without modifying the source (10.4s)
  ok 58 [chromium] › tests\e2e\yoloe.spec.ts:598:1 › existing box prompts and settings remain available, with cancellation preserving labels (13.1s)
  ok 59 [chromium] › tests\e2e\yoloe.spec.ts:638:1 › existing Detection boxes can be imported inside the popup from different images without main selection (9.2s)


  1) [chromium] › tests\e2e\inference.spec.ts:79:1 › YOLO automatic GPU/CPU inference: 1ch/3ch NCHW/NHWC, batch results, safe source switching and themes

    Error: UNKNOWN: unknown error, open 'C:\Git\easy_labeling\output\playwright\inference-light.png'

      164 |   await page.locator("#selectInferenceModelBtn").scrollIntoViewIfNeeded();
      165 |   await expect(page.locator(".toast-message")).toHaveCount(0, { timeout: 10_000 });
    > 166 |   await page.screenshot({ path: "output/playwright/inference-light.png" });
          |   ^
      167 |   await page.locator('label[for="darkModeToggle"]').click();
      168 |   await page.screenshot({ path: "output/playwright/inference-dark.png" });
      169 |   await page.locator("#taskReviewBtn").click();
        at C:\Git\easy_labeling\tests\e2e\inference.spec.ts:166:3

    Error Context: test-results\inference-YOLO-automatic-G-21609-source-switching-and-themes-chromium\error-context.md

  1 failed
    [chromium] › tests\e2e\inference.spec.ts:79:1 › YOLO automatic GPU/CPU inference: 1ch/3ch NCHW/NHWC, batch results, safe source switching and themes
  58 passed (10.7m)
