
Running 59 tests using 1 worker

(node:54588) Warning: The 'NO_COLOR' env is ignored due to the 'FORCE_COLOR' env being set.
(Use `node --trace-warnings ...` to show where the warning was created)
(node:54588) Warning: The 'NO_COLOR' env is ignored due to the 'FORCE_COLOR' env being set.
(Use `node --trace-warnings ...` to show where the warning was created)
  x   1 [chromium] › tests\e2e\alignment-history.spec.ts:61:1 › arrange/history: align-left, undo/redo, distribute, delete, undo-delete (30.1s)
(node:50684) Warning: The 'NO_COLOR' env is ignored due to the 'FORCE_COLOR' env being set.
(Use `node --trace-warnings ...` to show where the warning was created)
(node:50684) Warning: The 'NO_COLOR' env is ignored due to the 'FORCE_COLOR' env being set.
(Use `node --trace-warnings ...` to show where the warning was created)
  ok  2 [chromium] › tests\e2e\alignment-history.spec.ts:293:1 › arrange/history: class-group selection restores exact geometry after align-left undo (6.3s)
  ok  3 [chromium] › tests\e2e\automation-workflow.spec.ts:3:1 › layout and automation: modal management, both matching modes, and offscreen batch labeling (14.3s)
  ok  4 [chromium] › tests\e2e\bootstrap-smoke.spec.ts:3:1 › bootstrap-smoke: modular dist/main.js entry boots with parity defaults (5.3s)
  ok  5 [chromium] › tests\e2e\bootstrap-smoke.spec.ts:52:1 › bootstrap-smoke: 200 percent equivalent viewport keeps empty actions visible (5.4s)
  ok  6 [chromium] › tests\e2e\bootstrap-smoke.spec.ts:82:1 › bootstrap-smoke: matching startup failure stays actionable (472ms)
  ok  7 [chromium] › tests\e2e\class-file-profile.spec.ts:4:3 › Annotate: Class Info profile creates, edits and shares a class file across tabs (6.7s)
  ok  8 [chromium] › tests\e2e\class-file-profile.spec.ts:4:3 › Inference: Class Info profile creates, edits and shares a class file across tabs (6.7s)
  ok  9 [chromium] › tests\e2e\detection-bulk-operation.spec.ts:3:1 › shows progress while pasting 5,000 detection boxes and keeps the result undoable (21.2s)
  ok 10 [chromium] › tests\e2e\detection-render-performance.spec.ts:17:1 › keeps real Fabric render time bounded as detection box count grows (9.0s)
  ok 11 [chromium] › tests\e2e\filter-visibility.spec.ts:32:1 › filter visibility: class toggles, reset, persistence, and stability (6.6s)
  ok 12 [chromium] › tests\e2e\folder-switch-autosave.spec.ts:6:1 › folder-switch: autosave persists current labels before switching folders (6.0s)
  ok 13 [chromium] › tests\e2e\image-list-interactions.spec.ts:5:1 › image-list: search, box counts, and image navigation work together (5.5s)
  ok 14 [chromium] › tests\e2e\inference-electron.spec.ts:7:1 › Electron file:// ONNX runtime saves real result files and preserves the source labels (18.9s)
  ok 15 [chromium] › tests\e2e\inference.spec.ts:6:3 › YOLO unavailable GPU falls back to real CPU inference and updates the device display (7.8s)
  ok 16 [chromium] › tests\e2e\inference.spec.ts:6:3 › YOLO execution GPU falls back to real CPU inference and updates the device display (7.4s)
  ok 17 [chromium] › tests\e2e\inference.spec.ts:42:1 › selected ONNX filename survives loading and picker cancellation, with same-file reload (7.1s)
  ok 18 [chromium] › tests\e2e\inference.spec.ts:79:1 › YOLO automatic GPU/CPU inference: 1ch/3ch NCHW/NHWC, batch results, safe source switching and themes (25.4s)
  ok 19 [chromium] › tests\e2e\inference.spec.ts:175:1 › batch inference rejects duplicate label filenames and model loading recovers after an invalid file (10.6s)
  ok 20 [chromium] › tests\e2e\label-folder-resolution.spec.ts:3:1 › parity: label-folder selection hook and autosave navigation bindings stay active (6.6s)
  ok 21 [chromium] › tests\e2e\layout-management.spec.ts:3:1 › layout setup creates from selected boxes and updates the saved layout (11.7s)
  ok 22 [chromium] › tests\e2e\missing-label-folder-focus.spec.ts:3:1 › keeps text and numeric inputs editable immediately after creating a missing label folder (7.5s)
  ok 23 [chromium] › tests\e2e\mobile-unsupported.spec.ts:3:1 › unsupported-env: mobile user agent triggers legacy mobile gate (390ms)
  ok 24 [chromium] › tests\e2e\review-queue.spec.ts:3:1 › review workspace filters quality findings, selects an affected box, navigates the queue, and restores review status (10.4s)
  ok 25 [chromium] › tests\e2e\sample-labels.spec.ts:4:1 › all bundled images load their own boxes and semantic masks in both workflows (29.4s)
  ok 26 [chromium] › tests\e2e\sample-test-data.spec.ts:3:1 › bundled sample test loads labeled cars and applies the prepared template layout (18.7s)
  x  27 [chromium] › tests\e2e\segmentation-draw.spec.ts:5:1 › segmentation draw creates overlay state and enables undo (16.8s)
(node:21096) Warning: The 'NO_COLOR' env is ignored due to the 'FORCE_COLOR' env being set.
(Use `node --trace-warnings ...` to show where the warning was created)
(node:21096) Warning: The 'NO_COLOR' env is ignored due to the 'FORCE_COLOR' env being set.
(Use `node --trace-warnings ...` to show where the warning was created)
  x  28 [chromium] › tests\e2e\segmentation-preprocessing-panel.spec.ts:3:1 › Image Preprocessing shows only settings for the selected Canvas View (16.8s)
(node:8424) Warning: The 'NO_COLOR' env is ignored due to the 'FORCE_COLOR' env being set.
(Use `node --trace-warnings ...` to show where the warning was created)
(node:8424) Warning: The 'NO_COLOR' env is ignored due to the 'FORCE_COLOR' env being set.
(Use `node --trace-warnings ...` to show where the warning was created)
  ok 29 [chromium] › tests\e2e\super-resolution-runtime.spec.ts:3:1 › all enhancement models prefer WebGPU when the adapter supports it (6.3s)
  ok 30 [chromium] › tests\e2e\ui-consistency.spec.ts:3:1 › merged editing workspaces retain dataset controls and compact status filters (9.4s)
  ok 31 [chromium] › tests\e2e\ui-consistency.spec.ts:46:1 › workbench controls keep a consistent rhythm across themes and compact viewports (8.8s)
  ok 32 [chromium] › tests\e2e\unsupported-env.spec.ts:3:1 › unsupported-env: missing File System Access API keeps the bundled sample available (6.0s)
  ok 33 [chromium] › tests\e2e\ux-stage1.spec.ts:13:3 › detection: numeric/button zoom and ROI selection preserve source labels (9.4s)
  ok 34 [chromium] › tests\e2e\ux-stage1.spec.ts:13:3 › segmentation: numeric/button zoom and ROI selection preserve source labels (8.4s)
  ok 35 [chromium] › tests\e2e\ux-stage1.spec.ts:64:1 › YOLOE popup keeps actions visible and shows preset/operation state (12.3s)
  ok 36 [chromium] › tests\e2e\ux-stage2.spec.ts:13:3 › detection: existing label thumbnails, class filter and focus preserve original labels (12.8s)
  ok 37 [chromium] › tests\e2e\ux-stage2.spec.ts:13:3 › segmentation: existing label thumbnails, class filter and focus preserve original labels (12.9s)
  x  38 [chromium] › tests\e2e\ux-stage2.spec.ts:58:1 › empty startup, compact dataset management and panel/tool navigation remain clear (19.4s)
(node:14260) Warning: The 'NO_COLOR' env is ignored due to the 'FORCE_COLOR' env being set.
(Use `node --trace-warnings ...` to show where the warning was created)
(node:14260) Warning: The 'NO_COLOR' env is ignored due to the 'FORCE_COLOR' env being set.
(Use `node --trace-warnings ...` to show where the warning was created)
  ok 39 [chromium] › tests\e2e\ux-stage2.spec.ts:96:1 › Template results lead diagnostics and real dry runs distinguish no targets from errors (17.1s)
  ok 40 [chromium] › tests\e2e\ux-stage2.spec.ts:147:3 › light: Review actions lead the panel and Mask classes have independent paint/visibility (9.3s)
  ok 41 [chromium] › tests\e2e\ux-stage2.spec.ts:147:3 › dark: Review actions lead the panel and Mask classes have independent paint/visibility (9.5s)
  x  42 [chromium] › tests\e2e\workflow-switching.spec.ts:5:1 › workflow switching keeps workflow-specific panels and state coherent (17.2s)
(node:40920) Warning: The 'NO_COLOR' env is ignored due to the 'FORCE_COLOR' env being set.
(Use `node --trace-warnings ...` to show where the warning was created)
(node:40920) Warning: The 'NO_COLOR' env is ignored due to the 'FORCE_COLOR' env being set.
(Use `node --trace-warnings ...` to show where the warning was created)
  ok 43 [chromium] › tests\e2e\yoloe.spec.ts:41:64 › multiple existing labels and persistent presets run all images with progress for detection (27.1s)
  ok 44 [chromium] › tests\e2e\yoloe.spec.ts:41:64 › multiple existing labels and persistent presets run all images with progress for segmentation (25.7s)
  ok 45 [chromium] › tests\e2e\yoloe.spec.ts:120:64 › brush and eraser samples preserve holes, islands and zoomed coordinates for detection (17.0s)
  ok 46 [chromium] › tests\e2e\yoloe.spec.ts:120:64 › brush and eraser samples preserve holes, islands and zoomed coordinates for segmentation (16.7s)
  ok 47 [chromium] › tests\e2e\yoloe.spec.ts:252:98 › named mask samples find and save detection results at 1024 without changing source labels (13.5s)
  ok 48 [chromium] › tests\e2e\yoloe.spec.ts:252:98 › named mask samples find and save detection results at 2048 without changing source labels (13.4s)
  ok 49 [chromium] › tests\e2e\yoloe.spec.ts:252:98 › named mask samples find and save segmentation results at 1024 without changing source labels (13.6s)
  ok 50 [chromium] › tests\e2e\yoloe.spec.ts:252:98 › named mask samples find and save segmentation results at 2048 without changing source labels (14.5s)
  ok 51 [chromium] › tests\e2e\yoloe.spec.ts:341:1 › YOLOE setup fits a narrow viewport, follows the theme, and keeps settings after closing (7.4s)
  ok 52 [chromium] › tests\e2e\yoloe.spec.ts:366:64 › popup zoom and pan preserve sample coordinates and preview detection on its selected image (9.3s)
  ok 53 [chromium] › tests\e2e\yoloe.spec.ts:366:64 › popup zoom and pan preserve sample coordinates and preview segmentation on its selected image (10.2s)
  ok 54 [chromium] › tests\e2e\yoloe.spec.ts:465:1 › YOLOE reports unavailable service, missing models and stale API without repeated requests (6.3s)
  ok 55 [chromium] › tests\e2e\yoloe.spec.ts:489:64 › CPU defaults to n and model changes re-encode samples for detection (13.0s)
  ok 56 [chromium] › tests\e2e\yoloe.spec.ts:489:64 › CPU defaults to n and model changes re-encode samples for segmentation (13.9s)
  ok 57 [chromium] › tests\e2e\yoloe.spec.ts:531:1 › existing mask labels become pixel-accurate samples without modifying the source (10.6s)
  ok 58 [chromium] › tests\e2e\yoloe.spec.ts:598:1 › existing box prompts and settings remain available, with cancellation preserving labels (13.1s)
  ok 59 [chromium] › tests\e2e\yoloe.spec.ts:638:1 › existing Detection boxes can be imported inside the popup from different images without main selection (9.7s)


  1) [chromium] › tests\e2e\alignment-history.spec.ts:61:1 › arrange/history: align-left, undo/redo, distribute, delete, undo-delete

    [31mTest timeout of 30000ms exceeded.[39m

    Error: locator.click: Test timeout of 30000ms exceeded.
    Call log:
    [2m  - waiting for locator('#selectImageFolderBtn')[22m
    [2m    - locator resolved to <button type="button" title="Open Dataset" class="btn btn-primary" id="selectImageFolderBtn" aria-label="Open Dataset" data-ui="load-image-folder">Open Dataset</button>[22m
    [2m  - attempting click action[22m
    [2m    2 × waiting for element to be visible, enabled and stable[22m
    [2m      - element is visible, enabled and stable[22m
    [2m      - scrolling into view if needed[22m
    [2m      - done scrolling[22m
    [2m      - <div class="main-container">…</div> intercepts pointer events[22m
    [2m    - retrying click action[22m
    [2m    - waiting 20ms[22m
    [2m    2 × waiting for element to be visible, enabled and stable[22m
    [2m      - element is visible, enabled and stable[22m
    [2m      - scrolling into view if needed[22m
    [2m      - done scrolling[22m
    [2m      - <div class="main-container">…</div> intercepts pointer events[22m
    [2m    - retrying click action[22m
    [2m      - waiting 100ms[22m
    [2m    7 × waiting for element to be visible, enabled and stable[22m
    [2m      - element is visible, enabled and stable[22m
    [2m      - scrolling into view if needed[22m
    [2m      - done scrolling[22m
    [2m      - <div class="main-container">…</div> intercepts pointer events[22m
    [2m    - retrying click action[22m
    [2m      - waiting 500ms[22m


      166 |   await page.goto("/index.html", { waitUntil: "domcontentloaded" });
      167 |   await expect.poll(() => page.evaluate(() => Boolean(Reflect.get(window, "__easyLabelingTestApi")))).toBe(true);
    > 168 |   await page.locator("#selectImageFolderBtn").click();
          |                                               ^
      169 |
      170 |   await expect.poll(async () => (await readSnapshot(page)).rectCount).toBe(3);
      171 |   await expect.poll(async () => (await readSnapshot(page)).labelRowCount).toBe(3);
        at C:\Git\easy_labeling\tests\e2e\alignment-history.spec.ts:168:47

    Error Context: test-results\alignment-history-arrange--ffd1f-stribute-delete-undo-delete-chromium\error-context.md

  2) [chromium] › tests\e2e\segmentation-draw.spec.ts:5:1 › segmentation draw creates overlay state and enables undo

    Error: [2mexpect([22m[31mlocator[39m[2m).[22mtoHaveText[2m([22m[32mexpected[39m[2m)[22m failed

    Locator: locator('#segmentationEdgeSamInputSelect option')
    Timeout: 10000ms
    [32m- Expected  - 2[39m
    [31m+ Received  + 2[39m

    [2m  Array [[22m
    [2m    "Original",[22m
    [32m-   "Original Processed",[39m
    [31m+   "Processed original",[39m
    [2m    "AI",[22m
    [32m-   "Processed AI",[39m
    [31m+   "Processed AI ROI",[39m
    [2m  ][22m

    Call log:
    [2m  - Expect "toHaveText" with timeout 10000ms[22m
    [2m  - waiting for locator('#segmentationEdgeSamInputSelect option')[22m
    [2m    14 × locator resolved to 4 elements[22m


      144 |   await expect(page.locator("#segmentationPreprocessSettingsGroup")).toBeHidden();
      145 |   await expect(page.locator("#segmentationSuperResolutionSelect option")).toHaveText(["Off", "CFSR x2", "CFSR x4"]);
    > 146 |   await expect(page.locator("#segmentationEdgeSamInputSelect option")).toHaveText(["Original", "Original Processed", "AI", "Processed AI"]);
          |                                                                        ^
      147 |   await expect(page.locator("#segmentationSuperpixelInputSelect option")).toHaveText(["Original", "Original Processed", "AI", "Processed AI"]);
      148 |   const viewButtonTopOffsets = await page.locator(".segmentation-preprocessing-toggle .btn").evaluateAll((buttons) =>
      149 |     buttons.map((button) => button.getBoundingClientRect().top)
        at C:\Git\easy_labeling\tests\e2e\segmentation-draw.spec.ts:146:72

    Error Context: test-results\segmentation-draw-segmenta-f0a73-rlay-state-and-enables-undo-chromium\error-context.md

  3) [chromium] › tests\e2e\segmentation-preprocessing-panel.spec.ts:3:1 › Image Preprocessing shows only settings for the selected Canvas View

    Error: [2mexpect([22m[31mlocator[39m[2m).[22mtoHaveText[2m([22m[32mexpected[39m[2m)[22m failed

    Locator: locator('#segmentationEdgeSamInputSelect option')
    Timeout: 10000ms
    [32m- Expected  - 2[39m
    [31m+ Received  + 2[39m

    [2m  Array [[22m
    [2m    "Original",[22m
    [32m-   "Original Processed",[39m
    [31m+   "Processed original",[39m
    [2m    "AI",[22m
    [32m-   "Processed AI",[39m
    [31m+   "Processed AI ROI",[39m
    [2m  ][22m

    Call log:
    [2m  - Expect "toHaveText" with timeout 10000ms[22m
    [2m  - waiting for locator('#segmentationEdgeSamInputSelect option')[22m
    [2m    13 × locator resolved to 4 elements[22m


      16 |   await expect(page.locator("#segmentationViewSrBtn")).toHaveText("AI");
      17 |   await expect(page.locator("#segmentationPreprocessSourceSelect option")).toHaveText(["Original", "AI"]);
    > 18 |   await expect(page.locator("#segmentationEdgeSamInputSelect option")).toHaveText(["Original", "Original Processed", "AI", "Processed AI"]);
         |                                                                        ^
      19 |   await expect(page.locator("#segmentationSuperpixelInputSelect option")).toHaveText(["Original", "Original Processed", "AI", "Processed AI"]);
      20 |   await expect(srSettings).toBeHidden();
      21 |   await expect(processedSettings).toBeHidden();
        at C:\Git\easy_labeling\tests\e2e\segmentation-preprocessing-panel.spec.ts:18:72

    Error Context: test-results\segmentation-preprocessing-c8fd3-or-the-selected-Canvas-View-chromium\error-context.md

  4) [chromium] › tests\e2e\ux-stage2.spec.ts:58:1 › empty startup, compact dataset management and panel/tool navigation remain clear

    Error: [2mexpect([22m[31mlocator[39m[2m).[22mtoBeVisible[2m([22m[2m)[22m failed

    Locator:  locator('#segmentationAutoFillClosedRegionGroup')
    Expected: visible
    Received: hidden
    Timeout:  10000ms

    Call log:
    [2m  - Expect "toBeVisible" with timeout 10000ms[22m
    [2m  - waiting for locator('#segmentationAutoFillClosedRegionGroup')[22m
    [2m    14 × locator resolved to <label hidden="" id="segmentationAutoFillClosedRegionGroup" data-ui="segmentation-auto-fill-closed-region-group" class="form-check form-switch mb-0 segmentation-mode-option">…</label>[22m
    [2m       - unexpected value "hidden"[22m


      87 |     if (tool === "Brush" || tool === "Erase") await expect(page.locator("#segmentationToolSizeSection")).toBeVisible();
      88 |     else await expect(page.locator("#segmentationToolSizeSection")).toBeHidden();
    > 89 |     if (tool === "Brush") await expect(page.locator("#segmentationAutoFillClosedRegionGroup")).toBeVisible();
         |                                                                                                ^
      90 |     else await expect(page.locator("#segmentationAutoFillClosedRegionGroup")).toBeHidden();
      91 |   }
      92 |   await page.locator("#taskSuperpixelBtn").click();
        at C:\Git\easy_labeling\tests\e2e\ux-stage2.spec.ts:89:96

    Error Context: test-results\ux-stage2-empty-startup-co-52905-ool-navigation-remain-clear-chromium\error-context.md

  5) [chromium] › tests\e2e\workflow-switching.spec.ts:5:1 › workflow switching keeps workflow-specific panels and state coherent

    Error: [2mexpect([22m[31mlocator[39m[2m).[22mtoBeVisible[2m([22m[2m)[22m failed

    Locator: locator('#segmentationClassSection')
    Expected: visible
    Timeout: 10000ms
    Error: element(s) not found

    Call log:
    [2m  - Expect "toBeVisible" with timeout 10000ms[22m
    [2m  - waiting for locator('#segmentationClassSection')[22m


      207 |   await expect(page.locator("#right-panel")).not.toHaveClass(/collapsed/);
      208 |   await expect(page.locator("#inspectorTitle")).toHaveText("Mask Inspector");
    > 209 |   await expect(page.locator("#segmentationClassSection")).toBeVisible();
          |                                                           ^
      210 |   await expect(page.locator("#detectionLeftWorkspace")).toBeHidden();
      211 |   await expect(page.locator("#segmentationDisplayWorkspace")).toBeVisible();
      212 |   await expect(page.locator("#left-panel #segmentationDisplaySection")).toBeVisible();
        at C:\Git\easy_labeling\tests\e2e\workflow-switching.spec.ts:209:59

    Error Context: test-results\workflow-switching-workflo-fe717-c-panels-and-state-coherent-chromium\error-context.md

  5 failed
    [chromium] › tests\e2e\alignment-history.spec.ts:61:1 › arrange/history: align-left, undo/redo, distribute, delete, undo-delete
    [chromium] › tests\e2e\segmentation-draw.spec.ts:5:1 › segmentation draw creates overlay state and enables undo
    [chromium] › tests\e2e\segmentation-preprocessing-panel.spec.ts:3:1 › Image Preprocessing shows only settings for the selected Canvas View
    [chromium] › tests\e2e\ux-stage2.spec.ts:58:1 › empty startup, compact dataset management and panel/tool navigation remain clear
    [chromium] › tests\e2e\workflow-switching.spec.ts:5:1 › workflow switching keeps workflow-specific panels and state coherent
  54 passed (12.0m)
