
Running 9 tests using 1 worker

(node:50336) Warning: The 'NO_COLOR' env is ignored due to the 'FORCE_COLOR' env being set.
(Use `node --trace-warnings ...` to show where the warning was created)
(node:50336) Warning: The 'NO_COLOR' env is ignored due to the 'FORCE_COLOR' env being set.
(Use `node --trace-warnings ...` to show where the warning was created)
  ok 1 [chromium] › tests\e2e\automation-workflow.spec.ts:3:1 › layout and automation: modal management, both matching modes, and offscreen batch labeling (48.9s)
  ok 2 [chromium] › tests\e2e\class-file-profile.spec.ts:4:3 › Annotate: Class Info profile creates, edits and shares a class file across tabs (6.9s)
  ok 3 [chromium] › tests\e2e\class-file-profile.spec.ts:4:3 › Inference: Class Info profile creates, edits and shares a class file across tabs (6.8s)
  ok 4 [chromium] › tests\e2e\ux-stage2.spec.ts:13:3 › detection: existing label thumbnails, class filter and focus preserve original labels (11.4s)
  ok 5 [chromium] › tests\e2e\ux-stage2.spec.ts:13:3 › segmentation: existing label thumbnails, class filter and focus preserve original labels (11.9s)
  x  6 [chromium] › tests\e2e\ux-stage2.spec.ts:58:1 › empty startup, compact dataset management and panel/tool navigation remain clear (18.1s)
(node:25048) Warning: The 'NO_COLOR' env is ignored due to the 'FORCE_COLOR' env being set.
(Use `node --trace-warnings ...` to show where the warning was created)
(node:25048) Warning: The 'NO_COLOR' env is ignored due to the 'FORCE_COLOR' env being set.
(Use `node --trace-warnings ...` to show where the warning was created)
  ok 7 [chromium] › tests\e2e\ux-stage2.spec.ts:96:1 › Template results lead diagnostics and real dry runs distinguish no targets from errors (15.7s)
  ok 8 [chromium] › tests\e2e\ux-stage2.spec.ts:147:3 › light: Review actions lead the panel and Mask classes have independent paint/visibility (9.3s)
  ok 9 [chromium] › tests\e2e\ux-stage2.spec.ts:147:3 › dark: Review actions lead the panel and Mask classes have independent paint/visibility (9.4s)


  1) [chromium] › tests\e2e\ux-stage2.spec.ts:58:1 › empty startup, compact dataset management and panel/tool navigation remain clear

    Error: [2mexpect([22m[31mlocator[39m[2m).[22mtoBeFocused[2m([22m[2m)[22m failed

    Locator:  locator('#collapse-left-panel-btn')
    Expected: focused
    Received: inactive
    Timeout:  10000ms

    Call log:
    [2m  - Expect "toBeFocused" with timeout 10000ms[22m
    [2m  - waiting for locator('#collapse-left-panel-btn')[22m
    [2m    14 × locator resolved to <button type="button" class="panel-icon-button" id="collapse-left-panel-btn" title="Collapse files panel" aria-label="Collapse files panel">…</button>[22m
    [2m       - unexpected value "inactive"[22m


      75 |   await expect(page.locator("#expand-left-panel-btn")).toBeFocused();
      76 |   await page.locator("#expand-left-panel-btn").click();
    > 77 |   await expect(page.locator("#collapse-left-panel-btn")).toBeFocused();
         |                                                          ^
      78 |   await page.locator("#left-panel .panel-content").evaluate((panel) => { panel.scrollTop = panel.scrollHeight; });
      79 |   await page.locator("#taskInferenceBtn").click();
      80 |   await expect.poll(() => page.locator("#left-panel .panel-content").evaluate((panel) => panel.scrollTop)).toBe(0);
        at C:\Git\easy_labeling\tests\e2e\ux-stage2.spec.ts:77:58

    Error Context: test-results\ux-stage2-empty-startup-co-52905-ool-navigation-remain-clear-chromium\error-context.md

  1 failed
    [chromium] › tests\e2e\ux-stage2.spec.ts:58:1 › empty startup, compact dataset management and panel/tool navigation remain clear
  8 passed (2.3m)
