READY: smoke_1ch [{'name': 'images', 'shape': [1, 1, 128, 128], 'type': 'tensor(float)'}] -> [{'name': 'output0', 'shape': [1, 5, 336], 'type': 'tensor(float)'}]
Ultralytics 8.4.168  Python-3.11.13 torch-2.11.0+cu130 CPU (AMD Ryzen 7 7800X3D 8-Core Processor)
YOLO26m-gray-w0844 summary (fused): 130 layers, 14,497,707 parameters, 0 gradients, 48.6 GFLOPs

[34m[1mPyTorch:[0m starting from 'C:\Git\easy_labeling\output\ym-yolo-inference-20261003\models\cells_1ch_w0844\best.pt' with input shape (1, 1, 640, 640) BCHW and output shape(s) (1, 5, 8400) (30.0 MB)

[34m[1mONNX:[0m starting export with onnx 1.23.1 opset 18...
[34m[1mONNX:[0m export success  1.2s, saved as 'C:\Git\easy_labeling\output\ym-yolo-inference-20261003\models\cells_1ch_w0844\best.onnx' (55.5 MB)

Export complete (1.7s)
Results saved to [1mC:\Git\easy_labeling\output\ym-yolo-inference-20261003\models\cells_1ch_w0844\best.onnx[0m
Predict:         yolo predict task=detect model=C:\Git\easy_labeling\output\ym-yolo-inference-20261003\models\cells_1ch_w0844\best.onnx imgsz=640
Validate:        yolo val task=detect model=C:\Git\easy_labeling\output\ym-yolo-inference-20261003\models\cells_1ch_w0844\best.onnx imgsz=640 data=C:\Git\ym_yolo\results\configs\config_data.yaml
Visualize:       https://netron.app
READY: cells_1ch_w0844 [{'name': 'images', 'shape': [1, 1, 640, 640], 'type': 'tensor(float)'}] -> [{'name': 'output0', 'shape': [1, 5, 8400], 'type': 'tensor(float)'}]
Ultralytics 8.4.168  Python-3.11.13 torch-2.11.0+cu130 CPU (AMD Ryzen 7 7800X3D 8-Core Processor)
YOLO26m summary (fused): 130 layers, 20,350,223 parameters, 0 gradients, 68.1 GFLOPs

[34m[1mPyTorch:[0m starting from 'C:\Git\easy_labeling\output\ym-yolo-inference-20261003\models\cells_3ch\best.pt' with input shape (1, 3, 640, 640) BCHW and output shape(s) (1, 5, 8400) (42.0 MB)

[34m[1mONNX:[0m starting export with onnx 1.23.1 opset 18...
[34m[1mONNX:[0m export success  1.1s, saved as 'C:\Git\easy_labeling\output\ym-yolo-inference-20261003\models\cells_3ch\best.onnx' (77.9 MB)

Export complete (1.5s)
Results saved to [1mC:\Git\easy_labeling\output\ym-yolo-inference-20261003\models\cells_3ch\best.onnx[0m
Predict:         yolo predict task=detect model=C:\Git\easy_labeling\output\ym-yolo-inference-20261003\models\cells_3ch\best.onnx imgsz=640
Validate:        yolo val task=detect model=C:\Git\easy_labeling\output\ym-yolo-inference-20261003\models\cells_3ch\best.onnx imgsz=640 data=C:\Git\ym_yolo\results\benchmarks\yolo26m_entrypoints_20261002\data\3ch.yaml
Visualize:       https://netron.app
READY: cells_3ch [{'name': 'images', 'shape': [1, 3, 640, 640], 'type': 'tensor(float)'}] -> [{'name': 'output0', 'shape': [1, 5, 8400], 'type': 'tensor(float)'}]
